ARM Linker, 5.02 [Build 28] [MDK-ARM Lite]

==============================================================================

Section Cross References

    stm32f4xx_adc.o(.text) refers to stm32f4xx_rcc.o(.text) for RCC_APB2PeriphResetCmd
    stm32f4xx_gpio.o(.text) refers to stm32f4xx_rcc.o(.text) for RCC_AHB1PeriphResetCmd
    stm32f4xx_rcc.o(.text) refers to stm32f4xx_rcc.o(.data) for APBAHBPrescTable
    stm32f4xx_spi.o(.text) refers to stm32f4xx_rcc.o(.text) for RCC_APB2PeriphResetCmd
    stm32f4xx_syscfg.o(.text) refers to stm32f4xx_rcc.o(.text) for RCC_APB2PeriphResetCmd
    stm32f4xx_tim.o(.text) refers to stm32f4xx_rcc.o(.text) for RCC_APB2PeriphResetCmd
    stm32f4xx_usart.o(.text) refers to stm32f4xx_rcc.o(.text) for RCC_APB2PeriphResetCmd
    main.o(.text) refers to _printf_pad.o(.text) for _printf_pre_padding
    main.o(.text) refers to _printf_percent.o(.ARM.Collect$$_printf_percent$$00000000) for _printf_percent
    main.o(.text) refers to _printf_d.o(.ARM.Collect$$_printf_percent$$00000009) for _printf_d
    main.o(.text) refers to _printf_dec.o(.text) for _printf_int_dec
    main.o(.text) refers to adc.o(.text) for readADC
    main.o(.text) refers to encoder.o(.text) for getRightEncCount
    main.o(.text) refers to noretval__2printf.o(.text) for __2printf
    main.o(.text) refers to stm32f4xx_gpio.o(.text) for GPIO_SetBits
    main.o(.text) refers to buzzer.o(.text) for shortBeep
    main.o(.text) refers to delay.o(.text) for delay_ms
    main.o(.text) refers to sensor_function.o(.text) for readSensor
    main.o(.text) refers to pwm.o(.text) for setLeftPwm
    main.o(.text) refers to led.o(.text) for LED_Configuration
    main.o(.text) refers to button.o(.text) for button_Configuration
    main.o(.text) refers to usart.o(.text) for usart1_Configuration
    main.o(.text) refers to sensor_function.o(.data) for voltage
    main.o(.text) refers to main.o(.constdata) for .constdata
    stm32f4xx_it.o(.text) refers to main.o(.text) for systick
    stm32f4xx_it.o(.text) refers to stm32f4xx_exti.o(.text) for EXTI_GetITStatus
    stm32f4xx_it.o(.text) refers to delay.o(.text) for delay_ms
    stm32f4xx_it.o(.text) refers to delay.o(.data) for Millis
    stm32f4xx_it.o(.text) refers to buzzer.o(.data) for buzzerTime
    delay.o(.text) refers to system_stm32f4xx.o(.text) for SystemInit
    delay.o(.text) refers to misc.o(.text) for NVIC_PriorityGroupConfig
    delay.o(.text) refers to system_stm32f4xx.o(.data) for SystemCoreClock
    delay.o(.text) refers to delay.o(.data) for Millis
    led.o(.text) refers to stm32f4xx_rcc.o(.text) for RCC_AHB1PeriphClockCmd
    led.o(.text) refers to stm32f4xx_gpio.o(.text) for GPIO_Init
    button.o(.text) refers to stm32f4xx_rcc.o(.text) for RCC_APB2PeriphClockCmd
    button.o(.text) refers to stm32f4xx_gpio.o(.text) for GPIO_Init
    button.o(.text) refers to stm32f4xx_syscfg.o(.text) for SYSCFG_EXTILineConfig
    button.o(.text) refers to stm32f4xx_exti.o(.text) for EXTI_Init
    button.o(.text) refers to misc.o(.text) for NVIC_Init
    usart.o(.rev16_text) refers (Special) to use_no_semi_2.o(.text) for __use_no_semihosting
    usart.o(.revsh_text) refers (Special) to use_no_semi_2.o(.text) for __use_no_semihosting
    usart.o(.text) refers (Special) to use_no_semi_2.o(.text) for __use_no_semihosting
    usart.o(.text) refers to _printf_percent.o(.ARM.Collect$$_printf_percent$$00000000) for _printf_percent
    usart.o(.text) refers to _printf_c.o(.ARM.Collect$$_printf_percent$$00000013) for _printf_c
    usart.o(.text) refers to _printf_str.o(.text) for _printf_str
    usart.o(.text) refers to _printf_d.o(.ARM.Collect$$_printf_percent$$00000009) for _printf_d
    usart.o(.text) refers to _printf_dec.o(.text) for _printf_int_dec
    usart.o(.text) refers to _printf_s.o(.ARM.Collect$$_printf_percent$$00000014) for _printf_s
    usart.o(.text) refers to _scanf_str.o(.text) for _scanf_string
    usart.o(.text) refers to _scanf_int.o(.text) for _scanf_int
    usart.o(.text) refers to stm32f4xx_rcc.o(.text) for RCC_AHB1PeriphClockCmd
    usart.o(.text) refers to stm32f4xx_gpio.o(.text) for GPIO_PinAFConfig
    usart.o(.text) refers to stm32f4xx_usart.o(.text) for USART_OverSampling8Cmd
    usart.o(.text) refers to noretval__2printf.o(.text) for __2printf
    usart.o(.text) refers to __0scanf.o(.text) for __0scanf
    usart.o(.text) refers to strcmpv7m.o(.text) for strcmp
    usart.o(.data) refers (Special) to use_no_semi_2.o(.text) for __use_no_semihosting
    pwm.o(.text) refers to stm32f4xx_rcc.o(.text) for RCC_APB1PeriphClockCmd
    pwm.o(.text) refers to stm32f4xx_gpio.o(.text) for GPIO_Init
    pwm.o(.text) refers to stm32f4xx_tim.o(.text) for TIM_TimeBaseInit
    pwm.o(.text) refers to pwm.o(.data) for CCR1_Val
    buzzer.o(.text) refers to stm32f4xx_rcc.o(.text) for RCC_APB1PeriphClockCmd
    buzzer.o(.text) refers to stm32f4xx_gpio.o(.text) for GPIO_Init
    buzzer.o(.text) refers to stm32f4xx_tim.o(.text) for TIM_TimeBaseInit
[...]
    ..\\ST_Libraries\\src\\stm32f4xx_adc.c   0x00000000   Number         0  stm32f4xx_adc.o ABSOLUTE
    ..\\ST_Libraries\\src\\stm32f4xx_dma.c   0x00000000   Number         0  stm32f4xx_dma.o ABSOLUTE
    ..\\ST_Libraries\\src\\stm32f4xx_exti.c  0x00000000   Number         0  stm32f4xx_exti.o ABSOLUTE
    ..\\ST_Libraries\\src\\stm32f4xx_flash.c 0x00000000   Number         0  stm32f4xx_flash.o ABSOLUTE
    ..\\ST_Libraries\\src\\stm32f4xx_gpio.c  0x00000000   Number         0  stm32f4xx_gpio.o ABSOLUTE
    ..\\ST_Libraries\\src\\stm32f4xx_rcc.c   0x00000000   Number         0  stm32f4xx_rcc.o ABSOLUTE
    ..\\ST_Libraries\\src\\stm32f4xx_spi.c   0x00000000   Number         0  stm32f4xx_spi.o ABSOLUTE
    ..\\ST_Libraries\\src\\stm32f4xx_syscfg.c 0x00000000   Number         0  stm32f4xx_syscfg.o ABSOLUTE
    ..\\ST_Libraries\\src\\stm32f4xx_tim.c   0x00000000   Number         0  stm32f4xx_tim.o ABSOLUTE
    ..\\ST_Libraries\\src\\stm32f4xx_usart.c 0x00000000   Number         0  stm32f4xx_usart.o ABSOLUTE
    ..\\ST_Libraries\\startup\\system_stm32f4xx.c 0x00000000   Number         0  system_stm32f4xx.o ABSOLUTE
    ..\\user\\main.c                         0x00000000   Number         0  main.o ABSOLUTE
    ..\\user\\stm32f4xx_it.c                 0x00000000   Number         0  stm32f4xx_it.o ABSOLUTE
    ..\\user_Libraries\\src\\adc.c           0x00000000   Number         0  adc.o ABSOLUTE
    ..\\user_Libraries\\src\\button.c        0x00000000   Number         0  button.o ABSOLUTE
    ..\\user_Libraries\\src\\buzzer.c        0x00000000   Number         0  buzzer.o ABSOLUTE
    ..\\user_Libraries\\src\\delay.c         0x00000000   Number         0  delay.o ABSOLUTE
    ..\\user_Libraries\\src\\encoder.c       0x00000000   Number         0  encoder.o ABSOLUTE
    ..\\user_Libraries\\src\\led.c           0x00000000   Number         0  led.o ABSOLUTE
    ..\\user_Libraries\\src\\pwm.c           0x00000000   Number         0  pwm.o ABSOLUTE
    ..\\user_Libraries\\src\\sensor_Function.c 0x00000000   Number         0  sensor_function.o ABSOLUTE
    ..\\user_Libraries\\src\\usart.c         0x00000000   Number         0  usart.o ABSOLUTE
    ..\user\main.c                           0x00000000   Number         0  main.o ABSOLUTE
    ..\user\stm32f4xx_it.c                   0x00000000   Number         0  stm32f4xx_it.o ABSOLUTE
    ..\user_Libraries\src\adc.c              0x00000000   Number         0  adc.o ABSOLUTE
    ..\user_Libraries\src\button.c           0x00000000   Number         0  button.o ABSOLUTE
    ..\user_Libraries\src\buzzer.c           0x00000000   Number         0  buzzer.o ABSOLUTE
    ..\user_Libraries\src\delay.c            0x00000000   Number         0  delay.o ABSOLUTE
    ..\user_Libraries\src\encoder.c          0x00000000   Number         0  encoder.o ABSOLUTE
    ..\user_Libraries\src\led.c              0x00000000   Number         0  led.o ABSOLUTE
    ..\user_Libraries\src\pwm.c              0x00000000   Number         0  pwm.o ABSOLUTE
    ..\user_Libraries\src\sensor_Function.c  0x00000000   Number         0  sensor_function.o ABSOLUTE
    ..\user_Libraries\src\usart.c            0x00000000   Number         0  usart.o ABSOLUTE
    dc.s                                     0x00000000   Number         0  dc.o ABSOLUTE
    RESET                                    0x08000000   Section      392  startup_stm32f4xx.o(RESET)
    !!!main                                  0x08000188   Section        8  __main.o(!!!main)
    !!!scatter                               0x08000190   Section       52  __scatter.o(!!!scatter)
    !!handler_copy                           0x080001c4   Section       26  __scatter_copy.o(!!handler_copy)
    !!handler_zi                             0x080001e0   Section       28  __scatter_zi.o(!!handler_zi)
    .ARM.Collect$$_printf_percent$$00000000  0x080001fc   Section        0  _printf_percent.o(.ARM.Collect$$_printf_percent$$00000000)
    .ARM.Collect$$_printf_percent$$00000009  0x080001fc   Section        6  _printf_d.o(.ARM.Collect$$_printf_percent$$00000009)
    .ARM.Collect$$_printf_percent$$00000013  0x08000202   Section        6  _printf_c.o(.ARM.Collect$$_printf_percent$$00000013)
    .ARM.Collect$$_printf_percent$$00000014  0x08000208   Section        6  _printf_s.o(.ARM.Collect$$_printf_percent$$00000014)
    .ARM.Collect$$_printf_percent$$00000017  0x0800020e   Section        4  _printf_percent_end.o(.ARM.Collect$$_printf_percent$$00000017)
    .ARM.Collect$$libinit$$00000000          0x08000212   Section        2  libinit.o(.ARM.Collect$$libinit$$00000000)
    .ARM.Collect$$libinit$$00000001          0x08000214   Section        4  libinit2.o(.ARM.Collect$$libinit$$00000001)
    .ARM.Collect$$libinit$$00000008          0x08000218   Section        0  libinit2.o(.ARM.Collect$$libinit$$00000008)
    .ARM.Collect$$libinit$$0000000A          0x08000218   Section        0  libinit2.o(.ARM.Collect$$libinit$$0000000A)
    .ARM.Collect$$libinit$$0000000C          0x08000218   Section        0  libinit2.o(.ARM.Collect$$libinit$$0000000C)
    .ARM.Collect$$libinit$$0000000D          0x08000218   Section        6  libinit2.o(.ARM.Collect$$libinit$$0000000D)
    .ARM.Collect$$libinit$$0000000F          0x0800021e   Section        0  libinit2.o(.ARM.Collect$$libinit$$0000000F)
    .ARM.Collect$$libinit$$00000010          0x0800021e   Section       12  libinit2.o(.ARM.Collect$$libinit$$00000010)
    .ARM.Collect$$libinit$$00000011          0x0800022a   Section        0  libinit2.o(.ARM.Collect$$libinit$$00000011)
    .ARM.Collect$$libinit$$00000013          0x0800022a   Section        0  libinit2.o(.ARM.Collect$$libinit$$00000013)
    .ARM.Collect$$libinit$$00000015          0x0800022a   Section        0  libinit2.o(.ARM.Collect$$libinit$$00000015)
    .ARM.Collect$$libinit$$00000017          0x0800022a   Section        0  libinit2.o(.ARM.Collect$$libinit$$00000017)
    .ARM.Collect$$libinit$$00000019          0x0800022a   Section        0  libinit2.o(.ARM.Collect$$libinit$$00000019)
    .ARM.Collect$$libinit$$0000001B          0x0800022a   Section        0  libinit2.o(.ARM.Collect$$libinit$$0000001B)
    .ARM.Collect$$libinit$$0000001D          0x0800022a   Section        0  libinit2.o(.ARM.Collect$$libinit$$0000001D)
    .ARM.Collect$$libinit$$0000001F          0x0800022a   Section        0  libinit2.o(.ARM.Collect$$libinit$$0000001F)
    .ARM.Collect$$libinit$$00000021          0x0800022a   Section        0  libinit2.o(.ARM.Collect$$libinit$$00000021)
    .ARM.Collect$$libinit$$00000023          0x0800022a   Section        0  libinit2.o(.ARM.Collect$$libinit$$00000023)
    .ARM.Collect$$libinit$$0000002A          0x0800022a   Section        0  libinit2.o(.ARM.Collect$$libinit$$0000002A)
    .ARM.Collect$$libinit$$0000002C          0x0800022a   Section        0  libinit2.o(.ARM.Collect$$libinit$$0000002C)
    .ARM.Collect$$libinit$$0000002E          0x0800022a   Section        0  libinit2.o(.ARM.Collect$$libinit$$0000002E)
    .ARM.Collect$$libinit$$00000030          0x0800022a   Section        0  libinit2.o(.ARM.Collect$$libinit$$00000030)
    .ARM.Collect$$libinit$$00000031          0x0800022a   Section        2  libinit2.o(.ARM.Collect$$libinit$$00000031)
    .ARM.Collect$$libshutdown$$00000000      0x0800022c   Section        2  libshutdown.o(.ARM.Collect$$libshutdown$$00000000)
    .ARM.Collect$$libshutdown$$00000003      0x0800022e   Section        0  libshutdown2.o(.ARM.Collect$$libshutdown$$00000003)
    .ARM.Collect$$libshutdown$$00000006      0x0800022e   Section        0  libshutdown2.o(.ARM.Collect$$libshutdown$$00000006)
    .ARM.Collect$$libshutdown$$00000009      0x0800022e   Section        0  libshutdown2.o(.ARM.Collect$$libshutdown$$00000009)
    .ARM.Collect$$libshutdown$$0000000B      0x0800022e   Section        0  libshutdown2.o(.ARM.Collect$$libshutdown$$0000000B)
    .ARM.Collect$$libshutdown$$0000000E      0x0800022e   Section        0  libshutdown2.o(.ARM.Collect$$libshutdown$$0000000E)
    .ARM.Collect$$libshutdown$$0000000F      0x0800022e   Section        2  libshutdown2.o(.ARM.Collect$$libshutdown$$0000000F)
    .ARM.Collect$$rtentry$$00000000          0x08000230   Section        0  rtentry.o(.ARM.Collect$$rtentry$$00000000)
    .ARM.Collect$$rtentry$$00000002          0x08000230   Section        0  rtentry2.o(.ARM.Collect$$rtentry$$00000002)
    .ARM.Collect$$rtentry$$00000004          0x08000230   Section        6  rtentry4.o(.ARM.Collect$$rtentry$$00000004)
    .ARM.Collect$$rtentry$$00000009          0x08000236   Section        0  rtentry2.o(.ARM.Collect$$rtentry$$00000009)
    .ARM.Collect$$rtentry$$0000000A          0x08000236   Section        4  rtentry2.o(.ARM.Collect$$rtentry$$0000000A)
    .ARM.Collect$$rtentry$$0000000C          0x0800023a   Section        0  rtentry2.o(.ARM.Collect$$rtentry$$0000000C)
    .ARM.Collect$$rtentry$$0000000D          0x0800023a   Section        8  rtentry2.o(.ARM.Collect$$rtentry$$0000000D)
    .ARM.Collect$$rtexit$$00000000           0x08000242   Section        2  rtexit.o(.ARM.Collect$$rtexit$$00000000)
    .ARM.Collect$$rtexit$$00000002           0x08000244   Section        0  rtexit2.o(.ARM.Collect$$rtexit$$00000002)
    .ARM.Collect$$rtexit$$00000003           0x08000244   Section        4  rtexit2.o(.ARM.Collect$$rtexit$$00000003)
    .ARM.Collect$$rtexit$$00000004           0x08000248   Section        6  rtexit2.o(.ARM.Collect$$rtexit$$00000004)
    .text                                    0x08000250   Section        0  misc.o(.text)
    .text                                    0x08000334   Section        0  stm32f4xx_adc.o(.text)
    .text                                    0x08000794   Section        0  stm32f4xx_exti.o(.text)
    .text                                    0x080008b0   Section        0  stm32f4xx_gpio.o(.text)
    .text                                    0x08000afc   Section        0  stm32f4xx_rcc.o(.text)
    .text                                    0x0800107c   Section        0  stm32f4xx_syscfg.o(.text)
    .text                                    0x08001108   Section        0  stm32f4xx_tim.o(.text)
    TI4_Config                               0x080018a7   Thumb Code    80  stm32f4xx_tim.o(.text)
    TI3_Config                               0x08001909   Thumb Code    72  stm32f4xx_tim.o(.text)
    TI2_Config                               0x0800196b   Thumb Code    90  stm32f4xx_tim.o(.text)
    TI1_Config                               0x080019d7   Thumb Code    58  stm32f4xx_tim.o(.text)
    .text                                    0x08001dac   Section        0  stm32f4xx_usart.o(.text)
    .text                                    0x080021c8   Section        0  main.o(.text)
    .text                                    0x0800243c   Section        0  stm32f4xx_it.o(.text)
    .text                                    0x08002508   Section        0  delay.o(.text)
    NVIC_SetPriority                         0x08002509   Thumb Code    32  delay.o(.text)
    .text                                    0x08002620   Section        0  led.o(.text)
    .text                                    0x080026f4   Section        0  button.o(.text)
    .text                                    0x08002884   Section        0  usart.o(.text)
    .text                                    0x08002ba8   Section        0  pwm.o(.text)
    .text                                    0x08002d3c   Section        0  buzzer.o(.text)
    .text                                    0x08002e48   Section        0  encoder.o(.text)
    .text                                    0x08002f10   Section        0  adc.o(.text)
    .text                                    0x0800302c   Section        0  sensor_function.o(.text)
    .text                                    0x08003364   Section       64  startup_stm32f4xx.o(.text)
    $v0                                      0x08003364   Number         0  startup_stm32f4xx.o(.text)
    .text                                    0x080033a4   Section        0  system_stm32f4xx.o(.text)
    SetSysClock                              0x080033a5   Thumb Code   362  system_stm32f4xx.o(.text)
    .text                                    0x08003640   Section        2  use_no_semi_2.o(.text)
    .text                                    0x08003644   Section        0  noretval__2printf.o(.text)
    .text                                    0x0800365c   Section        0  _printf_pad.o(.text)
    .text                                    0x080036ae   Section        0  _printf_str.o(.text)
    .text                                    0x08003700   Section        0  _printf_dec.o(.text)
    .text                                    0x08003778   Section        0  __printf_wp.o(.text)
    .text                                    0x08003888   Section        0  __0scanf.o(.text)
    .text                                    0x080038a8   Section        0  _scanf_int.o(.text)
    .text                                    0x080039f8   Section        0  _scanf_str.o(.text)
    .text                                    0x08003ad4   Section      128  strcmpv7m.o(.text)
    .text                                    0x08003b54   Section        0  heapauxi.o(.text)
    .text                                    0x08003b5a   Section        2  use_no_semi.o(.text)
    .text                                    0x08003b5c   Section        0  _printf_intcommon.o(.text)
    .text                                    0x08003c14   Section        0  _printf_char.o(.text)
    .text                                    0x08003c40   Section        0  _printf_char_file.o(.text)
    .text                                    0x08003c64   Section        0  _chval.o(.text)
    .text                                    0x08003c80   Section        0  scanf_char_file.o(.text)
    .text                                    0x08003c98   Section        0  _printf_char_common.o(.text)
    _printf_input_char                       0x08003c99   Thumb Code    10  _printf_char_common.o(.text)
    .text                                    0x08003cc8   Section        0  scanf_char.o(.text)
    _scanf_char_input                        0x08003cc9   Thumb Code    12  scanf_char.o(.text)
    .text                                    0x08003cf4   Section        0  backspace.o(.text)
    .text                                    0x08003d3c   Section        0  ferror.o(.text)
    .text                                    0x08003d44   Section       74  sys_stackheap_outer.o(.text)
    .text                                    0x08003d8e   Section        0  isspace.o(.text)
    .text                                    0x08003da0   Section        0  _scanf.o(.text)
    .text                                    0x08004110   Section        0  ungetc.o(.text)
    .text                                    0x08004158   Section        0  exit.o(.text)
    .text                                    0x08004164   Section        8  libspace.o(.text)
    .text                                    0x0800416c   Section       16  rt_ctype_table.o(.text)
    .text                                    0x0800417c   Section        8  rt_locale_intlibspace.o(.text)
    i._is_digit                              0x08004184   Section        0  __printf_wp.o(i._is_digit)
    locale$$code                             0x08004194   Section       44  lc_ctype_c.o(locale$$code)
    x$fpl$ddiv                               0x080041c0   Section      688  ddiv.o(x$fpl$ddiv)
    $v0                                      0x080041c0   Number         0  ddiv.o(x$fpl$ddiv)
    ddiv_entry                               0x080041c7   Thumb Code     0  ddiv.o(x$fpl$ddiv)
    x$fpl$dfix                               0x08004470   Section       94  dfix.o(x$fpl$dfix)
    $v0                                      0x08004470   Number         0  dfix.o(x$fpl$dfix)
    x$fpl$dflt                               0x080044ce   Section       46  dflt_clz.o(x$fpl$dflt)
    $v0                                      0x080044ce   Number         0  dflt_clz.o(x$fpl$dflt)
    x$fpl$dnaninf                            0x080044fc   Section      156  dnaninf.o(x$fpl$dnaninf)
    $v0                                      0x080044fc   Number         0  dnaninf.o(x$fpl$dnaninf)
    x$fpl$dretinf                            0x08004598   Section       12  dretinf.o(x$fpl$dretinf)
    $v0                                      0x08004598   Number         0  dretinf.o(x$fpl$dretinf)
    x$fpl$fpinit                             0x080045a4   Section       10  fpinit.o(x$fpl$fpinit)
    $v0                                      0x080045a4   Number         0  fpinit.o(x$fpl$fpinit)
    x$fpl$usenofp                            0x080045ae   Section        0  usenofp.o(x$fpl$usenofp)
    .constdata                               0x080045b0   Section      130  main.o(.constdata)
    locale$$data                             0x08004654   Section      272  lc_ctype_c.o(locale$$data)
    __lcctype_c_name                         0x08004658   Data           2  lc_ctype_c.o(locale$$data)
    __lcctype_c_start                        0x08004660   Data           0  lc_ctype_c.o(locale$$data)
    __lcctype_c_end                          0x08004764   Data           0  lc_ctype_c.o(locale$$data)
    .data                                    0x20000000   Section       16  stm32f4xx_rcc.o(.data)
    APBAHBPrescTable                         0x20000000   Data          16  stm32f4xx_rcc.o(.data)
    .data                                    0x20000010   Section        8  delay.o(.data)
    .data                                    0x20000018   Section        8  usart.o(.data)
    .data                                    0x20000020   Section        8  pwm.o(.data)
    .data                                    0x20000028   Section        4  buzzer.o(.data)
    .data                                    0x2000002c   Section       40  sensor_function.o(.data)
    .data                                    0x20000054   Section       20  system_stm32f4xx.o(.data)
    .bss                                     0x20000068   Section       96  libspace.o(.bss)
    HEAP                                     0x200000c8   Section      512  startup_stm32f4xx.o(HEAP)
    Heap_Mem                                 0x200000c8   Data         512  startup_stm32f4xx.o(HEAP)
    STACK                                    0x200002c8   Section     1024  startup_stm32f4xx.o(STACK)
    Stack_Mem                                0x200002c8   Data        1024  startup_stm32f4xx.o(STACK)
    __initial_sp                             0x200006c8   Data           0  startup_stm32f4xx.o(STACK)

    Global Symbols

    Symbol Name                              Value     Ov Type        Size  Object(Section)

    BuildAttributes$$THM_ISAv4$E$P$D$K$B$S$7EM$VFPi3$EXTD16$VFPS$VFMA$PE$A:L22UL41UL21$X:L11$S22US41US21$IEEE1$IW$USESV6$~STKCKD$USESV7$~SHL$OSPACE$ROPI$EBA8$UX$STANDARDLIB$REQ8$PRES8$EABIv2 0x00000000   Number         0  anon$$obj.o ABSOLUTE
    __ARM_use_no_argv                        0x00000000   Number         0  main.o ABSOLUTE
    _printf_flags                            0x00000000   Number         0  printf_stubs.o ABSOLUTE
    _printf_return_value                     0x00000000   Number         0  printf_stubs.o ABSOLUTE
    _printf_sizespec                         0x00000000   Number         0  printf_stubs.o ABSOLUTE
    _printf_widthprec                        0x00000000   Number         0  printf_stubs.o ABSOLUTE
    __ARM_exceptions_init                     - Undefined Weak Reference
    __alloca_initialize                       - Undefined Weak Reference
    __cpp_initialize__aeabi_                  - Undefined Weak Reference
    __cxa_finalize                            - Undefined Weak Reference
    __sigvec_lookup                           - Undefined Weak Reference
    _atexit_init                              - Undefined Weak Reference
    _call_atexit_fns                          - Undefined Weak Reference
    _clock_init                               - Undefined Weak Reference
    _fp_trap_init                             - Undefined Weak Reference
    _fp_trap_shutdown                         - Undefined Weak Reference
    _get_lc_collate                           - Undefined Weak Reference
    _get_lc_monetary                          - Undefined Weak Reference
    _get_lc_numeric                           - Undefined Weak Reference
    _get_lc_time                              - Undefined Weak Reference
    _getenv_init                              - Undefined Weak Reference
    _handle_redirection                       - Undefined Weak Reference
    _init_alloc                               - Undefined Weak Reference
    _init_user_alloc                          - Undefined Weak Reference
    _initio                                   - Undefined Weak Reference
    _mutex_acquire                            - Undefined Weak Reference
    _mutex_release                            - Undefined Weak Reference
    _printf_mbtowc                            - Undefined Weak Reference
    _printf_truncate_signed                   - Undefined Weak Reference
    _printf_truncate_unsigned                 - Undefined Weak Reference
    _rand_init                                - Undefined Weak Reference
    _scanf_longlong                           - Undefined Weak Reference
    _scanf_mbtowc                             - Undefined Weak Reference
    _scanf_real                               - Undefined Weak Reference
    _scanf_wctomb                             - Undefined Weak Reference
    _scanf_wstring                            - Undefined Weak Reference
    _signal_finish                            - Undefined Weak Reference
    _signal_init                              - Undefined Weak Reference
    _terminate_alloc                          - Undefined Weak Reference
    _terminate_user_alloc                     - Undefined Weak Reference
    _terminateio                              - Undefined Weak Reference
    __Vectors_Size                           0x00000188   Number         0  startup_stm32f4xx.o ABSOLUTE
    __Vectors                                0x08000000   Data           4  startup_stm32f4xx.o(RESET)
    __Vectors_End                            0x08000188   Data           0  startup_stm32f4xx.o(RESET)
    __main                                   0x08000189   Thumb Code     8  __main.o(!!!main)
    __scatterload                            0x08000191   Thumb Code     0  __scatter.o(!!!scatter)
    __scatterload_rt2                        0x08000191   Thumb Code    44  __scatter.o(!!!scatter)
    __scatterload_rt2_thumb_only             0x08000191   Thumb Code     0  __scatter.o(!!!scatter)
    __scatterload_null                       0x0800019f   Thumb Code     0  __scatter.o(!!!scatter)
    __scatterload_copy                       0x080001c5   Thumb Code    26  __scatter_copy.o(!!handler_copy)
    __scatterload_zeroinit                   0x080001e1   Thumb Code    28  __scatter_zi.o(!!handler_zi)
    _printf_d                                0x080001fd   Thumb Code     0  _printf_d.o(.ARM.Collect$$_printf_percent$$00000009)
    _printf_percent                          0x080001fd   Thumb Code     0  _printf_percent.o(.ARM.Collect$$_printf_percent$$00000000)
    _printf_c                                0x08000203   Thumb Code     0  _printf_c.o(.ARM.Collect$$_printf_percent$$00000013)
    _printf_s                                0x08000209   Thumb Code     0  _printf_s.o(.ARM.Collect$$_printf_percent$$00000014)
    _printf_percent_end                      0x0800020f   Thumb Code     0  _printf_percent_end.o(.ARM.Collect$$_printf_percent$$00000017)
    __rt_lib_init                            0x08000213   Thumb Code     0  libinit.o(.ARM.Collect$$libinit$$00000000)
    __rt_lib_init_fp_1                       0x08000215   Thumb Code     0  libinit2.o(.ARM.Collect$$libinit$$00000001)
    __rt_lib_init_heap_1                     0x08000219   Thumb Code     0  libinit2.o(.ARM.Collect$$libinit$$00000008)
    __rt_lib_init_lc_common                  0x08000219   Thumb Code     0  libinit2.o(.ARM.Collect$$libinit$$0000000D)
    __rt_lib_init_rand_1                     0x08000219   Thumb Code     0  libinit2.o(.ARM.Collect$$libinit$$0000000C)
    __rt_lib_init_user_alloc_1               0x08000219   Thumb Code     0  libinit2.o(.ARM.Collect$$libinit$$0000000A)
    __rt_lib_init_lc_collate_1               0x0800021f   Thumb Code     0  libinit2.o(.ARM.Collect$$libinit$$0000000F)
    __rt_lib_init_lc_ctype_2                 0x0800021f   Thumb Code     0  libinit2.o(.ARM.Collect$$libinit$$00000010)
    __rt_lib_init_alloca_1                   0x0800022b   Thumb Code     0  libinit2.o(.ARM.Collect$$libinit$$0000002C)
    __rt_lib_init_argv_1                     0x0800022b   Thumb Code     0  libinit2.o(.ARM.Collect$$libinit$$0000002A)
    __rt_lib_init_atexit_1                   0x0800022b   Thumb Code     0  libinit2.o(.ARM.Collect$$libinit$$00000019)
    __rt_lib_init_clock_1                    0x0800022b   Thumb Code     0  libinit2.o(.ARM.Collect$$libinit$$0000001F)
    __rt_lib_init_cpp_1                      0x0800022b   Thumb Code     0  libinit2.o(.ARM.Collect$$libinit$$00000030)
    __rt_lib_init_exceptions_1               0x0800022b   Thumb Code     0  libinit2.o(.ARM.Collect$$libinit$$0000002E)
    __rt_lib_init_fp_trap_1                  0x0800022b   Thumb Code     0  libinit2.o(.ARM.Collect$$libinit$$0000001D)
    __rt_lib_init_getenv_1                   0x0800022b   Thumb Code     0  libinit2.o(.ARM.Collect$$libinit$$00000021)
    __rt_lib_init_lc_ctype_1                 0x0800022b   Thumb Code     0  libinit2.o(.ARM.Collect$$libinit$$00000011)
    __rt_lib_init_lc_monetary_1              0x0800022b   Thumb Code     0  libinit2.o(.ARM.Collect$$libinit$$00000013)
    __rt_lib_init_lc_numeric_1               0x0800022b   Thumb Code     0  libinit2.o(.ARM.Collect$$libinit$$00000015)
    __rt_lib_init_lc_time_1                  0x0800022b   Thumb Code     0  libinit2.o(.ARM.Collect$$libinit$$00000017)
    __rt_lib_init_return                     0x0800022b   Thumb Code     0  libinit2.o(.ARM.Collect$$libinit$$00000031)
    __rt_lib_init_signal_1                   0x0800022b   Thumb Code     0  libinit2.o(.ARM.Collect$$libinit$$0000001B)
    __rt_lib_init_stdio_1                    0x0800022b   Thumb Code     0  libinit2.o(.ARM.Collect$$libinit$$00000023)
    __rt_lib_shutdown                        0x0800022d   Thumb Code     0  libshutdown.o(.ARM.Collect$$libshutdown$$00000000)
    __rt_lib_shutdown_fp_trap_1              0x0800022f   Thumb Code     0  libshutdown2.o(.ARM.Collect$$libshutdown$$00000006)
    __rt_lib_shutdown_heap_1                 0x0800022f   Thumb Code     0  libshutdown2.o(.ARM.Collect$$libshutdown$$0000000E)
    __rt_lib_shutdown_return                 0x0800022f   Thumb Code     0  libshutdown2.o(.ARM.Collect$$libshutdown$$0000000F)
    __rt_lib_shutdown_signal_1               0x0800022f   Thumb Code     0  libshutdown2.o(.ARM.Collect$$libshutdown$$00000009)
    __rt_lib_shutdown_stdio_1                0x0800022f   Thumb Code     0  libshutdown2.o(.ARM.Collect$$libshutdown$$00000003)
    __rt_lib_shutdown_user_alloc_1           0x0800022f   Thumb Code     0  libshutdown2.o(.ARM.Collect$$libshutdown$$0000000B)
    __rt_entry                               0x08000231   Thumb Code     0  rtentry.o(.ARM.Collect$$rtentry$$00000000)
    __rt_entry_presh_1                       0x08000231   Thumb Code     0  rtentry2.o(.ARM.Collect$$rtentry$$00000002)
    __rt_entry_sh                            0x08000231   Thumb Code     0  rtentry4.o(.ARM.Collect$$rtentry$$00000004)
    __rt_entry_li                            0x08000237   Thumb Code     0  rtentry2.o(.ARM.Collect$$rtentry$$0000000A)
    __rt_entry_postsh_1                      0x08000237   Thumb Code     0  rtentry2.o(.ARM.Collect$$rtentry$$00000009)
    __rt_entry_main                          0x0800023b   Thumb Code     0  rtentry2.o(.ARM.Collect$$rtentry$$0000000D)
    __rt_entry_postli_1                      0x0800023b   Thumb Code     0  rtentry2.o(.ARM.Collect$$rtentry$$0000000C)
    __rt_exit                                0x08000243   Thumb Code     0  rtexit.o(.ARM.Collect$$rtexit$$00000000)
    __rt_exit_ls                             0x08000245   Thumb Code     0  rtexit2.o(.ARM.Collect$$rtexit$$00000003)
    __rt_exit_prels_1                        0x08000245   Thumb Code     0  rtexit2.o(.ARM.Collect$$rtexit$$00000002)
    __rt_exit_exit                           0x08000249   Thumb Code     0  rtexit2.o(.ARM.Collect$$rtexit$$00000004)
    NVIC_PriorityGroupConfig                 0x08000251   Thumb Code    10  misc.o(.text)
    NVIC_Init                                0x0800025b   Thumb Code   108  misc.o(.text)
    NVIC_SetVectorTable                      0x080002c7   Thumb Code    14  misc.o(.text)
    NVIC_SystemLPConfig                      0x080002d5   Thumb Code    34  misc.o(.text)
    SysTick_CLKSourceConfig                  0x080002f7   Thumb Code    40  misc.o(.text)
    ADC_DeInit                               0x08000335   Thumb Code    22  stm32f4xx_adc.o(.text)
    ADC_Init                                 0x0800034b   Thumb Code    74  stm32f4xx_adc.o(.text)
    ADC_StructInit                           0x08000395   Thumb Code    20  stm32f4xx_adc.o(.text)
    ADC_CommonInit                           0x080003a9   Thumb Code    44  stm32f4xx_adc.o(.text)
    ADC_CommonStructInit                     0x080003d5   Thumb Code    12  stm32f4xx_adc.o(.text)
    ADC_Cmd                                  0x080003e1   Thumb Code    22  stm32f4xx_adc.o(.text)
    ADC_AnalogWatchdogCmd                    0x080003f7   Thumb Code    16  stm32f4xx_adc.o(.text)
    ADC_AnalogWatchdogThresholdsConfig       0x08000407   Thumb Code     6  stm32f4xx_adc.o(.text)
    ADC_AnalogWatchdogSingleChannelConfig    0x0800040d   Thumb Code    16  stm32f4xx_adc.o(.text)
    ADC_TempSensorVrefintCmd                 0x0800041d   Thumb Code    34  stm32f4xx_adc.o(.text)
    ADC_VBATCmd                              0x0800043f   Thumb Code    34  stm32f4xx_adc.o(.text)
    ADC_RegularChannelConfig                 0x08000461   Thumb Code   184  stm32f4xx_adc.o(.text)
    ADC_SoftwareStartConv                    0x08000519   Thumb Code    10  stm32f4xx_adc.o(.text)
    ADC_GetSoftwareStartConvStatus           0x08000523   Thumb Code    20  stm32f4xx_adc.o(.text)
    ADC_EOCOnEachRegularChannelCmd           0x08000537   Thumb Code    22  stm32f4xx_adc.o(.text)
    ADC_ContinuousModeCmd                    0x0800054d   Thumb Code    22  stm32f4xx_adc.o(.text)
    ADC_DiscModeChannelCountConfig           0x08000563   Thumb Code    24  stm32f4xx_adc.o(.text)
    ADC_DiscModeCmd                          0x0800057b   Thumb Code    22  stm32f4xx_adc.o(.text)
    ADC_GetConversionValue                   0x08000591   Thumb Code     8  stm32f4xx_adc.o(.text)
    ADC_GetMultiModeConversionValue          0x08000599   Thumb Code     6  stm32f4xx_adc.o(.text)
    ADC_DMACmd                               0x0800059f   Thumb Code    22  stm32f4xx_adc.o(.text)
    ADC_DMARequestAfterLastTransferCmd       0x080005b5   Thumb Code    22  stm32f4xx_adc.o(.text)
    ADC_MultiModeDMARequestAfterLastTransferCmd 0x080005cb   Thumb Code    34  stm32f4xx_adc.o(.text)
    ADC_InjectedChannelConfig                0x080005ed   Thumb Code   130  stm32f4xx_adc.o(.text)
    ADC_InjectedSequencerLengthConfig        0x0800066f   Thumb Code    24  stm32f4xx_adc.o(.text)
    ADC_SetInjectedOffset                    0x08000687   Thumb Code    12  stm32f4xx_adc.o(.text)
    ADC_ExternalTrigInjectedConvConfig       0x08000693   Thumb Code    16  stm32f4xx_adc.o(.text)
    ADC_ExternalTrigInjectedConvEdgeConfig   0x080006a3   Thumb Code    16  stm32f4xx_adc.o(.text)
    ADC_SoftwareStartInjectedConv            0x080006b3   Thumb Code    10  stm32f4xx_adc.o(.text)
    ADC_GetSoftwareStartInjectedConvCmdStatus 0x080006bd   Thumb Code    20  stm32f4xx_adc.o(.text)
    ADC_AutoInjectedConvCmd                  0x080006d1   Thumb Code    22  stm32f4xx_adc.o(.text)
    ADC_InjectedDiscModeCmd                  0x080006e7   Thumb Code    22  stm32f4xx_adc.o(.text)
    ADC_GetInjectedConversionValue           0x080006fd   Thumb Code    18  stm32f4xx_adc.o(.text)
    ADC_ITConfig                             0x0800070f   Thumb Code    32  stm32f4xx_adc.o(.text)
    ADC_GetFlagStatus                        0x0800072f   Thumb Code    46  stm32f4xx_adc.o(.text)
    ADC_ClearFlag                            0x0800075d   Thumb Code     6  stm32f4xx_adc.o(.text)
    ADC_GetITStatus                          0x08000763   Thumb Code    38  stm32f4xx_adc.o(.text)
    ADC_ClearITPendingBit                    0x08000789   Thumb Code    10  stm32f4xx_adc.o(.text)
    EXTI_DeInit                              0x08000795   Thumb Code    28  stm32f4xx_exti.o(.text)
    EXTI_Init                                0x080007b1   Thumb Code   142  stm32f4xx_exti.o(.text)
    EXTI_StructInit                          0x0800083f   Thumb Code    16  stm32f4xx_exti.o(.text)
    EXTI_GenerateSWInterrupt                 0x0800084f   Thumb Code    16  stm32f4xx_exti.o(.text)
    EXTI_GetFlagStatus                       0x0800085f   Thumb Code    22  stm32f4xx_exti.o(.text)
    EXTI_ClearFlag                           0x08000875   Thumb Code     8  stm32f4xx_exti.o(.text)
    EXTI_GetITStatus                         0x0800087d   Thumb Code    34  stm32f4xx_exti.o(.text)
    EXTI_ClearITPendingBit                   0x0800089f   Thumb Code     8  stm32f4xx_exti.o(.text)
    GPIO_DeInit                              0x080008b1   Thumb Code   220  stm32f4xx_gpio.o(.text)
    GPIO_Init                                0x0800098d   Thumb Code   144  stm32f4xx_gpio.o(.text)
    GPIO_StructInit                          0x08000a1d   Thumb Code    18  stm32f4xx_gpio.o(.text)
    GPIO_PinLockConfig                       0x08000a2f   Thumb Code    18  stm32f4xx_gpio.o(.text)
    GPIO_ReadInputDataBit                    0x08000a41   Thumb Code    18  stm32f4xx_gpio.o(.text)
    GPIO_ReadInputData                       0x08000a53   Thumb Code     8  stm32f4xx_gpio.o(.text)
    GPIO_ReadOutputDataBit                   0x08000a5b   Thumb Code    18  stm32f4xx_gpio.o(.text)
    GPIO_ReadOutputData                      0x08000a6d   Thumb Code     8  stm32f4xx_gpio.o(.text)
    GPIO_SetBits                             0x08000a75   Thumb Code     4  stm32f4xx_gpio.o(.text)
    GPIO_ResetBits                           0x08000a79   Thumb Code     4  stm32f4xx_gpio.o(.text)
    GPIO_WriteBit                            0x08000a7d   Thumb Code    10  stm32f4xx_gpio.o(.text)
    GPIO_Write                               0x08000a87   Thumb Code     4  stm32f4xx_gpio.o(.text)
    GPIO_ToggleBits                          0x08000a8b   Thumb Code     8  stm32f4xx_gpio.o(.text)
    GPIO_PinAFConfig                         0x08000a93   Thumb Code    70  stm32f4xx_gpio.o(.text)
    RCC_DeInit                               0x08000afd   Thumb Code    60  stm32f4xx_rcc.o(.text)
    RCC_HSEConfig                            0x08000b39   Thumb Code    14  stm32f4xx_rcc.o(.text)
    RCC_GetFlagStatus                        0x08000b47   Thumb Code    60  stm32f4xx_rcc.o(.text)
    RCC_WaitForHSEStartUp                    0x08000b83   Thumb Code    48  stm32f4xx_rcc.o(.text)
    RCC_AdjustHSICalibrationValue            0x08000bb3   Thumb Code    20  stm32f4xx_rcc.o(.text)
    RCC_HSICmd                               0x08000bc7   Thumb Code     6  stm32f4xx_rcc.o(.text)
    RCC_LSEConfig                            0x08000bcd   Thumb Code    46  stm32f4xx_rcc.o(.text)
    RCC_LSICmd                               0x08000bfb   Thumb Code     6  stm32f4xx_rcc.o(.text)
    RCC_PLLConfig                            0x08000c01   Thumb Code    32  stm32f4xx_rcc.o(.text)
    RCC_PLLCmd                               0x08000c21   Thumb Code     6  stm32f4xx_rcc.o(.text)
    RCC_PLLI2SConfig                         0x08000c27   Thumb Code    14  stm32f4xx_rcc.o(.text)
    RCC_PLLI2SCmd                            0x08000c35   Thumb Code     6  stm32f4xx_rcc.o(.text)
    RCC_ClockSecuritySystemCmd               0x08000c3b   Thumb Code     6  stm32f4xx_rcc.o(.text)
    RCC_MCO1Config                           0x08000c41   Thumb Code    28  stm32f4xx_rcc.o(.text)
    RCC_MCO2Config                           0x08000c5d   Thumb Code    28  stm32f4xx_rcc.o(.text)
    RCC_SYSCLKConfig                         0x08000c79   Thumb Code    20  stm32f4xx_rcc.o(.text)
    RCC_GetSYSCLKSource                      0x08000c8d   Thumb Code    12  stm32f4xx_rcc.o(.text)
    RCC_HCLKConfig                           0x08000c99   Thumb Code    20  stm32f4xx_rcc.o(.text)
    RCC_PCLK1Config                          0x08000cad   Thumb Code    20  stm32f4xx_rcc.o(.text)
    RCC_PCLK2Config                          0x08000cc1   Thumb Code    22  stm32f4xx_rcc.o(.text)
    RCC_GetClocksFreq                        0x08000cd7   Thumb Code   222  stm32f4xx_rcc.o(.text)
    RCC_RTCCLKConfig                         0x08000db5   Thumb Code    54  stm32f4xx_rcc.o(.text)
    RCC_RTCCLKCmd                            0x08000deb   Thumb Code     8  stm32f4xx_rcc.o(.text)
    RCC_BackupResetCmd                       0x08000df3   Thumb Code     8  stm32f4xx_rcc.o(.text)
    RCC_I2SCLKConfig                         0x08000dfb   Thumb Code     6  stm32f4xx_rcc.o(.text)
    RCC_AHB1PeriphClockCmd                   0x08000e01   Thumb Code    34  stm32f4xx_rcc.o(.text)
    RCC_AHB2PeriphClockCmd                   0x08000e23   Thumb Code    34  stm32f4xx_rcc.o(.text)
    RCC_AHB3PeriphClockCmd                   0x08000e45   Thumb Code    34  stm32f4xx_rcc.o(.text)
    RCC_APB1PeriphClockCmd                   0x08000e67   Thumb Code    34  stm32f4xx_rcc.o(.text)
    RCC_APB2PeriphClockCmd                   0x08000e89   Thumb Code    34  stm32f4xx_rcc.o(.text)
    RCC_AHB1PeriphResetCmd                   0x08000eab   Thumb Code    34  stm32f4xx_rcc.o(.text)
    RCC_AHB2PeriphResetCmd                   0x08000ecd   Thumb Code    72  stm32f4xx_rcc.o(.text)
    RCC_AHB3PeriphResetCmd                   0x08000f15   Thumb Code    34  stm32f4xx_rcc.o(.text)
    RCC_APB1PeriphResetCmd                   0x08000f37   Thumb Code    34  stm32f4xx_rcc.o(.text)
    RCC_APB2PeriphResetCmd                   0x08000f59   Thumb Code    34  stm32f4xx_rcc.o(.text)
    RCC_AHB1PeriphClockLPModeCmd             0x08000f7b   Thumb Code    34  stm32f4xx_rcc.o(.text)
    RCC_AHB2PeriphClockLPModeCmd             0x08000f9d   Thumb Code    34  stm32f4xx_rcc.o(.text)
    RCC_AHB3PeriphClockLPModeCmd             0x08000fbf   Thumb Code    34  stm32f4xx_rcc.o(.text)
    RCC_APB1PeriphClockLPModeCmd             0x08000fe1   Thumb Code    34  stm32f4xx_rcc.o(.text)
    RCC_APB2PeriphClockLPModeCmd             0x08001003   Thumb Code    34  stm32f4xx_rcc.o(.text)
    RCC_ITConfig                             0x08001025   Thumb Code    34  stm32f4xx_rcc.o(.text)
    RCC_ClearFlag                            0x08001047   Thumb Code    18  stm32f4xx_rcc.o(.text)
    RCC_GetITStatus                          0x08001059   Thumb Code    22  stm32f4xx_rcc.o(.text)
    RCC_ClearITPendingBit                    0x0800106f   Thumb Code     8  stm32f4xx_rcc.o(.text)
    SYSCFG_DeInit                            0x0800107d   Thumb Code    22  stm32f4xx_syscfg.o(.text)
    SYSCFG_MemoryRemapConfig                 0x08001093   Thumb Code     6  stm32f4xx_syscfg.o(.text)
    SYSCFG_EXTILineConfig                    0x08001099   Thumb Code    66  stm32f4xx_syscfg.o(.text)
    SYSCFG_ETH_MediaInterfaceConfig          0x080010db   Thumb Code     6  stm32f4xx_syscfg.o(.text)
    SYSCFG_CompensationCellCmd               0x080010e1   Thumb Code     6  stm32f4xx_syscfg.o(.text)
    SYSCFG_GetCompensationCellStatus         0x080010e7   Thumb Code    22  stm32f4xx_syscfg.o(.text)
    TIM_DeInit                               0x08001109   Thumb Code   346  stm32f4xx_tim.o(.text)
    TIM_TimeBaseInit                         0x08001263   Thumb Code   104  stm32f4xx_tim.o(.text)
    TIM_TimeBaseStructInit                   0x080012cb   Thumb Code    18  stm32f4xx_tim.o(.text)
    TIM_PrescalerConfig                      0x080012dd   Thumb Code     6  stm32f4xx_tim.o(.text)
    TIM_CounterModeConfig                    0x080012e3   Thumb Code    18  stm32f4xx_tim.o(.text)
    TIM_SetCounter                           0x080012f5   Thumb Code     4  stm32f4xx_tim.o(.text)
    TIM_SetAutoreload                        0x080012f9   Thumb Code     4  stm32f4xx_tim.o(.text)
    TIM_GetCounter                           0x080012fd   Thumb Code     6  stm32f4xx_tim.o(.text)
    TIM_GetPrescaler                         0x08001303   Thumb Code     6  stm32f4xx_tim.o(.text)
    TIM_UpdateDisableConfig                  0x08001309   Thumb Code    24  stm32f4xx_tim.o(.text)
    TIM_UpdateRequestConfig                  0x08001321   Thumb Code    24  stm32f4xx_tim.o(.text)
    TIM_ARRPreloadConfig                     0x08001339   Thumb Code    24  stm32f4xx_tim.o(.text)
    TIM_SelectOnePulseMode                   0x08001351   Thumb Code    18  stm32f4xx_tim.o(.text)
    TIM_SetClockDivision                     0x08001363   Thumb Code    18  stm32f4xx_tim.o(.text)
    TIM_Cmd                                  0x08001375   Thumb Code    24  stm32f4xx_tim.o(.text)
    TIM_OC1Init                              0x0800138d   Thumb Code   114  stm32f4xx_tim.o(.text)
    TIM_OC2Init                              0x080013ff   Thumb Code   154  stm32f4xx_tim.o(.text)
    TIM_OC3Init                              0x08001499   Thumb Code   204  stm32f4xx_tim.o(.text)
    TIM_OC4Init                              0x08001565   Thumb Code   112  stm32f4xx_tim.o(.text)
    TIM_OCStructInit                         0x080015d5   Thumb Code    20  stm32f4xx_tim.o(.text)
    TIM_SelectOCxM                           0x080015e9   Thumb Code    86  stm32f4xx_tim.o(.text)
    TIM_SetCompare1                          0x0800163f   Thumb Code     4  stm32f4xx_tim.o(.text)
    TIM_SetCompare2                          0x08001643   Thumb Code     4  stm32f4xx_tim.o(.text)
    TIM_SetCompare3                          0x08001647   Thumb Code     4  stm32f4xx_tim.o(.text)
    TIM_SetCompare4                          0x0800164b   Thumb Code     4  stm32f4xx_tim.o(.text)
    TIM_ForcedOC1Config                      0x0800164f   Thumb Code    18  stm32f4xx_tim.o(.text)
    TIM_ForcedOC2Config                      0x08001661   Thumb Code    26  stm32f4xx_tim.o(.text)
    TIM_ForcedOC3Config                      0x0800167b   Thumb Code    18  stm32f4xx_tim.o(.text)
    TIM_ForcedOC4Config                      0x0800168d   Thumb Code    26  stm32f4xx_tim.o(.text)
    TIM_OC1PreloadConfig                     0x080016a7   Thumb Code    18  stm32f4xx_tim.o(.text)
    TIM_OC2PreloadConfig                     0x080016b9   Thumb Code    26  stm32f4xx_tim.o(.text)
    TIM_OC3PreloadConfig                     0x080016d3   Thumb Code    18  stm32f4xx_tim.o(.text)
    TIM_OC4PreloadConfig                     0x080016e5   Thumb Code    26  stm32f4xx_tim.o(.text)
    TIM_OC1FastConfig                        0x080016ff   Thumb Code    18  stm32f4xx_tim.o(.text)
    TIM_OC2FastConfig                        0x08001711   Thumb Code    26  stm32f4xx_tim.o(.text)
    TIM_OC3FastConfig                        0x0800172b   Thumb Code    18  stm32f4xx_tim.o(.text)
    TIM_OC4FastConfig                        0x0800173d   Thumb Code    26  stm32f4xx_tim.o(.text)
    TIM_ClearOC1Ref                          0x08001757   Thumb Code    18  stm32f4xx_tim.o(.text)
    TIM_ClearOC2Ref                          0x08001769   Thumb Code    24  stm32f4xx_tim.o(.text)
    TIM_ClearOC3Ref                          0x08001781   Thumb Code    18  stm32f4xx_tim.o(.text)
    TIM_ClearOC4Ref                          0x08001793   Thumb Code    24  stm32f4xx_tim.o(.text)
    TIM_OC1PolarityConfig                    0x080017ab   Thumb Code    18  stm32f4xx_tim.o(.text)
    TIM_OC1NPolarityConfig                   0x080017bd   Thumb Code    18  stm32f4xx_tim.o(.text)
    TIM_OC2PolarityConfig                    0x080017cf   Thumb Code    26  stm32f4xx_tim.o(.text)
    TIM_OC2NPolarityConfig                   0x080017e9   Thumb Code    26  stm32f4xx_tim.o(.text)
    TIM_OC3PolarityConfig                    0x08001803   Thumb Code    26  stm32f4xx_tim.o(.text)
    TIM_OC3NPolarityConfig                   0x0800181d   Thumb Code    26  stm32f4xx_tim.o(.text)
    TIM_OC4PolarityConfig                    0x08001837   Thumb Code    26  stm32f4xx_tim.o(.text)
    TIM_CCxCmd                               0x08001851   Thumb Code    30  stm32f4xx_tim.o(.text)
    TIM_CCxNCmd                              0x0800186f   Thumb Code    30  stm32f4xx_tim.o(.text)
    TIM_SetIC4Prescaler                      0x0800188d   Thumb Code    26  stm32f4xx_tim.o(.text)
    TIM_SetIC3Prescaler                      0x080018f7   Thumb Code    18  stm32f4xx_tim.o(.text)
    TIM_SetIC2Prescaler                      0x08001951   Thumb Code    26  stm32f4xx_tim.o(.text)
    TIM_SetIC1Prescaler                      0x080019c5   Thumb Code    18  stm32f4xx_tim.o(.text)
    TIM_ICInit                               0x08001a11   Thumb Code   110  stm32f4xx_tim.o(.text)
    TIM_ICStructInit                         0x08001a7f   Thumb Code    18  stm32f4xx_tim.o(.text)
    TIM_PWMIConfig                           0x08001a91   Thumb Code   124  stm32f4xx_tim.o(.text)
    TIM_GetCapture1                          0x08001b0d   Thumb Code     6  stm32f4xx_tim.o(.text)
    TIM_GetCapture2                          0x08001b13   Thumb Code     6  stm32f4xx_tim.o(.text)
    TIM_GetCapture3                          0x08001b19   Thumb Code     6  stm32f4xx_tim.o(.text)
    TIM_GetCapture4                          0x08001b1f   Thumb Code     6  stm32f4xx_tim.o(.text)
    TIM_BDTRConfig                           0x08001b25   Thumb Code    32  stm32f4xx_tim.o(.text)
    TIM_BDTRStructInit                       0x08001b45   Thumb Code    18  stm32f4xx_tim.o(.text)
    TIM_CtrlPWMOutputs                       0x08001b57   Thumb Code    30  stm32f4xx_tim.o(.text)
    TIM_SelectCOM                            0x08001b75   Thumb Code    24  stm32f4xx_tim.o(.text)
    TIM_CCPreloadControl                     0x08001b8d   Thumb Code    24  stm32f4xx_tim.o(.text)
    TIM_ITConfig                             0x08001ba5   Thumb Code    18  stm32f4xx_tim.o(.text)
    TIM_GenerateEvent                        0x08001bb7   Thumb Code     4  stm32f4xx_tim.o(.text)
    TIM_GetFlagStatus                        0x08001bbb   Thumb Code    18  stm32f4xx_tim.o(.text)
    TIM_ClearFlag                            0x08001bcd   Thumb Code     6  stm32f4xx_tim.o(.text)
    TIM_GetITStatus                          0x08001bd3   Thumb Code    34  stm32f4xx_tim.o(.text)
    TIM_ClearITPendingBit                    0x08001bf5   Thumb Code     6  stm32f4xx_tim.o(.text)
    TIM_DMAConfig                            0x08001bfb   Thumb Code    10  stm32f4xx_tim.o(.text)
    TIM_DMACmd                               0x08001c05   Thumb Code    18  stm32f4xx_tim.o(.text)
    TIM_SelectCCDMA                          0x08001c17   Thumb Code    24  stm32f4xx_tim.o(.text)
    TIM_InternalClockConfig                  0x08001c2f   Thumb Code    12  stm32f4xx_tim.o(.text)
    TIM_SelectInputTrigger                   0x08001c3b   Thumb Code    18  stm32f4xx_tim.o(.text)
    TIM_ITRxExternalClockConfig              0x08001c4d   Thumb Code    24  stm32f4xx_tim.o(.text)
    TIM_TIxExternalClockConfig               0x08001c65   Thumb Code    62  stm32f4xx_tim.o(.text)
    TIM_ETRConfig                            0x08001ca3   Thumb Code    28  stm32f4xx_tim.o(.text)
    TIM_ETRClockMode1Config                  0x08001cbf   Thumb Code    54  stm32f4xx_tim.o(.text)
    TIM_ETRClockMode2Config                  0x08001cf5   Thumb Code    32  stm32f4xx_tim.o(.text)
    TIM_SelectOutputTrigger                  0x08001d15   Thumb Code    18  stm32f4xx_tim.o(.text)
    TIM_SelectSlaveMode                      0x08001d27   Thumb Code    18  stm32f4xx_tim.o(.text)
    TIM_SelectMasterSlaveMode                0x08001d39   Thumb Code    18  stm32f4xx_tim.o(.text)
    TIM_EncoderInterfaceConfig               0x08001d4b   Thumb Code    66  stm32f4xx_tim.o(.text)
    TIM_SelectHallSensor                     0x08001d8d   Thumb Code    24  stm32f4xx_tim.o(.text)
    TIM_RemapConfig                          0x08001da5   Thumb Code     6  stm32f4xx_tim.o(.text)
    USART_DeInit                             0x08001dad   Thumb Code   156  stm32f4xx_usart.o(.text)
    USART_Init                               0x08001e49   Thumb Code   204  stm32f4xx_usart.o(.text)
    USART_StructInit                         0x08001f15   Thumb Code    24  stm32f4xx_usart.o(.text)
    USART_ClockInit                          0x08001f2d   Thumb Code    32  stm32f4xx_usart.o(.text)
    USART_ClockStructInit                    0x08001f4d   Thumb Code    12  stm32f4xx_usart.o(.text)
    USART_Cmd                                0x08001f59   Thumb Code    24  stm32f4xx_usart.o(.text)
    USART_SetPrescaler                       0x08001f71   Thumb Code    16  stm32f4xx_usart.o(.text)
    USART_OverSampling8Cmd                   0x08001f81   Thumb Code    22  stm32f4xx_usart.o(.text)
    USART_OneBitMethodCmd                    0x08001f97   Thumb Code    24  stm32f4xx_usart.o(.text)
    USART_SendData                           0x08001faf   Thumb Code     8  stm32f4xx_usart.o(.text)
    USART_ReceiveData                        0x08001fb7   Thumb Code    10  stm32f4xx_usart.o(.text)
    USART_SetAddress                         0x08001fc1   Thumb Code    18  stm32f4xx_usart.o(.text)
    USART_ReceiverWakeUpCmd                  0x08001fd3   Thumb Code    24  stm32f4xx_usart.o(.text)
    USART_WakeUpConfig                       0x08001feb   Thumb Code    18  stm32f4xx_usart.o(.text)
    USART_LINBreakDetectLengthConfig         0x08001ffd   Thumb Code    18  stm32f4xx_usart.o(.text)
    USART_LINCmd                             0x0800200f   Thumb Code    24  stm32f4xx_usart.o(.text)
    USART_SendBreak                          0x08002027   Thumb Code    10  stm32f4xx_usart.o(.text)
    USART_HalfDuplexCmd                      0x08002031   Thumb Code    24  stm32f4xx_usart.o(.text)
    USART_SetGuardTime                       0x08002049   Thumb Code    16  stm32f4xx_usart.o(.text)
    USART_SmartCardCmd                       0x08002059   Thumb Code    24  stm32f4xx_usart.o(.text)
    USART_SmartCardNACKCmd                   0x08002071   Thumb Code    24  stm32f4xx_usart.o(.text)
    USART_IrDAConfig                         0x08002089   Thumb Code    18  stm32f4xx_usart.o(.text)
    USART_IrDACmd                            0x0800209b   Thumb Code    24  stm32f4xx_usart.o(.text)
    USART_DMACmd                             0x080020b3   Thumb Code    18  stm32f4xx_usart.o(.text)
    USART_ITConfig                           0x080020c5   Thumb Code    74  stm32f4xx_usart.o(.text)
    USART_GetFlagStatus                      0x0800210f   Thumb Code    26  stm32f4xx_usart.o(.text)
    USART_ClearFlag                          0x08002129   Thumb Code    18  stm32f4xx_usart.o(.text)
    USART_GetITStatus                        0x0800213b   Thumb Code   110  stm32f4xx_usart.o(.text)
    USART_ClearITPendingBit                  0x080021a9   Thumb Code    30  stm32f4xx_usart.o(.text)
    systick                                  0x080021c9   Thumb Code     2  main.o(.text)
    printInfo                                0x080021cb   Thumb Code    94  main.o(.text)
    ledTest                                  0x08002229   Thumb Code   120  main.o(.text)
    button0_interrupt                        0x080022a1   Thumb Code    40  main.o(.text)
    frontWallTest                            0x080022c9   Thumb Code    46  main.o(.text)
    button1_interrupt                        0x080022f7   Thumb Code    30  main.o(.text)
    button2_interrupt                        0x08002315   Thumb Code    30  main.o(.text)
    button3_interrupt                        0x08002333   Thumb Code    36  main.o(.text)
    main                                     0x08002357   Thumb Code   166  main.o(.text)
    NMI_Handler                              0x0800243d   Thumb Code     2  stm32f4xx_it.o(.text)
    HardFault_Handler                        0x0800243f   Thumb Code     4  stm32f4xx_it.o(.text)
    MemManage_Handler                        0x08002443   Thumb Code     4  stm32f4xx_it.o(.text)
    BusFault_Handler                         0x08002447   Thumb Code     4  stm32f4xx_it.o(.text)
    UsageFault_Handler                       0x0800244b   Thumb Code     4  stm32f4xx_it.o(.text)
    SVC_Handler                              0x0800244f   Thumb Code     2  stm32f4xx_it.o(.text)
    DebugMon_Handler                         0x08002451   Thumb Code     2  stm32f4xx_it.o(.text)
    PendSV_Handler                           0x08002453   Thumb Code     2  stm32f4xx_it.o(.text)
    SysTick_Handler                          0x08002455   Thumb Code    42  stm32f4xx_it.o(.text)
    EXTI9_5_IRQHandler                       0x0800247f   Thumb Code    60  stm32f4xx_it.o(.text)
    EXTI15_10_IRQHandler                     0x080024bb   Thumb Code    64  stm32f4xx_it.o(.text)
    Systick_Configuration                    0x08002529   Thumb Code    96  delay.o(.text)
    micros                                   0x08002589   Thumb Code    44  delay.o(.text)
    millis                                   0x080025b5   Thumb Code     6  delay.o(.text)
    delay_ms                                 0x080025bb   Thumb Code    18  delay.o(.text)
    delay_us                                 0x080025cd   Thumb Code    24  delay.o(.text)
    elapseMicros                             0x080025e5   Thumb Code    20  delay.o(.text)
    elapseMillis                             0x080025f9   Thumb Code    18  delay.o(.text)
    LED_Configuration                        0x08002621   Thumb Code   194  led.o(.text)
    button_Configuration                     0x080026f5   Thumb Code   388  button.o(.text)
    usart1_Configuration                     0x08002885   Thumb Code   166  usart.o(.text)
    _sys_exit                                0x0800292b   Thumb Code     6  usart.o(.text)
    fputc                                    0x08002931   Thumb Code    32  usart.o(.text)
    fgetc                                    0x08002951   Thumb Code    24  usart.o(.text)
    PutChar                                  0x08002969   Thumb Code    30  usart.o(.text)
    GetChar                                  0x08002987   Thumb Code    32  usart.o(.text)
    inputChar                                0x080029a7   Thumb Code    48  usart.o(.text)
    inputDigit                               0x080029d7   Thumb Code    50  usart.o(.text)
    inputString                              0x08002a09   Thumb Code    72  usart.o(.text)
    inputDigits                              0x08002a51   Thumb Code    62  usart.o(.text)
    TIM4_GPIO_Config                         0x08002ba9   Thumb Code    88  pwm.o(.text)
    TIM4_Mode_Config                         0x08002c01   Thumb Code   178  pwm.o(.text)
    TIM4_PWM_Init                            0x08002cb3   Thumb Code    12  pwm.o(.text)
    setLeftPwm                               0x08002cbf   Thumb Code    52  pwm.o(.text)
    setRightPwm                              0x08002cf3   Thumb Code    50  pwm.o(.text)
    buzzer_Configuration                     0x08002d3d   Thumb Code   142  buzzer.o(.text)
    beep                                     0x08002dcb   Thumb Code    68  buzzer.o(.text)
    shortBeep                                0x08002e0f   Thumb Code    42  buzzer.o(.text)
    Encoder_Configuration                    0x08002e49   Thumb Code   152  encoder.o(.text)
    getRightEncCount                         0x08002ee1   Thumb Code     8  encoder.o(.text)
    resetRightEncCount                       0x08002ee9   Thumb Code    10  encoder.o(.text)
    getLeftEncCount                          0x08002ef3   Thumb Code     8  encoder.o(.text)
    resetLeftEncCount                        0x08002efb   Thumb Code    10  encoder.o(.text)
    ADC_Config                               0x08002f11   Thumb Code   218  adc.o(.text)
    readADC                                  0x08002feb   Thumb Code    48  adc.o(.text)
    readVolMeter                             0x0800302d   Thumb Code    86  sensor_function.o(.text)
    readSensor                               0x08003083   Thumb Code   410  sensor_function.o(.text)
    readGyro                                 0x0800321d   Thumb Code   136  sensor_function.o(.text)
    lowBatCheck                              0x080032a5   Thumb Code   122  sensor_function.o(.text)
    Reset_Handler                            0x08003365   Thumb Code     8  startup_stm32f4xx.o(.text)
    ADC_IRQHandler                           0x0800337f   Thumb Code     0  startup_stm32f4xx.o(.text)
    CAN1_RX0_IRQHandler                      0x0800337f   Thumb Code     0  startup_stm32f4xx.o(.text)
    CAN1_RX1_IRQHandler                      0x0800337f   Thumb Code     0  startup_stm32f4xx.o(.text)
    CAN1_SCE_IRQHandler                      0x0800337f   Thumb Code     0  startup_stm32f4xx.o(.text)
    CAN1_TX_IRQHandler                       0x0800337f   Thumb Code     0  startup_stm32f4xx.o(.text)
    CAN2_RX0_IRQHandler                      0x0800337f   Thumb Code     0  startup_stm32f4xx.o(.text)
    CAN2_RX1_IRQHandler                      0x0800337f   Thumb Code     0  startup_stm32f4xx.o(.text)
    CAN2_SCE_IRQHandler                      0x0800337f   Thumb Code     0  startup_stm32f4xx.o(.text)
    CAN2_TX_IRQHandler                       0x0800337f   Thumb Code     0  startup_stm32f4xx.o(.text)
    CRYP_IRQHandler                          0x0800337f   Thumb Code     0  startup_stm32f4xx.o(.text)
    DCMI_IRQHandler                          0x0800337f   Thumb Code     0  startup_stm32f4xx.o(.text)
    DMA1_Stream0_IRQHandler                  0x0800337f   Thumb Code     0  startup_stm32f4xx.o(.text)
    DMA1_Stream1_IRQHandler                  0x0800337f   Thumb Code     0  startup_stm32f4xx.o(.text)
    DMA1_Stream2_IRQHandler                  0x0800337f   Thumb Code     0  startup_stm32f4xx.o(.text)
    DMA1_Stream3_IRQHandler                  0x0800337f   Thumb Code     0  startup_stm32f4xx.o(.text)
    DMA1_Stream4_IRQHandler                  0x0800337f   Thumb Code     0  startup_stm32f4xx.o(.text)
    DMA1_Stream5_IRQHandler                  0x0800337f   Thumb Code     0  startup_stm32f4xx.o(.text)
    DMA1_Stream6_IRQHandler                  0x0800337f   Thumb Code     0  startup_stm32f4xx.o(.text)
    DMA1_Stream7_IRQHandler                  0x0800337f   Thumb Code     0  startup_stm32f4xx.o(.text)
    DMA2_Stream0_IRQHandler                  0x0800337f   Thumb Code     0  startup_stm32f4xx.o(.text)
    DMA2_Stream1_IRQHandler                  0x0800337f   Thumb Code     0  startup_stm32f4xx.o(.text)
    DMA2_Stream2_IRQHandler                  0x0800337f   Thumb Code     0  startup_stm32f4xx.o(.text)
    DMA2_Stream3_IRQHandler                  0x0800337f   Thumb Code     0  startup_stm32f4xx.o(.text)
    DMA2_Stream4_IRQHandler                  0x0800337f   Thumb Code     0  startup_stm32f4xx.o(.text)
    DMA2_Stream5_IRQHandler                  0x0800337f   Thumb Code     0  startup_stm32f4xx.o(.text)
    DMA2_Stream6_IRQHandler                  0x0800337f   Thumb Code     0  startup_stm32f4xx.o(.text)
    DMA2_Stream7_IRQHandler                  0x0800337f   Thumb Code     0  startup_stm32f4xx.o(.text)
    ETH_IRQHandler                           0x0800337f   Thumb Code     0  startup_stm32f4xx.o(.text)
    ETH_WKUP_IRQHandler                      0x0800337f   Thumb Code     0  startup_stm32f4xx.o(.text)
    EXTI0_IRQHandler                         0x0800337f   Thumb Code     0  startup_stm32f4xx.o(.text)
    EXTI1_IRQHandler                         0x0800337f   Thumb Code     0  startup_stm32f4xx.o(.text)
    EXTI2_IRQHandler                         0x0800337f   Thumb Code     0  startup_stm32f4xx.o(.text)
    EXTI3_IRQHandler                         0x0800337f   Thumb Code     0  startup_stm32f4xx.o(.text)
    EXTI4_IRQHandler                         0x0800337f   Thumb Code     0  startup_stm32f4xx.o(.text)
    FLASH_IRQHandler                         0x0800337f   Thumb Code     0  startup_stm32f4xx.o(.text)
    FPU_IRQHandler                           0x0800337f   Thumb Code     0  startup_stm32f4xx.o(.text)
    FSMC_IRQHandler                          0x0800337f   Thumb Code     0  startup_stm32f4xx.o(.text)
    HASH_RNG_IRQHandler                      0x0800337f   Thumb Code     0  startup_stm32f4xx.o(.text)
    I2C1_ER_IRQHandler                       0x0800337f   Thumb Code     0  startup_stm32f4xx.o(.text)
    I2C1_EV_IRQHandler                       0x0800337f   Thumb Code     0  startup_stm32f4xx.o(.text)
    I2C2_ER_IRQHandler                       0x0800337f   Thumb Code     0  startup_stm32f4xx.o(.text)
    I2C2_EV_IRQHandler                       0x0800337f   Thumb Code     0  startup_stm32f4xx.o(.text)
    I2C3_ER_IRQHandler                       0x0800337f   Thumb Code     0  startup_stm32f4xx.o(.text)
    I2C3_EV_IRQHandler                       0x0800337f   Thumb Code     0  startup_stm32f4xx.o(.text)
    OTG_FS_IRQHandler                        0x0800337f   Thumb Code     0  startup_stm32f4xx.o(.text)
    OTG_FS_WKUP_IRQHandler                   0x0800337f   Thumb Code     0  startup_stm32f4xx.o(.text)
    OTG_HS_EP1_IN_IRQHandler                 0x0800337f   Thumb Code     0  startup_stm32f4xx.o(.text)
    OTG_HS_EP1_OUT_IRQHandler                0x0800337f   Thumb Code     0  startup_stm32f4xx.o(.text)
    OTG_HS_IRQHandler                        0x0800337f   Thumb Code     0  startup_stm32f4xx.o(.text)
    OTG_HS_WKUP_IRQHandler                   0x0800337f   Thumb Code     0  startup_stm32f4xx.o(.text)
    PVD_IRQHandler                           0x0800337f   Thumb Code     0  startup_stm32f4xx.o(.text)
    RCC_IRQHandler                           0x0800337f   Thumb Code     0  startup_stm32f4xx.o(.text)
    RTC_Alarm_IRQHandler                     0x0800337f   Thumb Code     0  startup_stm32f4xx.o(.text)
    RTC_WKUP_IRQHandler                      0x0800337f   Thumb Code     0  startup_stm32f4xx.o(.text)
    SDIO_IRQHandler                          0x0800337f   Thumb Code     0  startup_stm32f4xx.o(.text)
    SPI1_IRQHandler                          0x0800337f   Thumb Code     0  startup_stm32f4xx.o(.text)
    SPI2_IRQHandler                          0x0800337f   Thumb Code     0  startup_stm32f4xx.o(.text)
    SPI3_IRQHandler                          0x0800337f   Thumb Code     0  startup_stm32f4xx.o(.text)
    TAMP_STAMP_IRQHandler                    0x0800337f   Thumb Code     0  startup_stm32f4xx.o(.text)
    TIM1_BRK_TIM9_IRQHandler                 0x0800337f   Thumb Code     0  startup_stm32f4xx.o(.text)
    TIM1_CC_IRQHandler                       0x0800337f   Thumb Code     0  startup_stm32f4xx.o(.text)
    TIM1_TRG_COM_TIM11_IRQHandler            0x0800337f   Thumb Code     0  startup_stm32f4xx.o(.text)
    TIM1_UP_TIM10_IRQHandler                 0x0800337f   Thumb Code     0  startup_stm32f4xx.o(.text)
    TIM2_IRQHandler                          0x0800337f   Thumb Code     0  startup_stm32f4xx.o(.text)
    TIM3_IRQHandler                          0x0800337f   Thumb Code     0  startup_stm32f4xx.o(.text)
    TIM4_IRQHandler                          0x0800337f   Thumb Code     0  startup_stm32f4xx.o(.text)
    TIM5_IRQHandler                          0x0800337f   Thumb Code     0  startup_stm32f4xx.o(.text)
    TIM6_DAC_IRQHandler                      0x0800337f   Thumb Code     0  startup_stm32f4xx.o(.text)
    TIM7_IRQHandler                          0x0800337f   Thumb Code     0  startup_stm32f4xx.o(.text)
    TIM8_BRK_TIM12_IRQHandler                0x0800337f   Thumb Code     0  startup_stm32f4xx.o(.text)
    TIM8_CC_IRQHandler                       0x0800337f   Thumb Code     0  startup_stm32f4xx.o(.text)
    TIM8_TRG_COM_TIM14_IRQHandler            0x0800337f   Thumb Code     0  startup_stm32f4xx.o(.text)
    TIM8_UP_TIM13_IRQHandler                 0x0800337f   Thumb Code     0  startup_stm32f4xx.o(.text)
    UART4_IRQHandler                         0x0800337f   Thumb Code     0  startup_stm32f4xx.o(.text)
    UART5_IRQHandler                         0x0800337f   Thumb Code     0  startup_stm32f4xx.o(.text)
    USART1_IRQHandler                        0x0800337f   Thumb Code     0  startup_stm32f4xx.o(.text)
    USART2_IRQHandler                        0x0800337f   Thumb Code     0  startup_stm32f4xx.o(.text)
    USART3_IRQHandler                        0x0800337f   Thumb Code     0  startup_stm32f4xx.o(.text)
    USART6_IRQHandler                        0x0800337f   Thumb Code     0  startup_stm32f4xx.o(.text)
    WWDG_IRQHandler                          0x0800337f   Thumb Code     0  startup_stm32f4xx.o(.text)
    __user_initial_stackheap                 0x08003381   Thumb Code     0  startup_stm32f4xx.o(.text)
    SystemInit                               0x0800350f   Thumb Code    88  system_stm32f4xx.o(.text)
    SystemCoreClockUpdate                    0x08003567   Thumb Code   174  system_stm32f4xx.o(.text)
    __use_no_semihosting                     0x08003641   Thumb Code     2  use_no_semi_2.o(.text)
    __2printf                                0x08003645   Thumb Code    20  noretval__2printf.o(.text)
    _printf_pre_padding                      0x0800365d   Thumb Code    46  _printf_pad.o(.text)
    _printf_post_padding                     0x0800368b   Thumb Code    36  _printf_pad.o(.text)
    _printf_str                              0x080036af   Thumb Code    82  _printf_str.o(.text)
    _printf_int_dec                          0x08003701   Thumb Code   102  _printf_dec.o(.text)
    __printf                                 0x08003779   Thumb Code   270  __printf_wp.o(.text)
    __0scanf                                 0x08003889   Thumb Code    26  __0scanf.o(.text)
    _scanf_int                               0x080038a9   Thumb Code   336  _scanf_int.o(.text)
    _scanf_string                            0x080039f9   Thumb Code   218  _scanf_str.o(.text)
    strcmp                                   0x08003ad5   Thumb Code   128  strcmpv7m.o(.text)
    __use_two_region_memory                  0x08003b55   Thumb Code     2  heapauxi.o(.text)
    __rt_heap_escrow$2region                 0x08003b57   Thumb Code     2  heapauxi.o(.text)
    __rt_heap_expand$2region                 0x08003b59   Thumb Code     2  heapauxi.o(.text)
    __I$use$semihosting                      0x08003b5b   Thumb Code     0  use_no_semi.o(.text)
    __use_no_semihosting_swi                 0x08003b5b   Thumb Code     2  use_no_semi.o(.text)
    _printf_int_common                       0x08003b5d   Thumb Code   184  _printf_intcommon.o(.text)
    _printf_cs_common                        0x08003c15   Thumb Code    20  _printf_char.o(.text)
    _printf_char                             0x08003c29   Thumb Code    16  _printf_char.o(.text)
    _printf_string                           0x08003c39   Thumb Code     8  _printf_char.o(.text)
    _printf_char_file                        0x08003c41   Thumb Code    32  _printf_char_file.o(.text)
    _chval                                   0x08003c65   Thumb Code    28  _chval.o(.text)
    __vfscanf_char_file                      0x08003c81   Thumb Code    16  scanf_char_file.o(.text)
    _printf_char_common                      0x08003ca3   Thumb Code    32  _printf_char_common.o(.text)
    __vfscanf_char                           0x08003cd5   Thumb Code    24  scanf_char.o(.text)
    ___backspace$unlocked                    0x08003cf5   Thumb Code     2  backspace.o(.text)
    __backspace                              0x08003cf7   Thumb Code    70  backspace.o(.text)
    ferror                                   0x08003d3d   Thumb Code     8  ferror.o(.text)
    __user_setup_stackheap                   0x08003d45   Thumb Code    74  sys_stackheap_outer.o(.text)
    isspace                                  0x08003d8f   Thumb Code    18  isspace.o(.text)
    __vfscanf                                0x08003da1   Thumb Code   876  _scanf.o(.text)
    _ungetc_internal                         0x08004111   Thumb Code    60  ungetc.o(.text)
    ungetc                                   0x08004111   Thumb Code     0  ungetc.o(.text)
    exit                                     0x08004159   Thumb Code    12  exit.o(.text)
    __user_libspace                          0x08004165   Thumb Code     8  libspace.o(.text)
    __user_perproc_libspace                  0x08004165   Thumb Code     0  libspace.o(.text)
    __user_perthread_libspace                0x08004165   Thumb Code     0  libspace.o(.text)
    __rt_ctype_table                         0x0800416d   Thumb Code    16  rt_ctype_table.o(.text)
    __rt_locale                              0x0800417d   Thumb Code     8  rt_locale_intlibspace.o(.text)
    _is_digit                                0x08004185   Thumb Code    14  __printf_wp.o(i._is_digit)
    _get_lc_ctype                            0x08004195   Thumb Code    44  lc_ctype_c.o(locale$$code)
    __aeabi_ddiv                             0x080041c1   Thumb Code     0  ddiv.o(x$fpl$ddiv)
    _ddiv                                    0x080041c1   Thumb Code   552  ddiv.o(x$fpl$ddiv)
    __aeabi_d2iz                             0x08004471   Thumb Code     0  dfix.o(x$fpl$dfix)
    _dfix                                    0x08004471   Thumb Code    94  dfix.o(x$fpl$dfix)
    __aeabi_i2d                              0x080044cf   Thumb Code     0  dflt_clz.o(x$fpl$dflt)
    _dflt                                    0x080044cf   Thumb Code    46  dflt_clz.o(x$fpl$dflt)
    __fpl_dnaninf                            0x080044fd   Thumb Code   156  dnaninf.o(x$fpl$dnaninf)
    __fpl_dretinf                            0x08004599   Thumb Code    12  dretinf.o(x$fpl$dretinf)
    _fp_init                                 0x080045a5   Thumb Code    10  fpinit.o(x$fpl$fpinit)
    __fplib_config_fpu_vfp                   0x080045ad   Thumb Code     0  fpinit.o(x$fpl$fpinit)
    __fplib_config_pureend_doubles           0x080045ad   Thumb Code     0  fpinit.o(x$fpl$fpinit)
    __I$use$fp                               0x080045ae   Number         0  usenofp.o(x$fpl$usenofp)
    Region$$Table$$Base                      0x08004634   Number         0  anon$$obj.o(Region$$Table)
    Region$$Table$$Limit                     0x08004654   Number         0  anon$$obj.o(Region$$Table)
    __ctype                                  0x08004661   Data           0  lc_ctype_c.o(locale$$data)
    Micros                                   0x20000010   Data           4  delay.o(.data)
    Millis                                   0x20000014   Data           4  delay.o(.data)
    __stdout                                 0x20000018   Data           4  usart.o(.data)
    __stdin                                  0x2000001c   Data           4  usart.o(.data)
    CCR1_Val                                 0x20000020   Data           2  pwm.o(.data)
    CCR2_Val                                 0x20000022   Data           2  pwm.o(.data)
    CCR3_Val                                 0x20000024   Data           2  pwm.o(.data)
    CCR4_Val                                 0x20000026   Data           2  pwm.o(.data)
    buzzerTime                               0x20000028   Data           4  buzzer.o(.data)
    reflectionRate                           0x2000002c   Data           4  sensor_function.o(.data)
    volMeter                                 0x20000030   Data           4  sensor_function.o(.data)
    voltage                                  0x20000034   Data           4  sensor_function.o(.data)
    LFSensor                                 0x20000038   Data           4  sensor_function.o(.data)
    RFSensor                                 0x2000003c   Data           4  sensor_function.o(.data)
    DLSensor                                 0x20000040   Data           4  sensor_function.o(.data)
    DRSensor                                 0x20000044   Data           4  sensor_function.o(.data)
    Outz                                     0x20000048   Data           4  sensor_function.o(.data)
    aSpeed                                   0x2000004c   Data           4  sensor_function.o(.data)
    angle                                    0x20000050   Data           4  sensor_function.o(.data)
    SystemCoreClock                          0x20000054   Data           4  system_stm32f4xx.o(.data)
    AHBPrescTable                            0x20000058   Data          16  system_stm32f4xx.o(.data)
    __libspace_start                         0x20000068   Data          96  libspace.o(.bss)
    __temporary_stack_top$libspace           0x200000c8   Data           0  libspace.o(.bss)



==============================================================================

Memory Map of the image

  Image Entry point : 0x08000189

  Load Region LR_IROM1 (Base: 0x08000000, Size: 0x000047cc, Max: 0x00100000, ABSOLUTE)

    Execution Region ER_IROM1 (Base: 0x08000000, Size: 0x00004764, Max: 0x00100000, ABSOLUTE)

    Base Addr    Size         Type   Attr      Idx    E Section Name        Object

    0x08000000   0x00000188   Data   RO          631    RESET               startup_stm32f4xx.o
    0x08000188   0x00000008   Code   RO          713  * !!!main             c_w.l(__main.o)
    0x08000190   0x00000034   Code   RO          967    !!!scatter          c_w.l(__scatter.o)
    0x080001c4   0x0000001a   Code   RO          969    !!handler_copy      c_w.l(__scatter_copy.o)
    0x080001de   0x00000002   PAD
    0x080001e0   0x0000001c   Code   RO          971    !!handler_zi        c_w.l(__scatter_zi.o)
    0x080001fc   0x00000000   Code   RO          702    .ARM.Collect$$_printf_percent$$00000000  c_w.l(_printf_percent.o)
    0x080001fc   0x00000006   Code   RO          701    .ARM.Collect$$_printf_percent$$00000009  c_w.l(_printf_d.o)
    0x08000202   0x00000006   Code   RO          699    .ARM.Collect$$_printf_percent$$00000013  c_w.l(_printf_c.o)
    0x08000208   0x00000006   Code   RO          700    .ARM.Collect$$_printf_percent$$00000014  c_w.l(_printf_s.o)
    0x0800020e   0x00000004   Code   RO          738    .ARM.Collect$$_printf_percent$$00000017  c_w.l(_printf_percent_end.o)
    0x08000212   0x00000002   Code   RO          792    .ARM.Collect$$libinit$$00000000  c_w.l(libinit.o)
    0x08000214   0x00000004   Code   RO          800    .ARM.Collect$$libinit$$00000001  c_w.l(libinit2.o)
    0x08000218   0x00000000   Code   RO          804    .ARM.Collect$$libinit$$00000008  c_w.l(libinit2.o)
    0x08000218   0x00000000   Code   RO          806    .ARM.Collect$$libinit$$0000000A  c_w.l(libinit2.o)
    0x08000218   0x00000000   Code   RO          808    .ARM.Collect$$libinit$$0000000C  c_w.l(libinit2.o)
    0x08000218   0x00000006   Code   RO          809    .ARM.Collect$$libinit$$0000000D  c_w.l(libinit2.o)
    0x0800021e   0x00000000   Code   RO          811    .ARM.Collect$$libinit$$0000000F  c_w.l(libinit2.o)
    0x0800021e   0x0000000c   Code   RO          812    .ARM.Collect$$libinit$$00000010  c_w.l(libinit2.o)
    0x0800022a   0x00000000   Code   RO          813    .ARM.Collect$$libinit$$00000011  c_w.l(libinit2.o)
    0x0800022a   0x00000000   Code   RO          815    .ARM.Collect$$libinit$$00000013  c_w.l(libinit2.o)
    0x0800022a   0x00000000   Code   RO          817    .ARM.Collect$$libinit$$00000015  c_w.l(libinit2.o)
    0x0800022a   0x00000000   Code   RO          819    .ARM.Collect$$libinit$$00000017  c_w.l(libinit2.o)
    0x0800022a   0x00000000   Code   RO          821    .ARM.Collect$$libinit$$00000019  c_w.l(libinit2.o)
    0x0800022a   0x00000000   Code   RO          823    .ARM.Collect$$libinit$$0000001B  c_w.l(libinit2.o)
    0x0800022a   0x00000000   Code   RO          825    .ARM.Collect$$libinit$$0000001D  c_w.l(libinit2.o)
    0x0800022a   0x00000000   Code   RO          827    .ARM.Collect$$libinit$$0000001F  c_w.l(libinit2.o)
    0x0800022a   0x00000000   Code   RO          829    .ARM.Collect$$libinit$$00000021  c_w.l(libinit2.o)
    0x0800022a   0x00000000   Code   RO          831    .ARM.Collect$$libinit$$00000023  c_w.l(libinit2.o)
    0x0800022a   0x00000000   Code   RO          835    .ARM.Collect$$libinit$$0000002A  c_w.l(libinit2.o)
    0x0800022a   0x00000000   Code   RO          837    .ARM.Collect$$libinit$$0000002C  c_w.l(libinit2.o)
    0x0800022a   0x00000000   Code   RO          839    .ARM.Collect$$libinit$$0000002E  c_w.l(libinit2.o)
    0x0800022a   0x00000000   Code   RO          841    .ARM.Collect$$libinit$$00000030  c_w.l(libinit2.o)
    0x0800022a   0x00000002   Code   RO          842    .ARM.Collect$$libinit$$00000031  c_w.l(libinit2.o)
    0x0800022c   0x00000002   Code   RO          906    .ARM.Collect$$libshutdown$$00000000  c_w.l(libshutdown.o)
    0x0800022e   0x00000000   Code   RO          921    .ARM.Collect$$libshutdown$$00000003  c_w.l(libshutdown2.o)
    0x0800022e   0x00000000   Code   RO          924    .ARM.Collect$$libshutdown$$00000006  c_w.l(libshutdown2.o)
    0x0800022e   0x00000000   Code   RO          927    .ARM.Collect$$libshutdown$$00000009  c_w.l(libshutdown2.o)
    0x0800022e   0x00000000   Code   RO          929    .ARM.Collect$$libshutdown$$0000000B  c_w.l(libshutdown2.o)
    0x0800022e   0x00000000   Code   RO          932    .ARM.Collect$$libshutdown$$0000000E  c_w.l(libshutdown2.o)
    0x0800022e   0x00000002   Code   RO          933    .ARM.Collect$$libshutdown$$0000000F  c_w.l(libshutdown2.o)
    0x08000230   0x00000000   Code   RO          731    .ARM.Collect$$rtentry$$00000000  c_w.l(rtentry.o)
    0x08000230   0x00000000   Code   RO          749    .ARM.Collect$$rtentry$$00000002  c_w.l(rtentry2.o)
    0x08000230   0x00000006   Code   RO          761    .ARM.Collect$$rtentry$$00000004  c_w.l(rtentry4.o)
    0x08000236   0x00000000   Code   RO          751    .ARM.Collect$$rtentry$$00000009  c_w.l(rtentry2.o)
    0x08000236   0x00000004   Code   RO          752    .ARM.Collect$$rtentry$$0000000A  c_w.l(rtentry2.o)
    0x0800023a   0x00000000   Code   RO          754    .ARM.Collect$$rtentry$$0000000C  c_w.l(rtentry2.o)
    0x0800023a   0x00000008   Code   RO          755    .ARM.Collect$$rtentry$$0000000D  c_w.l(rtentry2.o)
    0x08000242   0x00000002   Code   RO          796    .ARM.Collect$$rtexit$$00000000  c_w.l(rtexit.o)
    0x08000244   0x00000000   Code   RO          844    .ARM.Collect$$rtexit$$00000002  c_w.l(rtexit2.o)
    0x08000244   0x00000004   Code   RO          845    .ARM.Collect$$rtexit$$00000003  c_w.l(rtexit2.o)
    0x08000248   0x00000006   Code   RO          846    .ARM.Collect$$rtexit$$00000004  c_w.l(rtexit2.o)
    0x0800024e   0x00000002   PAD
    0x08000250   0x000000e4   Code   RO            3    .text               misc.o
    0x08000334   0x0000045e   Code   RO          130    .text               stm32f4xx_adc.o
    0x08000792   0x00000002   PAD
    0x08000794   0x0000011c   Code   RO          170    .text               stm32f4xx_exti.o
    0x080008b0   0x0000024c   Code   RO          210    .text               stm32f4xx_gpio.o
    0x08000afc   0x00000580   Code   RO          230    .text               stm32f4xx_rcc.o
    0x0800107c   0x0000008c   Code   RO          272    .text               stm32f4xx_syscfg.o
    0x08001108   0x00000ca2   Code   RO          292    .text               stm32f4xx_tim.o
    0x08001daa   0x00000002   PAD
    0x08001dac   0x0000041a   Code   RO          312    .text               stm32f4xx_usart.o
    0x080021c6   0x00000002   PAD
    0x080021c8   0x00000274   Code   RO          332    .text               main.o
    0x0800243c   0x000000cc   Code   RO          393    .text               stm32f4xx_it.o
    0x08002508   0x00000118   Code   RO          416    .text               delay.o
    0x08002620   0x000000d4   Code   RO          446    .text               led.o
    0x080026f4   0x00000190   Code   RO          466    .text               button.o
    0x08002884   0x00000324   Code   RO          486    .text               usart.o
    0x08002ba8   0x00000194   Code   RO          516    .text               pwm.o
    0x08002d3c   0x0000010c   Code   RO          539    .text               buzzer.o
    0x08002e48   0x000000c8   Code   RO          565    .text               encoder.o
    0x08002f10   0x0000011c   Code   RO          585    .text               adc.o
    0x0800302c   0x00000338   Code   RO          605    .text               sensor_function.o
    0x08003364   0x00000040   Code   RO          632    .text               startup_stm32f4xx.o
    0x080033a4   0x0000029c   Code   RO          638    .text               system_stm32f4xx.o
    0x08003640   0x00000002   Code   RO          665    .text               c_w.l(use_no_semi_2.o)
    0x08003642   0x00000002   PAD
    0x08003644   0x00000018   Code   RO          669    .text               c_w.l(noretval__2printf.o)
    0x0800365c   0x00000052   Code   RO          673    .text               c_w.l(_printf_pad.o)
    0x080036ae   0x00000052   Code   RO          675    .text               c_w.l(_printf_str.o)
    0x08003700   0x00000078   Code   RO          677    .text               c_w.l(_printf_dec.o)
    0x08003778   0x0000010e   Code   RO          687    .text               c_w.l(__printf_wp.o)
    0x08003886   0x00000002   PAD
    0x08003888   0x00000020   Code   RO          703    .text               c_w.l(__0scanf.o)
    0x080038a8   0x00000150   Code   RO          705    .text               c_w.l(_scanf_int.o)
    0x080039f8   0x000000da   Code   RO          707    .text               c_w.l(_scanf_str.o)
    0x08003ad2   0x00000002   PAD
    0x08003ad4   0x00000080   Code   RO          709    .text               c_w.l(strcmpv7m.o)
    0x08003b54   0x00000006   Code   RO          711    .text               c_w.l(heapauxi.o)
    0x08003b5a   0x00000002   Code   RO          729    .text               c_w.l(use_no_semi.o)
    0x08003b5c   0x000000b8   Code   RO          732    .text               c_w.l(_printf_intcommon.o)
    0x08003c14   0x0000002c   Code   RO          734    .text               c_w.l(_printf_char.o)
    0x08003c40   0x00000024   Code   RO          736    .text               c_w.l(_printf_char_file.o)
    0x08003c64   0x0000001c   Code   RO          739    .text               c_w.l(_chval.o)
    0x08003c80   0x00000018   Code   RO          741    .text               c_w.l(scanf_char_file.o)
    0x08003c98   0x00000030   Code   RO          763    .text               c_w.l(_printf_char_common.o)
    0x08003cc8   0x0000002c   Code   RO          765    .text               c_w.l(scanf_char.o)
    0x08003cf4   0x00000048   Code   RO          767    .text               c_w.l(backspace.o)
    0x08003d3c   0x00000008   Code   RO          769    .text               c_w.l(ferror.o)
    0x08003d44   0x0000004a   Code   RO          775    .text               c_w.l(sys_stackheap_outer.o)
    0x08003d8e   0x00000012   Code   RO          777    .text               c_w.l(isspace.o)
    0x08003da0   0x00000370   Code   RO          781    .text               c_w.l(_scanf.o)
    0x08004110   0x00000048   Code   RO          783    .text               c_w.l(ungetc.o)
    0x08004158   0x0000000c   Code   RO          785    .text               c_w.l(exit.o)
    0x08004164   0x00000008   Code   RO          793    .text               c_w.l(libspace.o)
    0x0800416c   0x00000010   Code   RO          798    .text               c_w.l(rt_ctype_table.o)
    0x0800417c   0x00000008   Code   RO          853    .text               c_w.l(rt_locale_intlibspace.o)
    0x08004184   0x0000000e   Code   RO          689    i._is_digit         c_w.l(__printf_wp.o)
    0x08004192   0x00000002   PAD
    0x08004194   0x0000002c   Code   RO          865    locale$$code        c_w.l(lc_ctype_c.o)
    0x080041c0   0x000002b0   Code   RO          716    x$fpl$ddiv          fz_wm.l(ddiv.o)
    0x08004470   0x0000005e   Code   RO          719    x$fpl$dfix          fz_wm.l(dfix.o)
    0x080044ce   0x0000002e   Code   RO          724    x$fpl$dflt          fz_wm.l(dflt_clz.o)
    0x080044fc   0x0000009c   Code   RO          743    x$fpl$dnaninf       fz_wm.l(dnaninf.o)
    0x08004598   0x0000000c   Code   RO          745    x$fpl$dretinf       fz_wm.l(dretinf.o)
    0x080045a4   0x0000000a   Code   RO          872    x$fpl$fpinit        fz_wm.l(fpinit.o)
    0x080045ae   0x00000000   Code   RO          747    x$fpl$usenofp       fz_wm.l(usenofp.o)
    0x080045ae   0x00000002   PAD
    0x080045b0   0x00000082   Data   RO          333    .constdata          main.o
    0x08004632   0x00000002   PAD
    0x08004634   0x00000020   Data   RO          965    Region$$Table       anon$$obj.o
    0x08004654   0x00000110   Data   RO          864    locale$$data        c_w.l(lc_ctype_c.o)


    Execution Region RW_IRAM1 (Base: 0x20000000, Size: 0x000006c8, Max: 0x00020000, ABSOLUTE)

    Base Addr    Size         Type   Attr      Idx    E Section Name        Object

    0x20000000   0x00000010   Data   RW          231    .data               stm32f4xx_rcc.o
    0x20000010   0x00000008   Data   RW          417    .data               delay.o
    0x20000018   0x00000008   Data   RW          487    .data               usart.o
    0x20000020   0x00000008   Data   RW          517    .data               pwm.o
    0x20000028   0x00000004   Data   RW          540    .data               buzzer.o
    0x2000002c   0x00000028   Data   RW          606    .data               sensor_function.o
    0x20000054   0x00000014   Data   RW          640    .data               system_stm32f4xx.o
    0x20000068   0x00000060   Zero   RW          794    .bss                c_w.l(libspace.o)
    0x200000c8   0x00000200   Zero   RW          630    HEAP                startup_stm32f4xx.o
    0x200002c8   0x00000400   Zero   RW          629    STACK               startup_stm32f4xx.o


==============================================================================

Image component sizes


      Code (inc. data)   RO Data    RW Data    ZI Data      Debug   Object Name

       284         18          0          0          0       1249   adc.o
       400         12          0          0          0        875   button.o
       268         16          0          4          0       1327   buzzer.o
       280         22          0          8          0      28861   delay.o
       200         12          0          0          0       1234   encoder.o
       212         18          0          0          0        588   led.o
       628         64        130          0          0       1723   main.o
       228         22          0          0          0     275913   misc.o
       404         24          0          8          0       1687   pwm.o
       824         70          0         40          0       1719   sensor_function.o
        64         26        392          0       1536        796   startup_stm32f4xx.o
      1118         28          0          0          0      10422   stm32f4xx_adc.o
       284         10          0          0          0       2259   stm32f4xx_exti.o
       588         36          0          0          0       4005   stm32f4xx_gpio.o
       204         14          0          0          0       1694   stm32f4xx_it.o
      1408         48          0         16          0      10871   stm32f4xx_rcc.o
       140         12          0          0          0       1659   stm32f4xx_syscfg.o
      3234         60          0          0          0      22260   stm32f4xx_tim.o
      1050         26          0          0          0       7736   stm32f4xx_usart.o
       668         44          0         20          0       1961   system_stm32f4xx.o
       804        282          0          8          0       4260   usart.o

    ----------------------------------------------------------------------
     13296        864        556        104       1536     383099   Object Totals
         0          0         32          0          0          0   (incl. Generated)
         6          0          2          0          0          0   (incl. Padding)

    ----------------------------------------------------------------------

      Code (inc. data)   RO Data    RW Data    ZI Data      Debug   Library Member Name

        32          6          0          0          0         84   __0scanf.o
         8          0          0          0          0         68   __main.o
       284          0          0          0          0        156   __printf_wp.o
        52          8          0          0          0          0   __scatter.o
        26          0          0          0          0          0   __scatter_copy.o
        28          0          0          0          0          0   __scatter_zi.o
        28          0          0          0          0         68   _chval.o
         6          0          0          0          0          0   _printf_c.o
        44          0          0          0          0        108   _printf_char.o
        48          6          0          0          0         96   _printf_char_common.o
        36          4          0          0          0         80   _printf_char_file.o
         6          0          0          0          0          0   _printf_d.o
       120         18          0          0          0         92   _printf_dec.o
       184          0          0          0          0         88   _printf_intcommon.o
        82          0          0          0          0        108   _printf_pad.o
         0          0          0          0          0          0   _printf_percent.o
         4          0          0          0          0          0   _printf_percent_end.o
         6          0          0          0          0          0   _printf_s.o
        82          0          0          0          0         80   _printf_str.o
       880          4          0          0          0        100   _scanf.o
       336          0          0          0          0         92   _scanf_int.o
       218          0          0          0          0         92   _scanf_str.o
        72          0          0          0          0         92   backspace.o
        12          0          0          0          0         72   exit.o
         8          0          0          0          0         68   ferror.o
         6          0          0          0          0        152   heapauxi.o
        18          0          0          0          0         76   isspace.o
        44         10        272          0          0         76   lc_ctype_c.o
         2          0          0          0          0          0   libinit.o
        24          0          0          0          0          0   libinit2.o
         2          0          0          0          0          0   libshutdown.o
         2          0          0          0          0          0   libshutdown2.o
         8          4          0          0         96         68   libspace.o
        24          4          0          0          0         84   noretval__2printf.o
        16          4          0          0          0         76   rt_ctype_table.o
         8          4          0          0          0         68   rt_locale_intlibspace.o
         0          0          0          0          0          0   rtentry.o
        12          0          0          0          0          0   rtentry2.o
         6          0          0          0          0          0   rtentry4.o
         2          0          0          0          0          0   rtexit.o
        10          0          0          0          0          0   rtexit2.o
        44          8          0          0          0         84   scanf_char.o
        24          8          0          0          0         68   scanf_char_file.o
       128          0          0          0          0         68   strcmpv7m.o
        74          0          0          0          0         80   sys_stackheap_outer.o
        72         12          0          0          0         68   ungetc.o
         2          0          0          0          0         68   use_no_semi.o
         2          0          0          0          0         68   use_no_semi_2.o
       688        140          0          0          0        260   ddiv.o
        94          4          0          0          0        140   dfix.o
        46          0          0          0          0        116   dflt_clz.o
       156          4          0          0          0        140   dnaninf.o
        12          0          0          0          0        116   dretinf.o
        10          0          0          0          0        116   fpinit.o
         0          0          0          0          0          0   usenofp.o

    ----------------------------------------------------------------------
      4152        248        272          0         96       3536   Library Totals
        14          0          0          0          0          0   (incl. Padding)

    ----------------------------------------------------------------------

      Code (inc. data)   RO Data    RW Data    ZI Data      Debug   Library Name

      3132        100        272          0         96       2648   c_w.l
      1006        148          0          0          0        888   fz_wm.l

    ----------------------------------------------------------------------
      4152        248        272          0         96       3536   Library Totals

    ----------------------------------------------------------------------

==============================================================================


      Code (inc. data)   RO Data    RW Data    ZI Data      Debug   

     17448       1112        828        104       1632     379775   Grand Totals
     17448       1112        828        104       1632     379775   ELF Image Totals
     17448       1112        828        104          0          0   ROM Totals

==============================================================================

    Total RO  Size (Code + RO Data)                18276 (  17.85kB)
    Total RW  Size (RW Data + ZI Data)              1736 (   1.70kB)
    Total ROM Size (Code + RO Data + RW Data)      18380 (  17.95kB)

==============================================================================

