ARM Linker, 5.02 [Build 28] [MDK-ARM Lite]

==============================================================================

Section Cross References

    stm32f4xx_adc.o(.text) refers to stm32f4xx_rcc.o(.text) for RCC_APB2PeriphResetCmd
    stm32f4xx_gpio.o(.text) refers to stm32f4xx_rcc.o(.text) for RCC_AHB1PeriphResetCmd
    stm32f4xx_rcc.o(.text) refers to stm32f4xx_rcc.o(.data) for .data
    stm32f4xx_spi.o(.text) refers to stm32f4xx_rcc.o(.text) for RCC_APB2PeriphResetCmd
    stm32f4xx_syscfg.o(.text) refers to stm32f4xx_rcc.o(.text) for RCC_APB2PeriphResetCmd
    stm32f4xx_tim.o(.text) refers to stm32f4xx_rcc.o(.text) for RCC_APB2PeriphResetCmd
    stm32f4xx_usart.o(.text) refers to stm32f4xx_rcc.o(.text) for RCC_APB2PeriphResetCmd
    main.o(.text) refers to _printf_pad.o(.text) for _printf_pre_padding
    main.o(.text) refers to _printf_percent.o(.ARM.Collect$$_printf_percent$$00000000) for _printf_percent
    main.o(.text) refers to _printf_d.o(.ARM.Collect$$_printf_percent$$00000009) for _printf_d
    main.o(.text) refers to _printf_f.o(.ARM.Collect$$_printf_percent$$00000003) for _printf_f
    main.o(.text) refers to _printf_dec.o(.text) for _printf_int_dec
    main.o(.text) refers to printf1.o(x$fpl$printf1) for _printf_fp_dec
    main.o(.text) refers to sensor_function.o(.text) for lowBatCheck
    main.o(.text) refers to speedprofile.o(.text) for speedProfile
    main.o(.text) refers to delay.o(.text) for Systick_Configuration
    main.o(.text) refers to led.o(.text) for LED_Configuration
    main.o(.text) refers to button.o(.text) for button_Configuration
    main.o(.text) refers to usart.o(.text) for usart1_Configuration
    main.o(.text) refers to pwm.o(.text) for TIM4_PWM_Init
    main.o(.text) refers to encoder.o(.text) for Encoder_Configuration
    main.o(.text) refers to buzzer.o(.text) for buzzer_Configuration
    main.o(.text) refers to adc.o(.text) for ADC_Config
    main.o(.text) refers to stm32f4xx_gpio.o(.text) for GPIO_ResetBits
    main.o(.text) refers to f2d.o(x$fpl$f2d) for __aeabi_f2d
    main.o(.text) refers to noretval__2printf.o(.text) for __2printf
    main.o(.text) refers to test.o(.text) for ledTest
    main.o(.text) refers to turn.o(.text) for pivotTurn
    main.o(.text) refers to align.o(.text) for alignFrontWall
    main.o(.text) refers to main.o(.data) for .data
    main.o(.text) refers to speedprofile.o(.data) for curSpeedX
    main.o(.text) refers to sensor_function.o(.data) for angle
    main.o(.text) refers to main.o(.constdata) for .constdata
    stm32f4xx_it.o(.text) refers to main.o(.text) for systick
    stm32f4xx_it.o(.text) refers to stm32f4xx_exti.o(.text) for EXTI_GetITStatus
    stm32f4xx_it.o(.text) refers to delay.o(.text) for delay_ms
    stm32f4xx_it.o(.text) refers to delay.o(.data) for Millis
    stm32f4xx_it.o(.text) refers to buzzer.o(.data) for buzzerTime
    delay.o(.text) refers to system_stm32f4xx.o(.text) for SystemInit
    delay.o(.text) refers to misc.o(.text) for NVIC_PriorityGroupConfig
    delay.o(.text) refers to system_stm32f4xx.o(.data) for SystemCoreClock
    delay.o(.text) refers to delay.o(.data) for .data
    led.o(.text) refers to stm32f4xx_rcc.o(.text) for RCC_AHB1PeriphClockCmd
    led.o(.text) refers to stm32f4xx_gpio.o(.text) for GPIO_Init
    button.o(.text) refers to stm32f4xx_rcc.o(.text) for RCC_APB2PeriphClockCmd
    button.o(.text) refers to stm32f4xx_gpio.o(.text) for GPIO_Init
    button.o(.text) refers to stm32f4xx_syscfg.o(.text) for SYSCFG_EXTILineConfig
    button.o(.text) refers to stm32f4xx_exti.o(.text) for EXTI_Init
    button.o(.text) refers to misc.o(.text) for NVIC_Init
    usart.o(.rev16_text) refers (Special) to use_no_semi_2.o(.text) for __use_no_semihosting
    usart.o(.revsh_text) refers (Special) to use_no_semi_2.o(.text) for __use_no_semihosting
    usart.o(.text) refers (Special) to use_no_semi_2.o(.text) for __use_no_semihosting
    usart.o(.text) refers to _printf_percent.o(.ARM.Collect$$_printf_percent$$00000000) for _printf_percent
    usart.o(.text) refers to _printf_c.o(.ARM.Collect$$_printf_percent$$00000013) for _printf_c
    usart.o(.text) refers to _printf_str.o(.text) for _printf_str
    usart.o(.text) refers to _printf_d.o(.ARM.Collect$$_printf_percent$$00000009) for _printf_d
    usart.o(.text) refers to _printf_dec.o(.text) for _printf_int_dec
    usart.o(.text) refers to _printf_s.o(.ARM.Collect$$_printf_percent$$00000014) for _printf_s
    usart.o(.text) refers to _scanf_str.o(.text) for _scanf_string
    usart.o(.text) refers to _scanf_int.o(.text) for _scanf_int
    usart.o(.text) refers to stm32f4xx_rcc.o(.text) for RCC_AHB1PeriphClockCmd
    usart.o(.text) refers to stm32f4xx_gpio.o(.text) for GPIO_PinAFConfig
    usart.o(.text) refers to stm32f4xx_usart.o(.text) for USART_OverSampling8Cmd
    usart.o(.text) refers to noretval__2printf.o(.text) for __2printf
    usart.o(.text) refers to __0scanf.o(.text) for __0scanf
    usart.o(.text) refers to strcmpv7m.o(.text) for strcmp
[...]
    .data                                    0x2000005c   Section        4  main.o(.data)
    .data                                    0x20000060   Section        4  main.o(.data)
    .data                                    0x20000064   Section        4  main.o(.data)
    .data                                    0x20000068   Section        4  main.o(.data)
    .data                                    0x2000006c   Section        4  main.o(.data)
    .data                                    0x20000070   Section        4  main.o(.data)
    .data                                    0x20000074   Section        8  delay.o(.data)
    .data                                    0x2000007c   Section        4  usart.o(.data)
    .data                                    0x20000080   Section        4  usart.o(.data)
    .data                                    0x20000084   Section        8  pwm.o(.data)
    .data                                    0x2000008c   Section        4  buzzer.o(.data)
    .data                                    0x20000090   Section       44  sensor_function.o(.data)
    .data                                    0x200000bc   Section      148  speedprofile.o(.data)
    .data                                    0x20000150   Section       20  system_stm32f4xx.o(.data)
    .bss                                     0x20000164   Section       96  libspace.o(.bss)
    HEAP                                     0x200001c8   Section      512  startup_stm32f4xx.o(HEAP)
    Heap_Mem                                 0x200001c8   Data         512  startup_stm32f4xx.o(HEAP)
    STACK                                    0x200003c8   Section     1024  startup_stm32f4xx.o(STACK)
    Stack_Mem                                0x200003c8   Data        1024  startup_stm32f4xx.o(STACK)
    __initial_sp                             0x200007c8   Data           0  startup_stm32f4xx.o(STACK)

    Global Symbols

    Symbol Name                              Value     Ov Type        Size  Object(Section)

    BuildAttributes$$THM_ISAv4$E$P$D$K$B$S$7EM$VFPi3$EXTD16$VFPS$VFMA$PE$A:L22UL41UL21$X:L11$S22US41US21$IEEE1$IW$USESV6$~STKCKD$USESV7$~SHL$OTIME$ROPI$IEEEJ$EBA8$UX$STANDARDLIB$REQ8$PRES8$EABIv2 0x00000000   Number         0  anon$$obj.o ABSOLUTE
    __ARM_use_no_argv                        0x00000000   Number         0  main.o ABSOLUTE
    _printf_flags                            0x00000000   Number         0  printf_stubs.o ABSOLUTE
    _printf_return_value                     0x00000000   Number         0  printf_stubs.o ABSOLUTE
    _printf_sizespec                         0x00000000   Number         0  printf_stubs.o ABSOLUTE
    _printf_widthprec                        0x00000000   Number         0  printf_stubs.o ABSOLUTE
    __ARM_exceptions_init                     - Undefined Weak Reference
    __alloca_initialize                       - Undefined Weak Reference
    __cpp_initialize__aeabi_                  - Undefined Weak Reference
    __cxa_finalize                            - Undefined Weak Reference
    __sigvec_lookup                           - Undefined Weak Reference
    _atexit_init                              - Undefined Weak Reference
    _call_atexit_fns                          - Undefined Weak Reference
    _clock_init                               - Undefined Weak Reference
    _fp_trap_init                             - Undefined Weak Reference
    _fp_trap_shutdown                         - Undefined Weak Reference
    _get_lc_collate                           - Undefined Weak Reference
    _get_lc_monetary                          - Undefined Weak Reference
    _get_lc_time                              - Undefined Weak Reference
    _getenv_init                              - Undefined Weak Reference
    _handle_redirection                       - Undefined Weak Reference
    _init_alloc                               - Undefined Weak Reference
    _init_user_alloc                          - Undefined Weak Reference
    _initio                                   - Undefined Weak Reference
    _mutex_acquire                            - Undefined Weak Reference
    _mutex_release                            - Undefined Weak Reference
    _printf_mbtowc                            - Undefined Weak Reference
    _printf_truncate_signed                   - Undefined Weak Reference
    _printf_truncate_unsigned                 - Undefined Weak Reference
    _rand_init                                - Undefined Weak Reference
    _scanf_longlong                           - Undefined Weak Reference
    _scanf_mbtowc                             - Undefined Weak Reference
    _scanf_real                               - Undefined Weak Reference
    _scanf_wctomb                             - Undefined Weak Reference
    _scanf_wstring                            - Undefined Weak Reference
    _signal_finish                            - Undefined Weak Reference
    _signal_init                              - Undefined Weak Reference
    _terminate_alloc                          - Undefined Weak Reference
    _terminate_user_alloc                     - Undefined Weak Reference
    _terminateio                              - Undefined Weak Reference
    __Vectors_Size                           0x00000188   Number         0  startup_stm32f4xx.o ABSOLUTE
    __Vectors                                0x08000000   Data           4  startup_stm32f4xx.o(RESET)
    __Vectors_End                            0x08000188   Data           0  startup_stm32f4xx.o(RESET)
    __main                                   0x08000189   Thumb Code     8  __main.o(!!!main)
    __scatterload                            0x08000191   Thumb Code     0  __scatter.o(!!!scatter)
    __scatterload_rt2                        0x08000191   Thumb Code    44  __scatter.o(!!!scatter)
    __scatterload_rt2_thumb_only             0x08000191   Thumb Code     0  __scatter.o(!!!scatter)
    __scatterload_null                       0x0800019f   Thumb Code     0  __scatter.o(!!!scatter)
    __decompress                             0x080001c5   Thumb Code    90  __dczerorl2.o(!!dczerorl2)
    __decompress1                            0x080001c5   Thumb Code     0  __dczerorl2.o(!!dczerorl2)
    __scatterload_zeroinit                   0x08000221   Thumb Code    28  __scatter_zi.o(!!handler_zi)
    _printf_f                                0x0800023d   Thumb Code     0  _printf_f.o(.ARM.Collect$$_printf_percent$$00000003)
    _printf_percent                          0x0800023d   Thumb Code     0  _printf_percent.o(.ARM.Collect$$_printf_percent$$00000000)
    _printf_d                                0x08000243   Thumb Code     0  _printf_d.o(.ARM.Collect$$_printf_percent$$00000009)
    _printf_c                                0x08000249   Thumb Code     0  _printf_c.o(.ARM.Collect$$_printf_percent$$00000013)
    _printf_s                                0x0800024f   Thumb Code     0  _printf_s.o(.ARM.Collect$$_printf_percent$$00000014)
    _printf_percent_end                      0x08000255   Thumb Code     0  _printf_percent_end.o(.ARM.Collect$$_printf_percent$$00000017)
    __rt_lib_init                            0x08000259   Thumb Code     0  libinit.o(.ARM.Collect$$libinit$$00000000)
    __rt_lib_init_fp_1                       0x0800025b   Thumb Code     0  libinit2.o(.ARM.Collect$$libinit$$00000001)
    __rt_lib_init_heap_1                     0x0800025f   Thumb Code     0  libinit2.o(.ARM.Collect$$libinit$$00000008)
    __rt_lib_init_lc_common                  0x0800025f   Thumb Code     0  libinit2.o(.ARM.Collect$$libinit$$0000000D)
    __rt_lib_init_rand_1                     0x0800025f   Thumb Code     0  libinit2.o(.ARM.Collect$$libinit$$0000000C)
    __rt_lib_init_user_alloc_1               0x0800025f   Thumb Code     0  libinit2.o(.ARM.Collect$$libinit$$0000000A)
    __rt_lib_init_lc_collate_1               0x08000265   Thumb Code     0  libinit2.o(.ARM.Collect$$libinit$$0000000F)
    __rt_lib_init_lc_ctype_2                 0x08000265   Thumb Code     0  libinit2.o(.ARM.Collect$$libinit$$00000010)
    __rt_lib_init_lc_ctype_1                 0x08000271   Thumb Code     0  libinit2.o(.ARM.Collect$$libinit$$00000011)
    __rt_lib_init_lc_monetary_1              0x08000271   Thumb Code     0  libinit2.o(.ARM.Collect$$libinit$$00000013)
    __rt_lib_init_lc_numeric_2               0x08000271   Thumb Code     0  libinit2.o(.ARM.Collect$$libinit$$00000014)
    __rt_lib_init_alloca_1                   0x0800027b   Thumb Code     0  libinit2.o(.ARM.Collect$$libinit$$0000002C)
    __rt_lib_init_argv_1                     0x0800027b   Thumb Code     0  libinit2.o(.ARM.Collect$$libinit$$0000002A)
    __rt_lib_init_atexit_1                   0x0800027b   Thumb Code     0  libinit2.o(.ARM.Collect$$libinit$$00000019)
    __rt_lib_init_clock_1                    0x0800027b   Thumb Code     0  libinit2.o(.ARM.Collect$$libinit$$0000001F)
    __rt_lib_init_cpp_1                      0x0800027b   Thumb Code     0  libinit2.o(.ARM.Collect$$libinit$$00000030)
    __rt_lib_init_exceptions_1               0x0800027b   Thumb Code     0  libinit2.o(.ARM.Collect$$libinit$$0000002E)
    __rt_lib_init_fp_trap_1                  0x0800027b   Thumb Code     0  libinit2.o(.ARM.Collect$$libinit$$0000001D)
    __rt_lib_init_getenv_1                   0x0800027b   Thumb Code     0  libinit2.o(.ARM.Collect$$libinit$$00000021)
    __rt_lib_init_lc_numeric_1               0x0800027b   Thumb Code     0  libinit2.o(.ARM.Collect$$libinit$$00000015)
    __rt_lib_init_lc_time_1                  0x0800027b   Thumb Code     0  libinit2.o(.ARM.Collect$$libinit$$00000017)
    __rt_lib_init_return                     0x0800027b   Thumb Code     0  libinit2.o(.ARM.Collect$$libinit$$00000031)
    __rt_lib_init_signal_1                   0x0800027b   Thumb Code     0  libinit2.o(.ARM.Collect$$libinit$$0000001B)
    __rt_lib_init_stdio_1                    0x0800027b   Thumb Code     0  libinit2.o(.ARM.Collect$$libinit$$00000023)
    __rt_lib_shutdown                        0x0800027d   Thumb Code     0  libshutdown.o(.ARM.Collect$$libshutdown$$00000000)
    __rt_lib_shutdown_fp_trap_1              0x0800027f   Thumb Code     0  libshutdown2.o(.ARM.Collect$$libshutdown$$00000006)
    __rt_lib_shutdown_heap_1                 0x0800027f   Thumb Code     0  libshutdown2.o(.ARM.Collect$$libshutdown$$0000000E)
    __rt_lib_shutdown_return                 0x0800027f   Thumb Code     0  libshutdown2.o(.ARM.Collect$$libshutdown$$0000000F)
    __rt_lib_shutdown_signal_1               0x0800027f   Thumb Code     0  libshutdown2.o(.ARM.Collect$$libshutdown$$00000009)
    __rt_lib_shutdown_stdio_1                0x0800027f   Thumb Code     0  libshutdown2.o(.ARM.Collect$$libshutdown$$00000003)
    __rt_lib_shutdown_user_alloc_1           0x0800027f   Thumb Code     0  libshutdown2.o(.ARM.Collect$$libshutdown$$0000000B)
    __rt_entry                               0x08000281   Thumb Code     0  rtentry.o(.ARM.Collect$$rtentry$$00000000)
    __rt_entry_presh_1                       0x08000281   Thumb Code     0  rtentry2.o(.ARM.Collect$$rtentry$$00000002)
    __rt_entry_sh                            0x08000281   Thumb Code     0  rtentry4.o(.ARM.Collect$$rtentry$$00000004)
    __rt_entry_li                            0x08000287   Thumb Code     0  rtentry2.o(.ARM.Collect$$rtentry$$0000000A)
    __rt_entry_postsh_1                      0x08000287   Thumb Code     0  rtentry2.o(.ARM.Collect$$rtentry$$00000009)
    __rt_entry_main                          0x0800028b   Thumb Code     0  rtentry2.o(.ARM.Collect$$rtentry$$0000000D)
    __rt_entry_postli_1                      0x0800028b   Thumb Code     0  rtentry2.o(.ARM.Collect$$rtentry$$0000000C)
    __rt_exit                                0x08000293   Thumb Code     0  rtexit.o(.ARM.Collect$$rtexit$$00000000)
    __rt_exit_ls                             0x08000295   Thumb Code     0  rtexit2.o(.ARM.Collect$$rtexit$$00000003)
    __rt_exit_prels_1                        0x08000295   Thumb Code     0  rtexit2.o(.ARM.Collect$$rtexit$$00000002)
    __rt_exit_exit                           0x08000299   Thumb Code     0  rtexit2.o(.ARM.Collect$$rtexit$$00000004)
    NVIC_PriorityGroupConfig                 0x080002a1   Thumb Code    10  misc.o(.text)
    NVIC_Init                                0x080002ab   Thumb Code    92  misc.o(.text)
    NVIC_SetVectorTable                      0x08000307   Thumb Code    14  misc.o(.text)
    NVIC_SystemLPConfig                      0x08000315   Thumb Code    20  misc.o(.text)
    SysTick_CLKSourceConfig                  0x08000329   Thumb Code    24  misc.o(.text)
    ADC_DeInit                               0x08000351   Thumb Code    24  stm32f4xx_adc.o(.text)
    ADC_Init                                 0x08000369   Thumb Code    66  stm32f4xx_adc.o(.text)
    ADC_StructInit                           0x080003ab   Thumb Code    20  stm32f4xx_adc.o(.text)
    ADC_CommonInit                           0x080003bf   Thumb Code    30  stm32f4xx_adc.o(.text)
    ADC_CommonStructInit                     0x080003dd   Thumb Code    12  stm32f4xx_adc.o(.text)
    ADC_Cmd                                  0x080003e9   Thumb Code    20  stm32f4xx_adc.o(.text)
    ADC_AnalogWatchdogCmd                    0x080003fd   Thumb Code    12  stm32f4xx_adc.o(.text)
    ADC_AnalogWatchdogThresholdsConfig       0x08000409   Thumb Code     6  stm32f4xx_adc.o(.text)
    ADC_AnalogWatchdogSingleChannelConfig    0x0800040f   Thumb Code    12  stm32f4xx_adc.o(.text)
    ADC_TempSensorVrefintCmd                 0x0800041b   Thumb Code    26  stm32f4xx_adc.o(.text)
    ADC_VBATCmd                              0x08000435   Thumb Code    26  stm32f4xx_adc.o(.text)
    ADC_RegularChannelConfig                 0x0800044f   Thumb Code   116  stm32f4xx_adc.o(.text)
    ADC_SoftwareStartConv                    0x080004c3   Thumb Code    10  stm32f4xx_adc.o(.text)
    ADC_GetSoftwareStartConvStatus           0x080004cd   Thumb Code    14  stm32f4xx_adc.o(.text)
    ADC_EOCOnEachRegularChannelCmd           0x080004db   Thumb Code    20  stm32f4xx_adc.o(.text)
    ADC_ContinuousModeCmd                    0x080004ef   Thumb Code    20  stm32f4xx_adc.o(.text)
    ADC_DiscModeChannelCountConfig           0x08000503   Thumb Code    16  stm32f4xx_adc.o(.text)
    ADC_DiscModeCmd                          0x08000513   Thumb Code    20  stm32f4xx_adc.o(.text)
    ADC_GetConversionValue                   0x08000527   Thumb Code     6  stm32f4xx_adc.o(.text)
    ADC_GetMultiModeConversionValue          0x0800052d   Thumb Code     8  stm32f4xx_adc.o(.text)
    ADC_DMACmd                               0x08000535   Thumb Code    20  stm32f4xx_adc.o(.text)
    ADC_DMARequestAfterLastTransferCmd       0x08000549   Thumb Code    20  stm32f4xx_adc.o(.text)
    ADC_MultiModeDMARequestAfterLastTransferCmd 0x0800055d   Thumb Code    26  stm32f4xx_adc.o(.text)
    ADC_InjectedChannelConfig                0x08000577   Thumb Code    74  stm32f4xx_adc.o(.text)
    ADC_InjectedSequencerLengthConfig        0x080005c1   Thumb Code    16  stm32f4xx_adc.o(.text)
    ADC_SetInjectedOffset                    0x080005d1   Thumb Code     4  stm32f4xx_adc.o(.text)
    ADC_ExternalTrigInjectedConvConfig       0x080005d5   Thumb Code    12  stm32f4xx_adc.o(.text)
    ADC_ExternalTrigInjectedConvEdgeConfig   0x080005e1   Thumb Code    12  stm32f4xx_adc.o(.text)
    ADC_SoftwareStartInjectedConv            0x080005ed   Thumb Code    10  stm32f4xx_adc.o(.text)
    ADC_GetSoftwareStartInjectedConvCmdStatus 0x080005f7   Thumb Code    14  stm32f4xx_adc.o(.text)
    ADC_AutoInjectedConvCmd                  0x08000605   Thumb Code    20  stm32f4xx_adc.o(.text)
    ADC_InjectedDiscModeCmd                  0x08000619   Thumb Code    20  stm32f4xx_adc.o(.text)
    ADC_GetInjectedConversionValue           0x0800062d   Thumb Code     8  stm32f4xx_adc.o(.text)
    ADC_ITConfig                             0x08000635   Thumb Code    18  stm32f4xx_adc.o(.text)
    ADC_GetFlagStatus                        0x08000647   Thumb Code    14  stm32f4xx_adc.o(.text)
    ADC_ClearFlag                            0x08000655   Thumb Code     6  stm32f4xx_adc.o(.text)
    ADC_GetITStatus                          0x0800065b   Thumb Code    30  stm32f4xx_adc.o(.text)
    ADC_ClearITPendingBit                    0x08000679   Thumb Code     8  stm32f4xx_adc.o(.text)
    EXTI_DeInit                              0x08000699   Thumb Code    28  stm32f4xx_exti.o(.text)
    EXTI_Init                                0x080006b5   Thumb Code   108  stm32f4xx_exti.o(.text)
    EXTI_StructInit                          0x08000721   Thumb Code    14  stm32f4xx_exti.o(.text)
    EXTI_GenerateSWInterrupt                 0x0800072f   Thumb Code    12  stm32f4xx_exti.o(.text)
    EXTI_GetFlagStatus                       0x0800073b   Thumb Code    18  stm32f4xx_exti.o(.text)
    EXTI_ClearFlag                           0x0800074d   Thumb Code     8  stm32f4xx_exti.o(.text)
    EXTI_GetITStatus                         0x08000755   Thumb Code    28  stm32f4xx_exti.o(.text)
    EXTI_ClearITPendingBit                   0x08000771   Thumb Code     8  stm32f4xx_exti.o(.text)
    GPIO_DeInit                              0x08000781   Thumb Code   192  stm32f4xx_gpio.o(.text)
    GPIO_Init                                0x08000841   Thumb Code   120  stm32f4xx_gpio.o(.text)
    GPIO_StructInit                          0x080008b9   Thumb Code    18  stm32f4xx_gpio.o(.text)
    GPIO_PinLockConfig                       0x080008cb   Thumb Code    16  stm32f4xx_gpio.o(.text)
    GPIO_ReadInputDataBit                    0x080008db   Thumb Code    14  stm32f4xx_gpio.o(.text)
    GPIO_ReadInputData                       0x080008e9   Thumb Code     6  stm32f4xx_gpio.o(.text)
    GPIO_ReadOutputDataBit                   0x080008ef   Thumb Code    14  stm32f4xx_gpio.o(.text)
    GPIO_ReadOutputData                      0x080008fd   Thumb Code     6  stm32f4xx_gpio.o(.text)
    GPIO_SetBits                             0x08000903   Thumb Code     4  stm32f4xx_gpio.o(.text)
    GPIO_ResetBits                           0x08000907   Thumb Code     4  stm32f4xx_gpio.o(.text)
    GPIO_WriteBit                            0x0800090b   Thumb Code    10  stm32f4xx_gpio.o(.text)
    GPIO_Write                               0x08000915   Thumb Code     4  stm32f4xx_gpio.o(.text)
    GPIO_ToggleBits                          0x08000919   Thumb Code     8  stm32f4xx_gpio.o(.text)
    GPIO_PinAFConfig                         0x08000921   Thumb Code    32  stm32f4xx_gpio.o(.text)
    RCC_DeInit                               0x08000965   Thumb Code    48  stm32f4xx_rcc.o(.text)
    RCC_HSEConfig                            0x08000995   Thumb Code    12  stm32f4xx_rcc.o(.text)
    RCC_GetFlagStatus                        0x080009a1   Thumb Code    46  stm32f4xx_rcc.o(.text)
    RCC_WaitForHSEStartUp                    0x080009cf   Thumb Code    38  stm32f4xx_rcc.o(.text)
    RCC_AdjustHSICalibrationValue            0x080009f5   Thumb Code    16  stm32f4xx_rcc.o(.text)
    RCC_HSICmd                               0x08000a05   Thumb Code     6  stm32f4xx_rcc.o(.text)
    RCC_LSEConfig                            0x08000a0b   Thumb Code    24  stm32f4xx_rcc.o(.text)
    RCC_LSICmd                               0x08000a23   Thumb Code     6  stm32f4xx_rcc.o(.text)
    RCC_PLLConfig                            0x08000a29   Thumb Code    32  stm32f4xx_rcc.o(.text)
    RCC_PLLCmd                               0x08000a49   Thumb Code     6  stm32f4xx_rcc.o(.text)
    RCC_PLLI2SConfig                         0x08000a4f   Thumb Code    14  stm32f4xx_rcc.o(.text)
    RCC_PLLI2SCmd                            0x08000a5d   Thumb Code     6  stm32f4xx_rcc.o(.text)
    RCC_ClockSecuritySystemCmd               0x08000a63   Thumb Code     6  stm32f4xx_rcc.o(.text)
    RCC_MCO1Config                           0x08000a69   Thumb Code    18  stm32f4xx_rcc.o(.text)
    RCC_MCO2Config                           0x08000a7b   Thumb Code    18  stm32f4xx_rcc.o(.text)
    RCC_SYSCLKConfig                         0x08000a8d   Thumb Code    16  stm32f4xx_rcc.o(.text)
    RCC_GetSYSCLKSource                      0x08000a9d   Thumb Code    12  stm32f4xx_rcc.o(.text)
    RCC_HCLKConfig                           0x08000aa9   Thumb Code    16  stm32f4xx_rcc.o(.text)
    RCC_PCLK1Config                          0x08000ab9   Thumb Code    16  stm32f4xx_rcc.o(.text)
    RCC_PCLK2Config                          0x08000ac9   Thumb Code    18  stm32f4xx_rcc.o(.text)
    RCC_GetClocksFreq                        0x08000adb   Thumb Code   136  stm32f4xx_rcc.o(.text)
    RCC_RTCCLKConfig                         0x08000b63   Thumb Code    42  stm32f4xx_rcc.o(.text)
    RCC_RTCCLKCmd                            0x08000b8d   Thumb Code     8  stm32f4xx_rcc.o(.text)
    RCC_BackupResetCmd                       0x08000b95   Thumb Code     8  stm32f4xx_rcc.o(.text)
    RCC_I2SCLKConfig                         0x08000b9d   Thumb Code     6  stm32f4xx_rcc.o(.text)
    RCC_AHB1PeriphClockCmd                   0x08000ba3   Thumb Code    20  stm32f4xx_rcc.o(.text)
    RCC_AHB2PeriphClockCmd                   0x08000bb7   Thumb Code    20  stm32f4xx_rcc.o(.text)
    RCC_AHB3PeriphClockCmd                   0x08000bcb   Thumb Code    20  stm32f4xx_rcc.o(.text)
    RCC_APB1PeriphClockCmd                   0x08000bdf   Thumb Code    20  stm32f4xx_rcc.o(.text)
    RCC_APB2PeriphClockCmd                   0x08000bf3   Thumb Code    20  stm32f4xx_rcc.o(.text)
    RCC_AHB1PeriphResetCmd                   0x08000c07   Thumb Code    20  stm32f4xx_rcc.o(.text)
    RCC_AHB2PeriphResetCmd                   0x08000c1b   Thumb Code    20  stm32f4xx_rcc.o(.text)
    RCC_AHB3PeriphResetCmd                   0x08000c2f   Thumb Code    20  stm32f4xx_rcc.o(.text)
    RCC_APB1PeriphResetCmd                   0x08000c43   Thumb Code    20  stm32f4xx_rcc.o(.text)
    RCC_APB2PeriphResetCmd                   0x08000c57   Thumb Code    20  stm32f4xx_rcc.o(.text)
    RCC_AHB1PeriphClockLPModeCmd             0x08000c6b   Thumb Code    20  stm32f4xx_rcc.o(.text)
    RCC_AHB2PeriphClockLPModeCmd             0x08000c7f   Thumb Code    20  stm32f4xx_rcc.o(.text)
    RCC_AHB3PeriphClockLPModeCmd             0x08000c93   Thumb Code    20  stm32f4xx_rcc.o(.text)
    RCC_APB1PeriphClockLPModeCmd             0x08000ca7   Thumb Code    20  stm32f4xx_rcc.o(.text)
    RCC_APB2PeriphClockLPModeCmd             0x08000cbb   Thumb Code    20  stm32f4xx_rcc.o(.text)
    RCC_ITConfig                             0x08000ccf   Thumb Code    20  stm32f4xx_rcc.o(.text)
    RCC_ClearFlag                            0x08000ce3   Thumb Code    14  stm32f4xx_rcc.o(.text)
    RCC_GetITStatus                          0x08000cf1   Thumb Code    18  stm32f4xx_rcc.o(.text)
    RCC_ClearITPendingBit                    0x08000d03   Thumb Code     8  stm32f4xx_rcc.o(.text)
    SYSCFG_DeInit                            0x08000d35   Thumb Code    24  stm32f4xx_syscfg.o(.text)
    SYSCFG_MemoryRemapConfig                 0x08000d4d   Thumb Code     6  stm32f4xx_syscfg.o(.text)
    SYSCFG_EXTILineConfig                    0x08000d53   Thumb Code    36  stm32f4xx_syscfg.o(.text)
    SYSCFG_ETH_MediaInterfaceConfig          0x08000d77   Thumb Code     6  stm32f4xx_syscfg.o(.text)
    SYSCFG_CompensationCellCmd               0x08000d7d   Thumb Code     6  stm32f4xx_syscfg.o(.text)
    SYSCFG_GetCompensationCellStatus         0x08000d83   Thumb Code    16  stm32f4xx_syscfg.o(.text)
    TIM_DeInit                               0x08000da1   Thumb Code   284  stm32f4xx_tim.o(.text)
    TIM_TimeBaseInit                         0x08000ebd   Thumb Code    96  stm32f4xx_tim.o(.text)
    TIM_TimeBaseStructInit                   0x08000f1d   Thumb Code    18  stm32f4xx_tim.o(.text)
    TIM_PrescalerConfig                      0x08000f2f   Thumb Code     6  stm32f4xx_tim.o(.text)
    TIM_CounterModeConfig                    0x08000f35   Thumb Code    12  stm32f4xx_tim.o(.text)
    TIM_SetCounter                           0x08000f41   Thumb Code     4  stm32f4xx_tim.o(.text)
    TIM_SetAutoreload                        0x08000f45   Thumb Code     4  stm32f4xx_tim.o(.text)
    TIM_GetCounter                           0x08000f49   Thumb Code     4  stm32f4xx_tim.o(.text)
    TIM_GetPrescaler                         0x08000f4d   Thumb Code     4  stm32f4xx_tim.o(.text)
    TIM_UpdateDisableConfig                  0x08000f51   Thumb Code    20  stm32f4xx_tim.o(.text)
    TIM_UpdateRequestConfig                  0x08000f65   Thumb Code    20  stm32f4xx_tim.o(.text)
    TIM_ARRPreloadConfig                     0x08000f79   Thumb Code    20  stm32f4xx_tim.o(.text)
    TIM_SelectOnePulseMode                   0x08000f8d   Thumb Code    16  stm32f4xx_tim.o(.text)
    TIM_SetClockDivision                     0x08000f9d   Thumb Code    16  stm32f4xx_tim.o(.text)
    TIM_Cmd                                  0x08000fad   Thumb Code    20  stm32f4xx_tim.o(.text)
    TIM_OC1Init                              0x08000fc1   Thumb Code    88  stm32f4xx_tim.o(.text)
    TIM_OC2Init                              0x08001019   Thumb Code   120  stm32f4xx_tim.o(.text)
    TIM_OC3Init                              0x08001091   Thumb Code   116  stm32f4xx_tim.o(.text)
    TIM_OC4Init                              0x08001105   Thumb Code    88  stm32f4xx_tim.o(.text)
    TIM_OCStructInit                         0x0800115d   Thumb Code    20  stm32f4xx_tim.o(.text)
    TIM_SelectOCxM                           0x08001171   Thumb Code   130  stm32f4xx_tim.o(.text)
    TIM_SetCompare1                          0x080011f3   Thumb Code     4  stm32f4xx_tim.o(.text)
    TIM_SetCompare2                          0x080011f7   Thumb Code     4  stm32f4xx_tim.o(.text)
    TIM_SetCompare3                          0x080011fb   Thumb Code     4  stm32f4xx_tim.o(.text)
    TIM_SetCompare4                          0x080011ff   Thumb Code     4  stm32f4xx_tim.o(.text)
    TIM_ForcedOC1Config                      0x08001203   Thumb Code    12  stm32f4xx_tim.o(.text)
    TIM_ForcedOC2Config                      0x0800120f   Thumb Code    20  stm32f4xx_tim.o(.text)
    TIM_ForcedOC3Config                      0x08001223   Thumb Code    12  stm32f4xx_tim.o(.text)
    TIM_ForcedOC4Config                      0x0800122f   Thumb Code    20  stm32f4xx_tim.o(.text)
    TIM_OC1PreloadConfig                     0x08001243   Thumb Code    12  stm32f4xx_tim.o(.text)
    TIM_OC2PreloadConfig                     0x0800124f   Thumb Code    20  stm32f4xx_tim.o(.text)
    TIM_OC3PreloadConfig                     0x08001263   Thumb Code    12  stm32f4xx_tim.o(.text)
    TIM_OC4PreloadConfig                     0x0800126f   Thumb Code    20  stm32f4xx_tim.o(.text)
    TIM_OC1FastConfig                        0x08001283   Thumb Code    12  stm32f4xx_tim.o(.text)
    TIM_OC2FastConfig                        0x0800128f   Thumb Code    20  stm32f4xx_tim.o(.text)
    TIM_OC3FastConfig                        0x080012a3   Thumb Code    12  stm32f4xx_tim.o(.text)
    TIM_OC4FastConfig                        0x080012af   Thumb Code    20  stm32f4xx_tim.o(.text)
    TIM_ClearOC1Ref                          0x080012c3   Thumb Code    12  stm32f4xx_tim.o(.text)
    TIM_ClearOC2Ref                          0x080012cf   Thumb Code    20  stm32f4xx_tim.o(.text)
    TIM_ClearOC3Ref                          0x080012e3   Thumb Code    12  stm32f4xx_tim.o(.text)
    TIM_ClearOC4Ref                          0x080012ef   Thumb Code    20  stm32f4xx_tim.o(.text)
    TIM_OC1PolarityConfig                    0x08001303   Thumb Code    12  stm32f4xx_tim.o(.text)
    TIM_OC1NPolarityConfig                   0x0800130f   Thumb Code    12  stm32f4xx_tim.o(.text)
    TIM_OC2PolarityConfig                    0x0800131b   Thumb Code    20  stm32f4xx_tim.o(.text)
    TIM_OC2NPolarityConfig                   0x0800132f   Thumb Code    20  stm32f4xx_tim.o(.text)
    TIM_OC3PolarityConfig                    0x08001343   Thumb Code    20  stm32f4xx_tim.o(.text)
    TIM_OC3NPolarityConfig                   0x08001357   Thumb Code    20  stm32f4xx_tim.o(.text)
    TIM_OC4PolarityConfig                    0x0800136b   Thumb Code    20  stm32f4xx_tim.o(.text)
    TIM_CCxCmd                               0x0800137f   Thumb Code    22  stm32f4xx_tim.o(.text)
    TIM_CCxNCmd                              0x08001395   Thumb Code    22  stm32f4xx_tim.o(.text)
    TIM_SetIC4Prescaler                      0x080013ab   Thumb Code    24  stm32f4xx_tim.o(.text)
    TIM_SetIC3Prescaler                      0x080013c3   Thumb Code    16  stm32f4xx_tim.o(.text)
    TIM_SetIC2Prescaler                      0x080013d3   Thumb Code    24  stm32f4xx_tim.o(.text)
    TIM_SetIC1Prescaler                      0x08001421   Thumb Code    16  stm32f4xx_tim.o(.text)
    TIM_ICInit                               0x08001431   Thumb Code   164  stm32f4xx_tim.o(.text)
    TIM_ICStructInit                         0x080014d5   Thumb Code    16  stm32f4xx_tim.o(.text)
    TIM_PWMIConfig                           0x080014e5   Thumb Code   104  stm32f4xx_tim.o(.text)
    TIM_GetCapture1                          0x0800154d   Thumb Code     4  stm32f4xx_tim.o(.text)
    TIM_GetCapture2                          0x08001551   Thumb Code     4  stm32f4xx_tim.o(.text)
    TIM_GetCapture3                          0x08001555   Thumb Code     4  stm32f4xx_tim.o(.text)
    TIM_GetCapture4                          0x08001559   Thumb Code     4  stm32f4xx_tim.o(.text)
    TIM_BDTRConfig                           0x0800155d   Thumb Code    34  stm32f4xx_tim.o(.text)
    TIM_BDTRStructInit                       0x0800157f   Thumb Code    18  stm32f4xx_tim.o(.text)
    TIM_CtrlPWMOutputs                       0x08001591   Thumb Code    22  stm32f4xx_tim.o(.text)
    TIM_SelectCOM                            0x080015a7   Thumb Code    20  stm32f4xx_tim.o(.text)
    TIM_CCPreloadControl                     0x080015bb   Thumb Code    20  stm32f4xx_tim.o(.text)
    TIM_ITConfig                             0x080015cf   Thumb Code    16  stm32f4xx_tim.o(.text)
    TIM_GenerateEvent                        0x080015df   Thumb Code     4  stm32f4xx_tim.o(.text)
    TIM_GetFlagStatus                        0x080015e3   Thumb Code    14  stm32f4xx_tim.o(.text)
    TIM_ClearFlag                            0x080015f1   Thumb Code     6  stm32f4xx_tim.o(.text)
    TIM_GetITStatus                          0x080015f7   Thumb Code    24  stm32f4xx_tim.o(.text)
    TIM_ClearITPendingBit                    0x0800160f   Thumb Code     6  stm32f4xx_tim.o(.text)
    TIM_DMAConfig                            0x08001615   Thumb Code     8  stm32f4xx_tim.o(.text)
    TIM_DMACmd                               0x0800161d   Thumb Code    16  stm32f4xx_tim.o(.text)
    TIM_SelectCCDMA                          0x0800162d   Thumb Code    20  stm32f4xx_tim.o(.text)
    TIM_InternalClockConfig                  0x08001641   Thumb Code    10  stm32f4xx_tim.o(.text)
    TIM_SelectInputTrigger                   0x0800164b   Thumb Code    12  stm32f4xx_tim.o(.text)
    TIM_ITRxExternalClockConfig              0x08001657   Thumb Code    18  stm32f4xx_tim.o(.text)
    TIM_TIxExternalClockConfig               0x08001669   Thumb Code    44  stm32f4xx_tim.o(.text)
    TIM_ETRConfig                            0x08001695   Thumb Code    24  stm32f4xx_tim.o(.text)
    TIM_ETRClockMode1Config                  0x080016ad   Thumb Code    18  stm32f4xx_tim.o(.text)
    TIM_ETRClockMode2Config                  0x080016bf   Thumb Code    18  stm32f4xx_tim.o(.text)
    TIM_SelectOutputTrigger                  0x080016d1   Thumb Code    16  stm32f4xx_tim.o(.text)
    TIM_SelectSlaveMode                      0x080016e1   Thumb Code    16  stm32f4xx_tim.o(.text)
    TIM_SelectMasterSlaveMode                0x080016f1   Thumb Code    16  stm32f4xx_tim.o(.text)
    TIM_EncoderInterfaceConfig               0x08001701   Thumb Code    50  stm32f4xx_tim.o(.text)
    TIM_SelectHallSensor                     0x08001733   Thumb Code    20  stm32f4xx_tim.o(.text)
    TIM_RemapConfig                          0x08001747   Thumb Code     6  stm32f4xx_tim.o(.text)
    USART_DeInit                             0x0800177d   Thumb Code   114  stm32f4xx_usart.o(.text)
    USART_Init                               0x080017ef   Thumb Code   174  stm32f4xx_usart.o(.text)
    USART_StructInit                         0x0800189d   Thumb Code    22  stm32f4xx_usart.o(.text)
    USART_ClockInit                          0x080018b3   Thumb Code    28  stm32f4xx_usart.o(.text)
    USART_ClockStructInit                    0x080018cf   Thumb Code    12  stm32f4xx_usart.o(.text)
    USART_Cmd                                0x080018db   Thumb Code    20  stm32f4xx_usart.o(.text)
    USART_SetPrescaler                       0x080018ef   Thumb Code    16  stm32f4xx_usart.o(.text)
    USART_OverSampling8Cmd                   0x080018ff   Thumb Code    20  stm32f4xx_usart.o(.text)
    USART_OneBitMethodCmd                    0x08001913   Thumb Code    20  stm32f4xx_usart.o(.text)
    USART_SendData                           0x08001927   Thumb Code     8  stm32f4xx_usart.o(.text)
    USART_ReceiveData                        0x0800192f   Thumb Code     8  stm32f4xx_usart.o(.text)
    USART_SetAddress                         0x08001937   Thumb Code    16  stm32f4xx_usart.o(.text)
    USART_ReceiverWakeUpCmd                  0x08001947   Thumb Code    20  stm32f4xx_usart.o(.text)
    USART_WakeUpConfig                       0x0800195b   Thumb Code    16  stm32f4xx_usart.o(.text)
    USART_LINBreakDetectLengthConfig         0x0800196b   Thumb Code    16  stm32f4xx_usart.o(.text)
    USART_LINCmd                             0x0800197b   Thumb Code    20  stm32f4xx_usart.o(.text)
    USART_SendBreak                          0x0800198f   Thumb Code    10  stm32f4xx_usart.o(.text)
    USART_HalfDuplexCmd                      0x08001999   Thumb Code    20  stm32f4xx_usart.o(.text)
    USART_SetGuardTime                       0x080019ad   Thumb Code    16  stm32f4xx_usart.o(.text)
    USART_SmartCardCmd                       0x080019bd   Thumb Code    20  stm32f4xx_usart.o(.text)
    USART_SmartCardNACKCmd                   0x080019d1   Thumb Code    20  stm32f4xx_usart.o(.text)
    USART_IrDAConfig                         0x080019e5   Thumb Code    16  stm32f4xx_usart.o(.text)
    USART_IrDACmd                            0x080019f5   Thumb Code    20  stm32f4xx_usart.o(.text)
    USART_DMACmd                             0x08001a09   Thumb Code    16  stm32f4xx_usart.o(.text)
    USART_ITConfig                           0x08001a19   Thumb Code    48  stm32f4xx_usart.o(.text)
    USART_GetFlagStatus                      0x08001a49   Thumb Code    14  stm32f4xx_usart.o(.text)
    USART_ClearFlag                          0x08001a57   Thumb Code     6  stm32f4xx_usart.o(.text)
    USART_GetITStatus                        0x08001a5d   Thumb Code    62  stm32f4xx_usart.o(.text)
    USART_ClearITPendingBit                  0x08001a9b   Thumb Code    12  stm32f4xx_usart.o(.text)
    systick                                  0x08001ac1   Thumb Code    54  main.o(.text)
    main                                     0x08001af7   Thumb Code   202  main.o(.text)
    printInfo                                0x08001bc1   Thumb Code   112  main.o(.text)
    button0_interrupt                        0x08001c31   Thumb Code    44  main.o(.text)
    button1_interrupt                        0x08001c5d   Thumb Code   152  main.o(.text)
    button2_interrupt                        0x08001cf5   Thumb Code    34  main.o(.text)
    button3_interrupt                        0x08001d17   Thumb Code    36  main.o(.text)
    NMI_Handler                              0x08001d85   Thumb Code     2  stm32f4xx_it.o(.text)
    HardFault_Handler                        0x08001d87   Thumb Code     2  stm32f4xx_it.o(.text)
    MemManage_Handler                        0x08001d89   Thumb Code     2  stm32f4xx_it.o(.text)
    BusFault_Handler                         0x08001d8b   Thumb Code     2  stm32f4xx_it.o(.text)
    UsageFault_Handler                       0x08001d8d   Thumb Code     2  stm32f4xx_it.o(.text)
    SVC_Handler                              0x08001d8f   Thumb Code     2  stm32f4xx_it.o(.text)
    DebugMon_Handler                         0x08001d91   Thumb Code     2  stm32f4xx_it.o(.text)
    PendSV_Handler                           0x08001d93   Thumb Code     2  stm32f4xx_it.o(.text)
    SysTick_Handler                          0x08001d95   Thumb Code    30  stm32f4xx_it.o(.text)
    EXTI9_5_IRQHandler                       0x08001db3   Thumb Code    66  stm32f4xx_it.o(.text)
    EXTI15_10_IRQHandler                     0x08001df5   Thumb Code    70  stm32f4xx_it.o(.text)
    Systick_Configuration                    0x08001e49   Thumb Code    78  delay.o(.text)
    micros                                   0x08001e97   Thumb Code    38  delay.o(.text)
    millis                                   0x08001ebd   Thumb Code     6  delay.o(.text)
    delay_ms                                 0x08001ec3   Thumb Code    14  delay.o(.text)
    delay_us                                 0x08001ed1   Thumb Code    22  delay.o(.text)
    elapseMicros                             0x08001ee7   Thumb Code    18  delay.o(.text)
    elapseMillis                             0x08001ef9   Thumb Code    12  delay.o(.text)
    LED_Configuration                        0x08001f2d   Thumb Code   186  led.o(.text)
    button_Configuration                     0x08001ff9   Thumb Code   330  button.o(.text)
    usart1_Configuration                     0x08002151   Thumb Code   160  usart.o(.text)
    _sys_exit                                0x080021f1   Thumb Code     4  usart.o(.text)
    fputc                                    0x080021f5   Thumb Code    30  usart.o(.text)
    fgetc                                    0x08002213   Thumb Code    16  usart.o(.text)
    PutChar                                  0x08002223   Thumb Code    30  usart.o(.text)
    GetChar                                  0x08002241   Thumb Code    32  usart.o(.text)
    inputChar                                0x08002261   Thumb Code    46  usart.o(.text)
    inputDigit                               0x0800228f   Thumb Code    48  usart.o(.text)
    inputString                              0x080022bf   Thumb Code    52  usart.o(.text)
    inputDigits                              0x080022f3   Thumb Code    42  usart.o(.text)
    TIM4_GPIO_Config                         0x08002435   Thumb Code    90  pwm.o(.text)
    TIM4_Mode_Config                         0x0800248f   Thumb Code   166  pwm.o(.text)
    TIM4_PWM_Init                            0x08002535   Thumb Code    12  pwm.o(.text)
    setLeftPwm                               0x08002541   Thumb Code    44  pwm.o(.text)
    setRightPwm                              0x0800256d   Thumb Code    44  pwm.o(.text)
    buzzer_Configuration                     0x080025a9   Thumb Code   140  buzzer.o(.text)
    beep                                     0x08002635   Thumb Code    66  buzzer.o(.text)
    shortBeep                                0x08002677   Thumb Code    40  buzzer.o(.text)
    Encoder_Configuration                    0x080026b1   Thumb Code   160  encoder.o(.text)
    getRightEncCount                         0x08002751   Thumb Code     8  encoder.o(.text)
    getLeftEncCount                          0x08002759   Thumb Code     8  encoder.o(.text)
    resetRightEncCount                       0x08002761   Thumb Code    10  encoder.o(.text)
    resetLeftEncCount                        0x0800276b   Thumb Code    10  encoder.o(.text)
    setRightEncCount                         0x08002775   Thumb Code     8  encoder.o(.text)
    setLeftEncCount                          0x0800277d   Thumb Code     8  encoder.o(.text)
    ADC_Config                               0x08002791   Thumb Code   206  adc.o(.text)
    readADC                                  0x0800285f   Thumb Code    40  adc.o(.text)
    readSensor                               0x08002899   Thumb Code   344  sensor_function.o(.text)
    readSideSensors                          0x080029f1   Thumb Code   170  sensor_function.o(.text)
    readGyro                                 0x08002a9b   Thumb Code    78  sensor_function.o(.text)
    readVolMeter                             0x08002ae9   Thumb Code    40  sensor_function.o(.text)
    lowBatCheck                              0x08002b11   Thumb Code   140  sensor_function.o(.text)
    hugFrontWall                             0x08002bc1   Thumb Code    52  test.o(.text)
    ledTest                                  0x08002bf5   Thumb Code   124  test.o(.text)
    wheelOffsetTest                          0x08002c71   Thumb Code    64  test.o(.text)
    randomSearch                             0x08002cb1   Thumb Code   480  test.o(.text)
    pivotTurn                                0x08002efd   Thumb Code   242  turn.o(.text)
    alignFrontWall                           0x08003019   Thumb Code   120  align.o(.text)
    getSensorError                           0x080030b1   Thumb Code    60  speedprofile.o(.text)
    calculateMotorPwm                        0x080030ed   Thumb Code   248  speedprofile.o(.text)
    speed_to_counts                          0x080031e5   Thumb Code    48  speedprofile.o(.text)
    updateCurrentSpeed                       0x08003215   Thumb Code   252  speedprofile.o(.text)
    getEncoderStatus                         0x08003311   Thumb Code    72  speedprofile.o(.text)
    speedProfile                             0x08003359   Thumb Code    16  speedprofile.o(.text)
    dist_counts_to_mm                        0x08003369   Thumb Code    40  speedprofile.o(.text)
    needToDecelerate                         0x08003391   Thumb Code    86  speedprofile.o(.text)
    resetSpeedProfile                        0x080033e7   Thumb Code   102  speedprofile.o(.text)
    dist_mm_to_counts                        0x0800344d   Thumb Code    40  speedprofile.o(.text)
    counts_to_speed                          0x08003475   Thumb Code     6  speedprofile.o(.text)
    abs                                      0x0800347b   Thumb Code    16  speedprofile.o(.text)
    moveForward                              0x0800348b   Thumb Code   256  speedprofile.o(.text)
    Reset_Handler                            0x08003595   Thumb Code     8  startup_stm32f4xx.o(.text)
    ADC_IRQHandler                           0x080035af   Thumb Code     0  startup_stm32f4xx.o(.text)
    CAN1_RX0_IRQHandler                      0x080035af   Thumb Code     0  startup_stm32f4xx.o(.text)
    CAN1_RX1_IRQHandler                      0x080035af   Thumb Code     0  startup_stm32f4xx.o(.text)
    CAN1_SCE_IRQHandler                      0x080035af   Thumb Code     0  startup_stm32f4xx.o(.text)
    CAN1_TX_IRQHandler                       0x080035af   Thumb Code     0  startup_stm32f4xx.o(.text)
    CAN2_RX0_IRQHandler                      0x080035af   Thumb Code     0  startup_stm32f4xx.o(.text)
    CAN2_RX1_IRQHandler                      0x080035af   Thumb Code     0  startup_stm32f4xx.o(.text)
    CAN2_SCE_IRQHandler                      0x080035af   Thumb Code     0  startup_stm32f4xx.o(.text)
    CAN2_TX_IRQHandler                       0x080035af   Thumb Code     0  startup_stm32f4xx.o(.text)
    CRYP_IRQHandler                          0x080035af   Thumb Code     0  startup_stm32f4xx.o(.text)
    DCMI_IRQHandler                          0x080035af   Thumb Code     0  startup_stm32f4xx.o(.text)
    DMA1_Stream0_IRQHandler                  0x080035af   Thumb Code     0  startup_stm32f4xx.o(.text)
    DMA1_Stream1_IRQHandler                  0x080035af   Thumb Code     0  startup_stm32f4xx.o(.text)
    DMA1_Stream2_IRQHandler                  0x080035af   Thumb Code     0  startup_stm32f4xx.o(.text)
    DMA1_Stream3_IRQHandler                  0x080035af   Thumb Code     0  startup_stm32f4xx.o(.text)
    DMA1_Stream4_IRQHandler                  0x080035af   Thumb Code     0  startup_stm32f4xx.o(.text)
    DMA1_Stream5_IRQHandler                  0x080035af   Thumb Code     0  startup_stm32f4xx.o(.text)
    DMA1_Stream6_IRQHandler                  0x080035af   Thumb Code     0  startup_stm32f4xx.o(.text)
    DMA1_Stream7_IRQHandler                  0x080035af   Thumb Code     0  startup_stm32f4xx.o(.text)
    DMA2_Stream0_IRQHandler                  0x080035af   Thumb Code     0  startup_stm32f4xx.o(.text)
    DMA2_Stream1_IRQHandler                  0x080035af   Thumb Code     0  startup_stm32f4xx.o(.text)
    DMA2_Stream2_IRQHandler                  0x080035af   Thumb Code     0  startup_stm32f4xx.o(.text)
    DMA2_Stream3_IRQHandler                  0x080035af   Thumb Code     0  startup_stm32f4xx.o(.text)
    DMA2_Stream4_IRQHandler                  0x080035af   Thumb Code     0  startup_stm32f4xx.o(.text)
    DMA2_Stream5_IRQHandler                  0x080035af   Thumb Code     0  startup_stm32f4xx.o(.text)
    DMA2_Stream6_IRQHandler                  0x080035af   Thumb Code     0  startup_stm32f4xx.o(.text)
    DMA2_Stream7_IRQHandler                  0x080035af   Thumb Code     0  startup_stm32f4xx.o(.text)
    ETH_IRQHandler                           0x080035af   Thumb Code     0  startup_stm32f4xx.o(.text)
    ETH_WKUP_IRQHandler                      0x080035af   Thumb Code     0  startup_stm32f4xx.o(.text)
    EXTI0_IRQHandler                         0x080035af   Thumb Code     0  startup_stm32f4xx.o(.text)
    EXTI1_IRQHandler                         0x080035af   Thumb Code     0  startup_stm32f4xx.o(.text)
    EXTI2_IRQHandler                         0x080035af   Thumb Code     0  startup_stm32f4xx.o(.text)
    EXTI3_IRQHandler                         0x080035af   Thumb Code     0  startup_stm32f4xx.o(.text)
    EXTI4_IRQHandler                         0x080035af   Thumb Code     0  startup_stm32f4xx.o(.text)
    FLASH_IRQHandler                         0x080035af   Thumb Code     0  startup_stm32f4xx.o(.text)
    FPU_IRQHandler                           0x080035af   Thumb Code     0  startup_stm32f4xx.o(.text)
    FSMC_IRQHandler                          0x080035af   Thumb Code     0  startup_stm32f4xx.o(.text)
    HASH_RNG_IRQHandler                      0x080035af   Thumb Code     0  startup_stm32f4xx.o(.text)
    I2C1_ER_IRQHandler                       0x080035af   Thumb Code     0  startup_stm32f4xx.o(.text)
    I2C1_EV_IRQHandler                       0x080035af   Thumb Code     0  startup_stm32f4xx.o(.text)
    I2C2_ER_IRQHandler                       0x080035af   Thumb Code     0  startup_stm32f4xx.o(.text)
    I2C2_EV_IRQHandler                       0x080035af   Thumb Code     0  startup_stm32f4xx.o(.text)
    I2C3_ER_IRQHandler                       0x080035af   Thumb Code     0  startup_stm32f4xx.o(.text)
    I2C3_EV_IRQHandler                       0x080035af   Thumb Code     0  startup_stm32f4xx.o(.text)
    OTG_FS_IRQHandler                        0x080035af   Thumb Code     0  startup_stm32f4xx.o(.text)
    OTG_FS_WKUP_IRQHandler                   0x080035af   Thumb Code     0  startup_stm32f4xx.o(.text)
    OTG_HS_EP1_IN_IRQHandler                 0x080035af   Thumb Code     0  startup_stm32f4xx.o(.text)
    OTG_HS_EP1_OUT_IRQHandler                0x080035af   Thumb Code     0  startup_stm32f4xx.o(.text)
    OTG_HS_IRQHandler                        0x080035af   Thumb Code     0  startup_stm32f4xx.o(.text)
    OTG_HS_WKUP_IRQHandler                   0x080035af   Thumb Code     0  startup_stm32f4xx.o(.text)
    PVD_IRQHandler                           0x080035af   Thumb Code     0  startup_stm32f4xx.o(.text)
    RCC_IRQHandler                           0x080035af   Thumb Code     0  startup_stm32f4xx.o(.text)
    RTC_Alarm_IRQHandler                     0x080035af   Thumb Code     0  startup_stm32f4xx.o(.text)
    RTC_WKUP_IRQHandler                      0x080035af   Thumb Code     0  startup_stm32f4xx.o(.text)
    SDIO_IRQHandler                          0x080035af   Thumb Code     0  startup_stm32f4xx.o(.text)
    SPI1_IRQHandler                          0x080035af   Thumb Code     0  startup_stm32f4xx.o(.text)
    SPI2_IRQHandler                          0x080035af   Thumb Code     0  startup_stm32f4xx.o(.text)
    SPI3_IRQHandler                          0x080035af   Thumb Code     0  startup_stm32f4xx.o(.text)
    TAMP_STAMP_IRQHandler                    0x080035af   Thumb Code     0  startup_stm32f4xx.o(.text)
    TIM1_BRK_TIM9_IRQHandler                 0x080035af   Thumb Code     0  startup_stm32f4xx.o(.text)
    TIM1_CC_IRQHandler                       0x080035af   Thumb Code     0  startup_stm32f4xx.o(.text)
    TIM1_TRG_COM_TIM11_IRQHandler            0x080035af   Thumb Code     0  startup_stm32f4xx.o(.text)
    TIM1_UP_TIM10_IRQHandler                 0x080035af   Thumb Code     0  startup_stm32f4xx.o(.text)
    TIM2_IRQHandler                          0x080035af   Thumb Code     0  startup_stm32f4xx.o(.text)
    TIM3_IRQHandler                          0x080035af   Thumb Code     0  startup_stm32f4xx.o(.text)
    TIM4_IRQHandler                          0x080035af   Thumb Code     0  startup_stm32f4xx.o(.text)
    TIM5_IRQHandler                          0x080035af   Thumb Code     0  startup_stm32f4xx.o(.text)
    TIM6_DAC_IRQHandler                      0x080035af   Thumb Code     0  startup_stm32f4xx.o(.text)
    TIM7_IRQHandler                          0x080035af   Thumb Code     0  startup_stm32f4xx.o(.text)
    TIM8_BRK_TIM12_IRQHandler                0x080035af   Thumb Code     0  startup_stm32f4xx.o(.text)
    TIM8_CC_IRQHandler                       0x080035af   Thumb Code     0  startup_stm32f4xx.o(.text)
    TIM8_TRG_COM_TIM14_IRQHandler            0x080035af   Thumb Code     0  startup_stm32f4xx.o(.text)
    TIM8_UP_TIM13_IRQHandler                 0x080035af   Thumb Code     0  startup_stm32f4xx.o(.text)
    UART4_IRQHandler                         0x080035af   Thumb Code     0  startup_stm32f4xx.o(.text)
    UART5_IRQHandler                         0x080035af   Thumb Code     0  startup_stm32f4xx.o(.text)
    USART1_IRQHandler                        0x080035af   Thumb Code     0  startup_stm32f4xx.o(.text)
    USART2_IRQHandler                        0x080035af   Thumb Code     0  startup_stm32f4xx.o(.text)
    USART3_IRQHandler                        0x080035af   Thumb Code     0  startup_stm32f4xx.o(.text)
    USART6_IRQHandler                        0x080035af   Thumb Code     0  startup_stm32f4xx.o(.text)
    WWDG_IRQHandler                          0x080035af   Thumb Code     0  startup_stm32f4xx.o(.text)
    __user_initial_stackheap                 0x080035b1   Thumb Code     0  startup_stm32f4xx.o(.text)
    SystemInit                               0x080036d3   Thumb Code    74  system_stm32f4xx.o(.text)
    SystemCoreClockUpdate                    0x0800371d   Thumb Code   106  system_stm32f4xx.o(.text)
    __use_no_semihosting                     0x080037b5   Thumb Code     2  use_no_semi_2.o(.text)
    __2printf                                0x080037b9   Thumb Code    20  noretval__2printf.o(.text)
    _printf_pre_padding                      0x080037d1   Thumb Code    46  _printf_pad.o(.text)
    _printf_post_padding                     0x080037ff   Thumb Code    36  _printf_pad.o(.text)
    _printf_str                              0x08003823   Thumb Code    82  _printf_str.o(.text)
    _printf_int_dec                          0x08003875   Thumb Code   102  _printf_dec.o(.text)
    __printf                                 0x080038ed   Thumb Code   270  __printf_wp.o(.text)
    __0scanf                                 0x080039fd   Thumb Code    26  __0scanf.o(.text)
    _scanf_int                               0x08003a1d   Thumb Code   336  _scanf_int.o(.text)
    _scanf_string                            0x08003b6d   Thumb Code   218  _scanf_str.o(.text)
    strcmp                                   0x08003c49   Thumb Code   128  strcmpv7m.o(.text)
    __use_two_region_memory                  0x08003cc9   Thumb Code     2  heapauxi.o(.text)
    __rt_heap_escrow$2region                 0x08003ccb   Thumb Code     2  heapauxi.o(.text)
    __rt_heap_expand$2region                 0x08003ccd   Thumb Code     2  heapauxi.o(.text)
    __I$use$semihosting                      0x08003ccf   Thumb Code     0  use_no_semi.o(.text)
    __use_no_semihosting_swi                 0x08003ccf   Thumb Code     2  use_no_semi.o(.text)
    _printf_int_common                       0x08003cd1   Thumb Code   184  _printf_intcommon.o(.text)
    __lib_sel_fp_printf                      0x08003d89   Thumb Code     2  _printf_fp_dec.o(.text)
    _printf_fp_dec_real                      0x08003f35   Thumb Code   628  _printf_fp_dec.o(.text)
    _printf_cs_common                        0x080041a9   Thumb Code    20  _printf_char.o(.text)
    _printf_char                             0x080041bd   Thumb Code    16  _printf_char.o(.text)
    _printf_string                           0x080041cd   Thumb Code     8  _printf_char.o(.text)
    _printf_char_file                        0x080041d5   Thumb Code    32  _printf_char_file.o(.text)
    _chval                                   0x080041f9   Thumb Code    28  _chval.o(.text)
    __vfscanf_char_file                      0x08004215   Thumb Code    16  scanf_char_file.o(.text)
    __rt_locale                              0x0800422d   Thumb Code     8  rt_locale_intlibspace.o(.text)
    _ll_udiv10                               0x08004235   Thumb Code   138  lludiv10.o(.text)
    _printf_char_common                      0x080042cb   Thumb Code    32  _printf_char_common.o(.text)
    _printf_fp_infnan                        0x080042f1   Thumb Code   112  _printf_fp_infnan.o(.text)
    __vfscanf_char                           0x0800437d   Thumb Code    24  scanf_char.o(.text)
    _btod_etento                             0x0800439d   Thumb Code   222  bigflt0.o(.text)
    ___backspace$unlocked                    0x08004481   Thumb Code     2  backspace.o(.text)
    __backspace                              0x08004483   Thumb Code    70  backspace.o(.text)
    ferror                                   0x080044c9   Thumb Code     8  ferror.o(.text)
    __user_libspace                          0x080044d1   Thumb Code     8  libspace.o(.text)
    __user_perproc_libspace                  0x080044d1   Thumb Code     0  libspace.o(.text)
    __user_perthread_libspace                0x080044d1   Thumb Code     0  libspace.o(.text)
    __user_setup_stackheap                   0x080044d9   Thumb Code    74  sys_stackheap_outer.o(.text)
    isspace                                  0x08004523   Thumb Code    18  isspace.o(.text)
    __vfscanf                                0x08004535   Thumb Code   876  _scanf.o(.text)
    _ungetc_internal                         0x080048a5   Thumb Code    60  ungetc.o(.text)
    ungetc                                   0x080048a5   Thumb Code     0  ungetc.o(.text)
    exit                                     0x080048ed   Thumb Code    12  exit.o(.text)
    __rt_ctype_table                         0x080048f9   Thumb Code    16  rt_ctype_table.o(.text)
    _btod_d2e                                0x08004909   Thumb Code    62  btod.o(CL$$btod_d2e)
    _d2e_denorm_low                          0x08004947   Thumb Code    70  btod.o(CL$$btod_d2e_denorm_low)
    _d2e_norm_op1                            0x0800498d   Thumb Code    96  btod.o(CL$$btod_d2e_norm_op1)
    __btod_div_common                        0x080049ed   Thumb Code   696  btod.o(CL$$btod_div_common)
    _e2e                                     0x08004d25   Thumb Code   198  btod.o(CL$$btod_e2e)
    _btod_ediv                               0x08004deb   Thumb Code    40  btod.o(CL$$btod_ediv)
    _btod_emul                               0x08004e13   Thumb Code    40  btod.o(CL$$btod_emul)
    __btod_mult_common                       0x08004e3b   Thumb Code   580  btod.o(CL$$btod_mult_common)
    __ARM_fpclassify                         0x0800507f   Thumb Code    48  fpclassify.o(i.__ARM_fpclassify)
    _is_digit                                0x080050af   Thumb Code    14  __printf_wp.o(i._is_digit)
    _get_lc_numeric                          0x080050bd   Thumb Code    44  lc_numeric_c.o(locale$$code)
    _get_lc_ctype                            0x080050e9   Thumb Code    44  lc_ctype_c.o(locale$$code)
    __aeabi_d2f                              0x08005115   Thumb Code     0  d2f.o(x$fpl$d2f)
    _d2f                                     0x08005115   Thumb Code    98  d2f.o(x$fpl$d2f)
    __aeabi_ddiv                             0x08005179   Thumb Code     0  ddiv.o(x$fpl$ddiv)
    _ddiv                                    0x08005179   Thumb Code   552  ddiv.o(x$fpl$ddiv)
    __aeabi_d2iz                             0x08005429   Thumb Code     0  dfix.o(x$fpl$dfix)
    _dfix                                    0x08005429   Thumb Code    94  dfix.o(x$fpl$dfix)
    __aeabi_i2d                              0x08005487   Thumb Code     0  dflt_clz.o(x$fpl$dflt)
    _dflt                                    0x08005487   Thumb Code    46  dflt_clz.o(x$fpl$dflt)
    __aeabi_dmul                             0x080054b5   Thumb Code     0  dmul.o(x$fpl$dmul)
    _dmul                                    0x080054b5   Thumb Code   332  dmul.o(x$fpl$dmul)
    __fpl_dnaninf                            0x08005609   Thumb Code   156  dnaninf.o(x$fpl$dnaninf)
    __fpl_dretinf                            0x080056a5   Thumb Code    12  dretinf.o(x$fpl$dretinf)
    __aeabi_f2d                              0x080056b1   Thumb Code     0  f2d.o(x$fpl$f2d)
    _f2d                                     0x080056b1   Thumb Code    86  f2d.o(x$fpl$f2d)
    __fpl_fnaninf                            0x08005707   Thumb Code   140  fnaninf.o(x$fpl$fnaninf)
    _fp_init                                 0x08005793   Thumb Code    10  fpinit.o(x$fpl$fpinit)
    __fplib_config_fpu_vfp                   0x0800579b   Thumb Code     0  fpinit.o(x$fpl$fpinit)
    __fplib_config_pureend_doubles           0x0800579b   Thumb Code     0  fpinit.o(x$fpl$fpinit)
    __fpl_fretinf                            0x0800579d   Thumb Code    10  fretinf.o(x$fpl$fretinf)
    _printf_fp_dec                           0x080057a7   Thumb Code     4  printf1.o(x$fpl$printf1)
    __I$use$fp                               0x080057aa   Number         0  usenofp.o(x$fpl$usenofp)
    Region$$Table$$Base                      0x080058d0   Number         0  anon$$obj.o(Region$$Table)
    Region$$Table$$Limit                     0x080058f0   Number         0  anon$$obj.o(Region$$Table)
    __ctype                                  0x08005919   Data           0  lc_ctype_c.o(locale$$data)
    useIRSensors                             0x20000010   Data           1  main.o(.data)
    useGyro                                  0x20000011   Data           1  main.o(.data)
    useSpeedProfile                          0x20000012   Data           1  main.o(.data)
    isWaiting                                0x20000013   Data           1  main.o(.data)
    isSearching                              0x20000014   Data           1  main.o(.data)
    maxPwm                                   0x20000018   Data           4  main.o(.data)
    alignPwm                                 0x2000001c   Data           4  main.o(.data)
    moveSpeed                                0x20000020   Data           4  main.o(.data)
    maxSpeed                                 0x20000024   Data           4  main.o(.data)
    turnSpeed                                0x20000028   Data           4  main.o(.data)
    searchSpeed                              0x2000002c   Data           4  main.o(.data)
    stopSpeed                                0x20000030   Data           4  main.o(.data)
    turnLeft90                               0x20000034   Data           4  main.o(.data)
    turnRight90                              0x20000038   Data           4  main.o(.data)
    turnLeft180                              0x2000003c   Data           4  main.o(.data)
    turnRight180                             0x20000040   Data           4  main.o(.data)
    encResolution                            0x20000044   Data           4  main.o(.data)
    gearRatio                                0x20000048   Data           4  main.o(.data)
    wheelCircumference                       0x2000004c   Data           4  main.o(.data)
    wheelBase                                0x20000050   Data           4  main.o(.data)
    cellDistance                             0x20000054   Data           4  main.o(.data)
    usePID                                   0x20000058   Data           1  main.o(.data)
    useOnlyGyroFeedback                      0x20000059   Data           1  main.o(.data)
    useOnlyEncoderFeedback                   0x2000005a   Data           1  main.o(.data)
    isSpeedRunning                           0x2000005b   Data           1  main.o(.data)
    frontWallThresholdL                      0x2000005c   Data           4  main.o(.data)
    frontWallThresholdR                      0x20000060   Data           4  main.o(.data)
    leftWallThreshold                        0x20000064   Data           4  main.o(.data)
    rightWallThreshold                       0x20000068   Data           4  main.o(.data)
    LDMiddleValue                            0x2000006c   Data           4  main.o(.data)
    RDMiddleValue                            0x20000070   Data           4  main.o(.data)
    Micros                                   0x20000074   Data           4  delay.o(.data)
    Millis                                   0x20000078   Data           4  delay.o(.data)
    __stdout                                 0x2000007c   Data           4  usart.o(.data)
    __stdin                                  0x20000080   Data           4  usart.o(.data)
    CCR1_Val                                 0x20000084   Data           2  pwm.o(.data)
    CCR2_Val                                 0x20000086   Data           2  pwm.o(.data)
    CCR3_Val                                 0x20000088   Data           2  pwm.o(.data)
    CCR4_Val                                 0x2000008a   Data           2  pwm.o(.data)
    buzzerTime                               0x2000008c   Data           4  buzzer.o(.data)
    reflectionRate                           0x20000090   Data           4  sensor_function.o(.data)
    volMeter                                 0x20000094   Data           4  sensor_function.o(.data)
    voltage                                  0x20000098   Data           4  sensor_function.o(.data)
    LFSensor                                 0x2000009c   Data           4  sensor_function.o(.data)
    RFSensor                                 0x200000a0   Data           4  sensor_function.o(.data)
    LDSensor                                 0x200000a4   Data           4  sensor_function.o(.data)
    RDSensor                                 0x200000a8   Data           4  sensor_function.o(.data)
    LSSensor                                 0x200000ac   Data           4  sensor_function.o(.data)
    RSSensor                                 0x200000b0   Data           4  sensor_function.o(.data)
    aSpeed                                   0x200000b4   Data           4  sensor_function.o(.data)
    angle                                    0x200000b8   Data           4  sensor_function.o(.data)
    curSpeedX                                0x200000bc   Data           4  speedprofile.o(.data)
    curSpeedW                                0x200000c0   Data           4  speedprofile.o(.data)
    targetSpeedX                             0x200000c4   Data           4  speedprofile.o(.data)
    targetSpeedW                             0x200000c8   Data           4  speedprofile.o(.data)
    encoderFeedbackX                         0x200000cc   Data           4  speedprofile.o(.data)
    encoderFeedbackW                         0x200000d0   Data           4  speedprofile.o(.data)
    pidInputX                                0x200000d4   Data           4  speedprofile.o(.data)
    pidInputW                                0x200000d8   Data           4  speedprofile.o(.data)
    posErrorX                                0x200000dc   Data           4  speedprofile.o(.data)
    posErrorW                                0x200000e0   Data           4  speedprofile.o(.data)
    oldPosErrorX                             0x200000e4   Data           4  speedprofile.o(.data)
    oldPosErrorW                             0x200000e8   Data           4  speedprofile.o(.data)
    posPwmX                                  0x200000ec   Data           4  speedprofile.o(.data)
    posPwmW                                  0x200000f0   Data           4  speedprofile.o(.data)
    kpX                                      0x200000f4   Data           4  speedprofile.o(.data)
    kdX                                      0x200000f8   Data           4  speedprofile.o(.data)
    kpW                                      0x200000fc   Data           4  speedprofile.o(.data)
    kdW                                      0x20000100   Data           4  speedprofile.o(.data)
    accX                                     0x20000104   Data           4  speedprofile.o(.data)
    decX                                     0x20000108   Data           4  speedprofile.o(.data)
    accW                                     0x2000010c   Data           4  speedprofile.o(.data)
    decW                                     0x20000110   Data           4  speedprofile.o(.data)
    leftBaseSpeed                            0x20000114   Data           4  speedprofile.o(.data)
    rightBaseSpeed                           0x20000118   Data           4  speedprofile.o(.data)
    leftEncCount                             0x2000011c   Data           4  speedprofile.o(.data)
    rightEncCount                            0x20000120   Data           4  speedprofile.o(.data)
    leftEncOld                               0x20000124   Data           4  speedprofile.o(.data)
    rightEncOld                              0x20000128   Data           4  speedprofile.o(.data)
    leftEncChange                            0x2000012c   Data           4  speedprofile.o(.data)
    rightEncChange                           0x20000130   Data           4  speedprofile.o(.data)
    encChange                                0x20000134   Data           4  speedprofile.o(.data)
    distanceLeft                             0x20000138   Data           4  speedprofile.o(.data)
    encCount                                 0x2000013c   Data           4  speedprofile.o(.data)
    oldEncCount                              0x20000140   Data           4  speedprofile.o(.data)
    sensorError                              0x20000144   Data           4  speedprofile.o(.data)
    sensorScale                              0x20000148   Data           4  speedprofile.o(.data)
    gyroFeedbackRatio                        0x2000014c   Data           4  speedprofile.o(.data)
    SystemCoreClock                          0x20000150   Data           4  system_stm32f4xx.o(.data)
    AHBPrescTable                            0x20000154   Data          16  system_stm32f4xx.o(.data)
    __libspace_start                         0x20000164   Data          96  libspace.o(.bss)
    __temporary_stack_top$libspace           0x200001c4   Data           0  libspace.o(.bss)



==============================================================================

Memory Map of the image

  Image Entry point : 0x08000189

  Load Region LR_IROM1 (Base: 0x08000000, Size: 0x00005b80, Max: 0x00100000, ABSOLUTE, COMPRESSED[0x00005a84])

    Execution Region ER_IROM1 (Base: 0x08000000, Size: 0x00005a1c, Max: 0x00100000, ABSOLUTE)

    Base Addr    Size         Type   Attr      Idx    E Section Name        Object

    0x08000000   0x00000188   Data   RO          776    RESET               startup_stm32f4xx.o
    0x08000188   0x00000008   Code   RO          859  * !!!main             c_w.l(__main.o)
    0x08000190   0x00000034   Code   RO         1168    !!!scatter          c_w.l(__scatter.o)
    0x080001c4   0x0000005a   Code   RO         1166    !!dczerorl2         c_w.l(__dczerorl2.o)
    0x0800021e   0x00000002   PAD
    0x08000220   0x0000001c   Code   RO         1170    !!handler_zi        c_w.l(__scatter_zi.o)
    0x0800023c   0x00000000   Code   RO          848    .ARM.Collect$$_printf_percent$$00000000  c_w.l(_printf_percent.o)
    0x0800023c   0x00000006   Code   RO          847    .ARM.Collect$$_printf_percent$$00000003  c_w.l(_printf_f.o)
    0x08000242   0x00000006   Code   RO          846    .ARM.Collect$$_printf_percent$$00000009  c_w.l(_printf_d.o)
    0x08000248   0x00000006   Code   RO          844    .ARM.Collect$$_printf_percent$$00000013  c_w.l(_printf_c.o)
    0x0800024e   0x00000006   Code   RO          845    .ARM.Collect$$_printf_percent$$00000014  c_w.l(_printf_s.o)
    0x08000254   0x00000004   Code   RO          894    .ARM.Collect$$_printf_percent$$00000017  c_w.l(_printf_percent_end.o)
    0x08000258   0x00000002   Code   RO          999    .ARM.Collect$$libinit$$00000000  c_w.l(libinit.o)
    0x0800025a   0x00000004   Code   RO         1000    .ARM.Collect$$libinit$$00000001  c_w.l(libinit2.o)
    0x0800025e   0x00000000   Code   RO         1004    .ARM.Collect$$libinit$$00000008  c_w.l(libinit2.o)
    0x0800025e   0x00000000   Code   RO         1006    .ARM.Collect$$libinit$$0000000A  c_w.l(libinit2.o)
    0x0800025e   0x00000000   Code   RO         1008    .ARM.Collect$$libinit$$0000000C  c_w.l(libinit2.o)
    0x0800025e   0x00000006   Code   RO         1009    .ARM.Collect$$libinit$$0000000D  c_w.l(libinit2.o)
    0x08000264   0x00000000   Code   RO         1011    .ARM.Collect$$libinit$$0000000F  c_w.l(libinit2.o)
    0x08000264   0x0000000c   Code   RO         1012    .ARM.Collect$$libinit$$00000010  c_w.l(libinit2.o)
    0x08000270   0x00000000   Code   RO         1013    .ARM.Collect$$libinit$$00000011  c_w.l(libinit2.o)
    0x08000270   0x00000000   Code   RO         1015    .ARM.Collect$$libinit$$00000013  c_w.l(libinit2.o)
    0x08000270   0x0000000a   Code   RO         1016    .ARM.Collect$$libinit$$00000014  c_w.l(libinit2.o)
    0x0800027a   0x00000000   Code   RO         1017    .ARM.Collect$$libinit$$00000015  c_w.l(libinit2.o)
    0x0800027a   0x00000000   Code   RO         1019    .ARM.Collect$$libinit$$00000017  c_w.l(libinit2.o)
    0x0800027a   0x00000000   Code   RO         1021    .ARM.Collect$$libinit$$00000019  c_w.l(libinit2.o)
    0x0800027a   0x00000000   Code   RO         1023    .ARM.Collect$$libinit$$0000001B  c_w.l(libinit2.o)
    0x0800027a   0x00000000   Code   RO         1025    .ARM.Collect$$libinit$$0000001D  c_w.l(libinit2.o)
    0x0800027a   0x00000000   Code   RO         1027    .ARM.Collect$$libinit$$0000001F  c_w.l(libinit2.o)
    0x0800027a   0x00000000   Code   RO         1029    .ARM.Collect$$libinit$$00000021  c_w.l(libinit2.o)
    0x0800027a   0x00000000   Code   RO         1031    .ARM.Collect$$libinit$$00000023  c_w.l(libinit2.o)
    0x0800027a   0x00000000   Code   RO         1035    .ARM.Collect$$libinit$$0000002A  c_w.l(libinit2.o)
    0x0800027a   0x00000000   Code   RO         1037    .ARM.Collect$$libinit$$0000002C  c_w.l(libinit2.o)
    0x0800027a   0x00000000   Code   RO         1039    .ARM.Collect$$libinit$$0000002E  c_w.l(libinit2.o)
    0x0800027a   0x00000000   Code   RO         1041    .ARM.Collect$$libinit$$00000030  c_w.l(libinit2.o)
    0x0800027a   0x00000002   Code   RO         1042    .ARM.Collect$$libinit$$00000031  c_w.l(libinit2.o)
    0x0800027c   0x00000002   Code   RO         1113    .ARM.Collect$$libshutdown$$00000000  c_w.l(libshutdown.o)
    0x0800027e   0x00000000   Code   RO         1127    .ARM.Collect$$libshutdown$$00000003  c_w.l(libshutdown2.o)
    0x0800027e   0x00000000   Code   RO         1130    .ARM.Collect$$libshutdown$$00000006  c_w.l(libshutdown2.o)
    0x0800027e   0x00000000   Code   RO         1133    .ARM.Collect$$libshutdown$$00000009  c_w.l(libshutdown2.o)
    0x0800027e   0x00000000   Code   RO         1135    .ARM.Collect$$libshutdown$$0000000B  c_w.l(libshutdown2.o)
    0x0800027e   0x00000000   Code   RO         1138    .ARM.Collect$$libshutdown$$0000000E  c_w.l(libshutdown2.o)
    0x0800027e   0x00000002   Code   RO         1139    .ARM.Collect$$libshutdown$$0000000F  c_w.l(libshutdown2.o)
    0x08000280   0x00000000   Code   RO          885    .ARM.Collect$$rtentry$$00000000  c_w.l(rtentry.o)
    0x08000280   0x00000000   Code   RO          909    .ARM.Collect$$rtentry$$00000002  c_w.l(rtentry2.o)
    0x08000280   0x00000006   Code   RO          921    .ARM.Collect$$rtentry$$00000004  c_w.l(rtentry4.o)
    0x08000286   0x00000000   Code   RO          911    .ARM.Collect$$rtentry$$00000009  c_w.l(rtentry2.o)
    0x08000286   0x00000004   Code   RO          912    .ARM.Collect$$rtentry$$0000000A  c_w.l(rtentry2.o)
    0x0800028a   0x00000000   Code   RO          914    .ARM.Collect$$rtentry$$0000000C  c_w.l(rtentry2.o)
    0x0800028a   0x00000008   Code   RO          915    .ARM.Collect$$rtentry$$0000000D  c_w.l(rtentry2.o)
    0x08000292   0x00000002   Code   RO         1043    .ARM.Collect$$rtexit$$00000000  c_w.l(rtexit.o)
    0x08000294   0x00000000   Code   RO         1052    .ARM.Collect$$rtexit$$00000002  c_w.l(rtexit2.o)
    0x08000294   0x00000004   Code   RO         1053    .ARM.Collect$$rtexit$$00000003  c_w.l(rtexit2.o)
    0x08000298   0x00000006   Code   RO         1054    .ARM.Collect$$rtexit$$00000004  c_w.l(rtexit2.o)
    0x0800029e   0x00000002   PAD
    0x080002a0   0x000000b0   Code   RO            3    .text               misc.o
    0x08000350   0x00000348   Code   RO          130    .text               stm32f4xx_adc.o
    0x08000698   0x000000e8   Code   RO          170    .text               stm32f4xx_exti.o
    0x08000780   0x000001e4   Code   RO          211    .text               stm32f4xx_gpio.o
    0x08000964   0x000003d0   Code   RO          231    .text               stm32f4xx_rcc.o
    0x08000d34   0x0000006c   Code   RO          273    .text               stm32f4xx_syscfg.o
    0x08000da0   0x000009da   Code   RO          293    .text               stm32f4xx_tim.o
    0x0800177a   0x00000002   PAD
    0x0800177c   0x00000344   Code   RO          314    .text               stm32f4xx_usart.o
    0x08001ac0   0x000002c4   Code   RO          334    .text               main.o
    0x08001d84   0x000000c4   Code   RO          438    .text               stm32f4xx_it.o
    0x08001e48   0x000000e4   Code   RO          465    .text               delay.o
    0x08001f2c   0x000000cc   Code   RO          496    .text               led.o
    0x08001ff8   0x00000158   Code   RO          516    .text               button.o
    0x08002150   0x000002e4   Code   RO          536    .text               usart.o
    0x08002434   0x00000174   Code   RO          567    .text               pwm.o
    0x080025a8   0x00000108   Code   RO          590    .text               buzzer.o
    0x080026b0   0x000000e0   Code   RO          616    .text               encoder.o
    0x08002790   0x00000108   Code   RO          636    .text               adc.o
    0x08002898   0x00000328   Code   RO          656    .text               sensor_function.o
    0x08002bc0   0x0000033c   Code   RO          684    .text               test.o
    0x08002efc   0x0000011c   Code   RO          704    .text               turn.o
    0x08003018   0x00000098   Code   RO          724    .text               align.o
    0x080030b0   0x000004e4   Code   RO          744    .text               speedprofile.o
    0x08003594   0x00000040   Code   RO          777    .text               startup_stm32f4xx.o
    0x080035d4   0x000001e0   Code   RO          783    .text               system_stm32f4xx.o
    0x080037b4   0x00000002   Code   RO          810    .text               c_w.l(use_no_semi_2.o)
    0x080037b6   0x00000002   PAD
    0x080037b8   0x00000018   Code   RO          814    .text               c_w.l(noretval__2printf.o)
    0x080037d0   0x00000052   Code   RO          818    .text               c_w.l(_printf_pad.o)
    0x08003822   0x00000052   Code   RO          820    .text               c_w.l(_printf_str.o)
    0x08003874   0x00000078   Code   RO          822    .text               c_w.l(_printf_dec.o)
    0x080038ec   0x0000010e   Code   RO          832    .text               c_w.l(__printf_wp.o)
    0x080039fa   0x00000002   PAD
    0x080039fc   0x00000020   Code   RO          849    .text               c_w.l(__0scanf.o)
    0x08003a1c   0x00000150   Code   RO          851    .text               c_w.l(_scanf_int.o)
    0x08003b6c   0x000000da   Code   RO          853    .text               c_w.l(_scanf_str.o)
    0x08003c46   0x00000002   PAD
    0x08003c48   0x00000080   Code   RO          855    .text               c_w.l(strcmpv7m.o)
    0x08003cc8   0x00000006   Code   RO          857    .text               c_w.l(heapauxi.o)
    0x08003cce   0x00000002   Code   RO          883    .text               c_w.l(use_no_semi.o)
    0x08003cd0   0x000000b8   Code   RO          886    .text               c_w.l(_printf_intcommon.o)
    0x08003d88   0x00000420   Code   RO          888    .text               c_w.l(_printf_fp_dec.o)
    0x080041a8   0x0000002c   Code   RO          890    .text               c_w.l(_printf_char.o)
    0x080041d4   0x00000024   Code   RO          892    .text               c_w.l(_printf_char_file.o)
    0x080041f8   0x0000001c   Code   RO          895    .text               c_w.l(_chval.o)
    0x08004214   0x00000018   Code   RO          897    .text               c_w.l(scanf_char_file.o)
    0x0800422c   0x00000008   Code   RO          926    .text               c_w.l(rt_locale_intlibspace.o)
    0x08004234   0x0000008a   Code   RO          928    .text               c_w.l(lludiv10.o)
    0x080042be   0x00000002   PAD
    0x080042c0   0x00000030   Code   RO          930    .text               c_w.l(_printf_char_common.o)
    0x080042f0   0x00000080   Code   RO          932    .text               c_w.l(_printf_fp_infnan.o)
    0x08004370   0x0000002c   Code   RO          934    .text               c_w.l(scanf_char.o)
    0x0800439c   0x000000e4   Code   RO          936    .text               c_w.l(bigflt0.o)
    0x08004480   0x00000048   Code   RO          961    .text               c_w.l(backspace.o)
    0x080044c8   0x00000008   Code   RO          963    .text               c_w.l(ferror.o)
    0x080044d0   0x00000008   Code   RO          979    .text               c_w.l(libspace.o)
    0x080044d8   0x0000004a   Code   RO          982    .text               c_w.l(sys_stackheap_outer.o)
    0x08004522   0x00000012   Code   RO          984    .text               c_w.l(isspace.o)
    0x08004534   0x00000370   Code   RO          988    .text               c_w.l(_scanf.o)
    0x080048a4   0x00000048   Code   RO          990    .text               c_w.l(ungetc.o)
    0x080048ec   0x0000000c   Code   RO          992    .text               c_w.l(exit.o)
    0x080048f8   0x00000010   Code   RO         1045    .text               c_w.l(rt_ctype_table.o)
    0x08004908   0x0000003e   Code   RO          939    CL$$btod_d2e        c_w.l(btod.o)
    0x08004946   0x00000046   Code   RO          941    CL$$btod_d2e_denorm_low  c_w.l(btod.o)
    0x0800498c   0x00000060   Code   RO          940    CL$$btod_d2e_norm_op1  c_w.l(btod.o)
    0x080049ec   0x00000338   Code   RO          949    CL$$btod_div_common  c_w.l(btod.o)
    0x08004d24   0x000000c6   Code   RO          946    CL$$btod_e2e        c_w.l(btod.o)
    0x08004dea   0x00000028   Code   RO          943    CL$$btod_ediv       c_w.l(btod.o)
    0x08004e12   0x00000028   Code   RO          942    CL$$btod_emul       c_w.l(btod.o)
    0x08004e3a   0x00000244   Code   RO          948    CL$$btod_mult_common  c_w.l(btod.o)
    0x0800507e   0x00000030   Code   RO          977    i.__ARM_fpclassify  m_wm.l(fpclassify.o)
    0x080050ae   0x0000000e   Code   RO          834    i._is_digit         c_w.l(__printf_wp.o)
    0x080050bc   0x0000002c   Code   RO          970    locale$$code        c_w.l(lc_numeric_c.o)
    0x080050e8   0x0000002c   Code   RO         1068    locale$$code        c_w.l(lc_ctype_c.o)
    0x08005114   0x00000062   Code   RO          861    x$fpl$d2f           fz_wm.l(d2f.o)
    0x08005176   0x00000002   PAD
    0x08005178   0x000002b0   Code   RO          864    x$fpl$ddiv          fz_wm.l(ddiv.o)
    0x08005428   0x0000005e   Code   RO          867    x$fpl$dfix          fz_wm.l(dfix.o)
    0x08005486   0x0000002e   Code   RO          872    x$fpl$dflt          fz_wm.l(dflt_clz.o)
    0x080054b4   0x00000154   Code   RO          877    x$fpl$dmul          fz_wm.l(dmul.o)
    0x08005608   0x0000009c   Code   RO          899    x$fpl$dnaninf       fz_wm.l(dnaninf.o)
    0x080056a4   0x0000000c   Code   RO          901    x$fpl$dretinf       fz_wm.l(dretinf.o)
    0x080056b0   0x00000056   Code   RO          879    x$fpl$f2d           fz_wm.l(f2d.o)
    0x08005706   0x0000008c   Code   RO          903    x$fpl$fnaninf       fz_wm.l(fnaninf.o)
    0x08005792   0x0000000a   Code   RO         1049    x$fpl$fpinit        fz_wm.l(fpinit.o)
    0x0800579c   0x0000000a   Code   RO          905    x$fpl$fretinf       fz_wm.l(fretinf.o)
    0x080057a6   0x00000004   Code   RO          881    x$fpl$printf1       fz_wm.l(printf1.o)
    0x080057aa   0x00000000   Code   RO          907    x$fpl$usenofp       fz_wm.l(usenofp.o)
    0x080057aa   0x00000002   PAD
    0x080057ac   0x00000090   Data   RO          335    .constdata          main.o
    0x0800583c   0x00000094   Data   RO          937    .constdata          c_w.l(bigflt0.o)
    0x080058d0   0x00000020   Data   RO         1164    Region$$Table       anon$$obj.o
    0x080058f0   0x0000001c   Data   RO          969    locale$$data        c_w.l(lc_numeric_c.o)
    0x0800590c   0x00000110   Data   RO         1067    locale$$data        c_w.l(lc_ctype_c.o)


    Execution Region RW_IRAM1 (Base: 0x20000000, Size: 0x000007c8, Max: 0x00020000, ABSOLUTE, COMPRESSED[0x00000068])

    Base Addr    Size         Type   Attr      Idx    E Section Name        Object

    0x20000000   0x00000010   Data   RW          232    .data               stm32f4xx_rcc.o
    0x20000010   0x00000034   Data   RW          336    .data               main.o
    0x20000044   0x00000004   Data   RW          337    .data               main.o
    0x20000048   0x00000004   Data   RW          338    .data               main.o
    0x2000004c   0x00000004   Data   RW          339    .data               main.o
    0x20000050   0x00000004   Data   RW          340    .data               main.o
    0x20000054   0x00000004   Data   RW          341    .data               main.o
    0x20000058   0x00000001   Data   RW          342    .data               main.o
    0x20000059   0x00000001   Data   RW          343    .data               main.o
    0x2000005a   0x00000001   Data   RW          344    .data               main.o
    0x2000005b   0x00000001   Data   RW          345    .data               main.o
    0x2000005c   0x00000004   Data   RW          346    .data               main.o
    0x20000060   0x00000004   Data   RW          347    .data               main.o
    0x20000064   0x00000004   Data   RW          348    .data               main.o
    0x20000068   0x00000004   Data   RW          349    .data               main.o
    0x2000006c   0x00000004   Data   RW          350    .data               main.o
    0x20000070   0x00000004   Data   RW          351    .data               main.o
    0x20000074   0x00000008   Data   RW          466    .data               delay.o
    0x2000007c   0x00000004   Data   RW          537    .data               usart.o
    0x20000080   0x00000004   Data   RW          538    .data               usart.o
    0x20000084   0x00000008   Data   RW          568    .data               pwm.o
    0x2000008c   0x00000004   Data   RW          591    .data               buzzer.o
    0x20000090   0x0000002c   Data   RW          657    .data               sensor_function.o
    0x200000bc   0x00000094   Data   RW          745    .data               speedprofile.o
    0x20000150   0x00000014   Data   RW          785    .data               system_stm32f4xx.o
    0x20000164   0x00000060   Zero   RW          980    .bss                c_w.l(libspace.o)
    0x200001c4   0x00000004   PAD
    0x200001c8   0x00000200   Zero   RW          775    HEAP                startup_stm32f4xx.o
    0x200003c8   0x00000400   Zero   RW          774    STACK               startup_stm32f4xx.o


==============================================================================

Image component sizes


      Code (inc. data)   RO Data    RW Data    ZI Data      Debug   Object Name

       264         18          0          0          0       1189   adc.o
       152         32          0          0          0        625   align.o
       344         14          0          0          0        895   button.o
       264         18          0          4          0       1323   buzzer.o
       228         18          0          8          0      28619   delay.o
       224         12          0          0          0       1475   encoder.o
       204         18          0          0          0        592   led.o
       708         74        144        100          0       3165   main.o
       176         16          0          0          0     275949   misc.o
       372         16          0          8          0       1691   pwm.o
       808         36          0         44          0       2025   sensor_function.o
      1252         86          0        148          0       5699   speedprofile.o
        64         26        392          0       1536        816   startup_stm32f4xx.o
       840         24          0          0          0       9174   stm32f4xx_adc.o
       232          8          0          0          0       2191   stm32f4xx_exti.o
       484         36          0          0          0       3745   stm32f4xx_gpio.o
       196         14          0          0          0       1770   stm32f4xx_it.o
       976         42          0         16          0       9867   stm32f4xx_rcc.o
       108         14          0          0          0       1603   stm32f4xx_syscfg.o
      2522         52          0          0          0      19738   stm32f4xx_tim.o
       836         26          0          0          0       6784   stm32f4xx_usart.o
       480         46          0         20          0       2033   system_stm32f4xx.o
       828        108          0          0          0       2152   test.o
       284         42          0          0          0        708   turn.o
       740        280          0          8          0       4108   usart.o

    ----------------------------------------------------------------------
     13588       1076        568        356       1536     387936   Object Totals
         0          0         32          0          0          0   (incl. Generated)
         2          0          0          0          0          0   (incl. Padding)

    ----------------------------------------------------------------------

      Code (inc. data)   RO Data    RW Data    ZI Data      Debug   Library Member Name

        32          6          0          0          0         84   __0scanf.o
        90          0          0          0          0          0   __dczerorl2.o
         8          0          0          0          0         68   __main.o
       284          0          0          0          0        156   __printf_wp.o
        52          8          0          0          0          0   __scatter.o
        28          0          0          0          0          0   __scatter_zi.o
        28          0          0          0          0         68   _chval.o
         6          0          0          0          0          0   _printf_c.o
        44          0          0          0          0        108   _printf_char.o
        48          6          0          0          0         96   _printf_char_common.o
        36          4          0          0          0         80   _printf_char_file.o
         6          0          0          0          0          0   _printf_d.o
       120         18          0          0          0         92   _printf_dec.o
         6          0          0          0          0          0   _printf_f.o
      1056          0          0          0          0        212   _printf_fp_dec.o
       128         16          0          0          0         84   _printf_fp_infnan.o
       184          0          0          0          0         88   _printf_intcommon.o
        82          0          0          0          0        108   _printf_pad.o
         0          0          0          0          0          0   _printf_percent.o
         4          0          0          0          0          0   _printf_percent_end.o
         6          0          0          0          0          0   _printf_s.o
        82          0          0          0          0         80   _printf_str.o
       880          4          0          0          0        100   _scanf.o
       336          0          0          0          0         92   _scanf_int.o
       218          0          0          0          0         92   _scanf_str.o
        72          0          0          0          0         92   backspace.o
       228          6        148          0          0         96   bigflt0.o
      1910        128          0          0          0        672   btod.o
        12          0          0          0          0         72   exit.o
         8          0          0          0          0         68   ferror.o
         6          0          0          0          0        152   heapauxi.o
        18          0          0          0          0         76   isspace.o
        44         10        272          0          0         76   lc_ctype_c.o
        44         10         28          0          0         76   lc_numeric_c.o
         2          0          0          0          0          0   libinit.o
        34          0          0          0          0          0   libinit2.o
         2          0          0          0          0          0   libshutdown.o
         2          0          0          0          0          0   libshutdown2.o
         8          4          0          0         96         68   libspace.o
       138          0          0          0          0         80   lludiv10.o
        24          4          0          0          0         84   noretval__2printf.o
        16          4          0          0          0         76   rt_ctype_table.o
         8          4          0          0          0         68   rt_locale_intlibspace.o
         0          0          0          0          0          0   rtentry.o
        12          0          0          0          0          0   rtentry2.o
         6          0          0          0          0          0   rtentry4.o
         2          0          0          0          0          0   rtexit.o
        10          0          0          0          0          0   rtexit2.o
        44          8          0          0          0         84   scanf_char.o
        24          8          0          0          0         68   scanf_char_file.o
       128          0          0          0          0         68   strcmpv7m.o
        74          0          0          0          0         80   sys_stackheap_outer.o
        72         12          0          0          0         68   ungetc.o
         2          0          0          0          0         68   use_no_semi.o
         2          0          0          0          0         68   use_no_semi_2.o
        98          4          0          0          0        140   d2f.o
       688        140          0          0          0        260   ddiv.o
        94          4          0          0          0        140   dfix.o
        46          0          0          0          0        116   dflt_clz.o
       340         12          0          0          0        152   dmul.o
       156          4          0          0          0        140   dnaninf.o
        12          0          0          0          0        116   dretinf.o
        86          4          0          0          0        132   f2d.o
       140          4          0          0          0        132   fnaninf.o
        10          0          0          0          0        116   fpinit.o
        10          0          0          0          0        116   fretinf.o
         4          0          0          0          0        116   printf1.o
         0          0          0          0          0          0   usenofp.o
        48          0          0          0          0        124   fpclassify.o

    ----------------------------------------------------------------------
      8464        432        448          0        100       5668   Library Totals
        16          0          0          0          4          0   (incl. Padding)

    ----------------------------------------------------------------------

      Code (inc. data)   RO Data    RW Data    ZI Data      Debug   Library Name

      6716        260        448          0         96       3868   c_w.l
      1684        172          0          0          0       1676   fz_wm.l
        48          0          0          0          0        124   m_wm.l

    ----------------------------------------------------------------------
      8464        432        448          0        100       5668   Library Totals

    ----------------------------------------------------------------------

==============================================================================


      Code (inc. data)   RO Data    RW Data    ZI Data      Debug   

     22052       1508       1016        356       1636     384616   Grand Totals
     22052       1508       1016        104       1636     384616   ELF Image Totals (compressed)
     22052       1508       1016        104          0          0   ROM Totals

==============================================================================

    Total RO  Size (Code + RO Data)                23068 (  22.53kB)
    Total RW  Size (RW Data + ZI Data)              1992 (   1.95kB)
    Total ROM Size (Code + RO Data + RW Data)      23172 (  22.63kB)

==============================================================================

