<html>
<body>
<pre>
<h1>µVision Build Log</h1>
<h2>Project:</h2>
C:\Keil_v4\Projects\T1\FuturaProject\project\micromouse_test.uvproj
Project File Date:  02/23/2016

<h2>Output:</h2>
Build target 'Target 1'
compiling main.c...
compiling speedProfile.c...
..\user_Libraries\src\speedProfile.c(128): error:  #20: identifier "targetSpeesdW" is undefined
..\user_Libraries\src\speedProfile.c(140): warning:  #550-D: variable "sensorFeedback" was set but never used
..\user_Libraries\src\speedProfile.c(202): error:  #20: identifier "a" is undefined
..\user_Libraries\src\speedProfile.c(203): error:  #65: expected a ";"
..\user_Libraries\src\speedProfile.c(204): warning:  #940-D: missing return statement at end of non-void function "counts_to_speed"
..\user_Libraries\src\speedProfile.c(209): warning:  #1035-D: single-precision operand implicitly converted to double-precision
Target not created
Build target 'Target 1'
compiling speedProfile.c...
..\user_Libraries\src\speedProfile.c(140): warning:  #550-D: variable "sensorFeedback" was set but never used
..\user_Libraries\src\speedProfile.c(209): warning:  #1035-D: single-precision operand implicitly converted to double-precision
linking...
Program Size: Code=22372 RO-data=972 RW-data=324 ZI-data=1636  
FromELF: creating hex file...
"..\obj\micromouse_test.axf" - 0 Error(s), 2 Warning(s).
Load "..\\obj\\micromouse_test.AXF" 
Load "..\\obj\\micromouse_test.AXF" 
Erase Done.
Programming Done.
Application running ...
Load "..\\obj\\micromouse_test.AXF" 
Erase Done.
Programming Done.
Application running ...
Build target 'Target 1'
compiling main.c...
linking...
Program Size: Code=22324 RO-data=972 RW-data=324 ZI-data=1636  
FromELF: creating hex file...
"..\obj\micromouse_test.axf" - 0 Error(s), 0 Warning(s).
Load "..\\obj\\micromouse_test.AXF" 
Load "..\\obj\\micromouse_test.AXF" 
Erase Done.
Programming Done.
Application running ...
Build target 'Target 1'
compiling speedProfile.c...
..\user_Libraries\src\speedProfile.c(140): warning:  #550-D: variable "sensorFeedback" was set but never used
..\user_Libraries\src\speedProfile.c(209): warning:  #1035-D: single-precision operand implicitly converted to double-precision
linking...
Program Size: Code=22324 RO-data=972 RW-data=324 ZI-data=1636  
FromELF: creating hex file...
"..\obj\micromouse_test.axf" - 0 Error(s), 2 Warning(s).
Load "..\\obj\\micromouse_test.AXF" 
Erase Done.
Programming Done.
Application running ...
Build target 'Target 1'
compiling speedProfile.c...
..\user_Libraries\src\speedProfile.c(140): warning:  #550-D: variable "sensorFeedback" was set but never used
..\user_Libraries\src\speedProfile.c(209): warning:  #1035-D: single-precision operand implicitly converted to double-precision
linking...
Program Size: Code=22324 RO-data=972 RW-data=324 ZI-data=1636  
FromELF: creating hex file...
"..\obj\micromouse_test.axf" - 0 Error(s), 2 Warning(s).
Load "..\\obj\\micromouse_test.AXF" 
Erase Done.
Programming Done.
Application running ...
Build target 'Target 1'
compiling speedProfile.c...
..\user_Libraries\src\speedProfile.c(140): warning:  #550-D: variable "sensorFeedback" was set but never used
..\user_Libraries\src\speedProfile.c(209): warning:  #1035-D: single-precision operand implicitly converted to double-precision
linking...
Program Size: Code=22324 RO-data=972 RW-data=324 ZI-data=1636  
FromELF: creating hex file...
"..\obj\micromouse_test.axf" - 0 Error(s), 2 Warning(s).
Load "..\\obj\\micromouse_test.AXF" 
Erase Done.
Programming Done.
Application running ...
Load "..\\obj\\micromouse_test.AXF" 
Erase Done.
Programming Done.
Application running ...
Build target 'Target 1'
compiling speedProfile.c...
..\user_Libraries\src\speedProfile.c(140): warning:  #550-D: variable "sensorFeedback" was set but never used
..\user_Libraries\src\speedProfile.c(209): warning:  #1035-D: single-precision operand implicitly converted to double-precision
linking...
Program Size: Code=22324 RO-data=972 RW-data=324 ZI-data=1636  
FromELF: creating hex file...
"..\obj\micromouse_test.axf" - 0 Error(s), 2 Warning(s).
Load "..\\obj\\micromouse_test.AXF" 
Erase Done.
Programming Done.
Application running ...
Build target 'Target 1'
compiling speedProfile.c...
..\user_Libraries\src\speedProfile.c(140): warning:  #550-D: variable "sensorFeedback" was set but never used
..\user_Libraries\src\speedProfile.c(209): warning:  #1035-D: single-precision operand implicitly converted to double-precision
linking...
Program Size: Code=22324 RO-data=972 RW-data=324 ZI-data=1636  
FromELF: creating hex file...
"..\obj\micromouse_test.axf" - 0 Error(s), 2 Warning(s).
Load "..\\obj\\micromouse_test.AXF" 
Erase Done.
Programming Done.
Application running ...
Build target 'Target 1'
compiling speedProfile.c...
..\user_Libraries\src\speedProfile.c(140): warning:  #550-D: variable "sensorFeedback" was set but never used
..\user_Libraries\src\speedProfile.c(209): warning:  #1035-D: single-precision operand implicitly converted to double-precision
linking...
Program Size: Code=22324 RO-data=972 RW-data=324 ZI-data=1636  
FromELF: creating hex file...
"..\obj\micromouse_test.axf" - 0 Error(s), 2 Warning(s).
Load "..\\obj\\micromouse_test.AXF" 
Erase Done.
Programming Done.
Application running ...
Build target 'Target 1'
compiling speedProfile.c...
..\user_Libraries\src\speedProfile.c(140): warning:  #550-D: variable "sensorFeedback" was set but never used
..\user_Libraries\src\speedProfile.c(209): warning:  #1035-D: single-precision operand implicitly converted to double-precision
linking...
Program Size: Code=22324 RO-data=972 RW-data=324 ZI-data=1636  
FromELF: creating hex file...
"..\obj\micromouse_test.axf" - 0 Error(s), 2 Warning(s).
Load "..\\obj\\micromouse_test.AXF" 
Erase Done.
Programming Done.
Application running ...
Build target 'Target 1'
compiling speedProfile.c...
..\user_Libraries\src\speedProfile.c(140): warning:  #550-D: variable "sensorFeedback" was set but never used
..\user_Libraries\src\speedProfile.c(209): warning:  #1035-D: single-precision operand implicitly converted to double-precision
linking...
Program Size: Code=22324 RO-data=972 RW-data=324 ZI-data=1636  
FromELF: creating hex file...
"..\obj\micromouse_test.axf" - 0 Error(s), 2 Warning(s).
Load "..\\obj\\micromouse_test.AXF" 
Erase Done.
Programming Done.
Application running ...
Build target 'Target 1'
compiling speedProfile.c...
..\user_Libraries\src\speedProfile.c(140): warning:  #550-D: variable "sensorFeedback" was set but never used
..\user_Libraries\src\speedProfile.c(209): warning:  #1035-D: single-precision operand implicitly converted to double-precision
linking...
Program Size: Code=22324 RO-data=972 RW-data=324 ZI-data=1636  
FromELF: creating hex file...
"..\obj\micromouse_test.axf" - 0 Error(s), 2 Warning(s).
Load "..\\obj\\micromouse_test.AXF" 
Erase Done.
Programming Done.
Application running ...
Build target 'Target 1'
compiling speedProfile.c...
..\user_Libraries\src\speedProfile.c(140): warning:  #550-D: variable "sensorFeedback" was set but never used
..\user_Libraries\src\speedProfile.c(208): error:  #147-D: declaration is incompatible with "int speed_to_counts(float)" (declared at line 14 of "..\user_Libraries\inc\speedProfile.h")
Target not created
Build target 'Target 1'
compiling main.c...
compiling stm32f4xx_it.c...
compiling adc.c...
compiling test.c...
compiling speedProfile.c...
..\user_Libraries\src\speedProfile.c(140): warning:  #550-D: variable "sensorFeedback" was set but never used
linking...
Program Size: Code=22336 RO-data=972 RW-data=324 ZI-data=1636  
FromELF: creating hex file...
"..\obj\micromouse_test.axf" - 0 Error(s), 1 Warning(s).
Load "..\\obj\\micromouse_test.AXF" 
Erase Done.
Programming Done.
Application running ...
Build target 'Target 1'
compiling main.c...
compiling stm32f4xx_it.c...
compiling adc.c...
compiling test.c...
compiling speedProfile.c...
..\user_Libraries\src\speedProfile.c(140): warning:  #550-D: variable "sensorFeedback" was set but never used
..\user_Libraries\src\speedProfile.c(209): warning:  #1035-D: single-precision operand implicitly converted to double-precision
linking...
Program Size: Code=22324 RO-data=972 RW-data=324 ZI-data=1636  
FromELF: creating hex file...
"..\obj\micromouse_test.axf" - 0 Error(s), 2 Warning(s).
Build target 'Target 1'
compiling speedProfile.c...
..\user_Libraries\src\speedProfile.c(140): warning:  #550-D: variable "sensorFeedback" was set but never used
..\user_Libraries\src\speedProfile.c(209): warning:  #1035-D: single-precision operand implicitly converted to double-precision
linking...
Program Size: Code=22324 RO-data=972 RW-data=324 ZI-data=1636  
FromELF: creating hex file...
"..\obj\micromouse_test.axf" - 0 Error(s), 2 Warning(s).
Build target 'Target 1'
compiling main.c...
linking...
Program Size: Code=22324 RO-data=972 RW-data=324 ZI-data=1636  
FromELF: creating hex file...
"..\obj\micromouse_test.axf" - 0 Error(s), 0 Warning(s).
Build target 'Target 1'
compiling main.c...
linking...
Program Size: Code=22324 RO-data=972 RW-data=324 ZI-data=1636  
FromELF: creating hex file...
"..\obj\micromouse_test.axf" - 0 Error(s), 0 Warning(s).
Load "..\\obj\\micromouse_test.AXF" 
Erase Done.
Programming Done.
Application running ...
Build target 'Target 1'
compiling main.c...
linking...
Program Size: Code=22324 RO-data=972 RW-data=324 ZI-data=1636  
FromELF: creating hex file...
"..\obj\micromouse_test.axf" - 0 Error(s), 0 Warning(s).
Load "..\\obj\\micromouse_test.AXF" 
Erase Done.
Programming Done.
Application running ...
Load "..\\obj\\micromouse_test.AXF" 
Erase Done.
Programming Done.
Application running ...
Build target 'Target 1'
linking...
Program Size: Code=22324 RO-data=972 RW-data=324 ZI-data=1636  
FromELF: creating hex file...
"..\obj\micromouse_test.axf" - 0 Error(s), 0 Warning(s).
Load "..\\obj\\micromouse_test.AXF" 
Erase Done.
Programming Done.
Application running ...
Build target 'Target 1'
compiling speedProfile.c...
..\user_Libraries\src\speedProfile.c(140): warning:  #550-D: variable "sensorFeedback" was set but never used
..\user_Libraries\src\speedProfile.c(209): warning:  #1035-D: single-precision operand implicitly converted to double-precision
linking...
Program Size: Code=22324 RO-data=972 RW-data=324 ZI-data=1636  
FromELF: creating hex file...
"..\obj\micromouse_test.axf" - 0 Error(s), 2 Warning(s).
Load "..\\obj\\micromouse_test.AXF" 
Load "..\\obj\\micromouse_test.AXF" 
Load "..\\obj\\micromouse_test.AXF" 
Erase Done.
Programming Done.
Application running ...
Load "..\\obj\\micromouse_test.AXF" 
Erase Done.
Programming Done.
Application running ...
Build target 'Target 1'
compiling speedProfile.c...
..\user_Libraries\src\speedProfile.c(140): warning:  #550-D: variable "sensorFeedback" was set but never used
..\user_Libraries\src\speedProfile.c(209): warning:  #1035-D: single-precision operand implicitly converted to double-precision
linking...
Program Size: Code=22324 RO-data=972 RW-data=324 ZI-data=1636  
FromELF: creating hex file...
"..\obj\micromouse_test.axf" - 0 Error(s), 2 Warning(s).
Load "..\\obj\\micromouse_test.AXF" 
Erase Done.
Programming Done.
Application running ...
Build target 'Target 1'
compiling speedProfile.c...
..\user_Libraries\src\speedProfile.c(140): warning:  #550-D: variable "sensorFeedback" was set but never used
..\user_Libraries\src\speedProfile.c(209): warning:  #1035-D: single-precision operand implicitly converted to double-precision
linking...
Program Size: Code=22324 RO-data=972 RW-data=324 ZI-data=1636  
FromELF: creating hex file...
"..\obj\micromouse_test.axf" - 0 Error(s), 2 Warning(s).
Load "..\\obj\\micromouse_test.AXF" 
Erase Done.
Programming Done.
Application running ...
Build target 'Target 1'
compiling main.c...
..\user\main.c(102): error:  #65: expected a ";"
Target not created
Build target 'Target 1'
compiling main.c...
linking...
Program Size: Code=22336 RO-data=972 RW-data=324 ZI-data=1636  
FromELF: creating hex file...
"..\obj\micromouse_test.axf" - 0 Error(s), 0 Warning(s).
Load "..\\obj\\micromouse_test.AXF" 
Erase Done.
Programming Done.
Application running ...
Build target 'Target 1'
compiling main.c...
linking...
Program Size: Code=22336 RO-data=972 RW-data=324 ZI-data=1636  
FromELF: creating hex file...
"..\obj\micromouse_test.axf" - 0 Error(s), 0 Warning(s).
Load "..\\obj\\micromouse_test.AXF" 
Erase Done.
Programming Done.
Application running ...
Build target 'Target 1'
compiling main.c...
linking...
Program Size: Code=22336 RO-data=972 RW-data=324 ZI-data=1636  
FromELF: creating hex file...
"..\obj\micromouse_test.axf" - 0 Error(s), 0 Warning(s).
Build target 'Target 1'
compiling main.c...
..\user\main.c(128): warning:  #181-D: argument is incompatible with corresponding format string conversion
linking...
Program Size: Code=18772 RO-data=812 RW-data=324 ZI-data=1636  
FromELF: creating hex file...
"..\obj\micromouse_test.axf" - 0 Error(s), 1 Warning(s).
Load "..\\obj\\micromouse_test.AXF" 
Erase Done.
Programming Done.
Application running ...
Build target 'Target 1'
compiling main.c...
linking...
Program Size: Code=22344 RO-data=988 RW-data=324 ZI-data=1636  
FromELF: creating hex file...
"..\obj\micromouse_test.axf" - 0 Error(s), 0 Warning(s).
Load "..\\obj\\micromouse_test.AXF" 
Erase Done.
Programming Done.
Application running ...
Build target 'Target 1'
compiling speedProfile.c...
..\user_Libraries\src\speedProfile.c(140): warning:  #550-D: variable "sensorFeedback" was set but never used
..\user_Libraries\src\speedProfile.c(183): error:  #29: expected an expression
..\user_Libraries\src\speedProfile.c(184): error:  #29: expected an expression
..\user_Libraries\src\speedProfile.c(186): error:  #29: expected an expression
..\user_Libraries\src\speedProfile.c(209): warning:  #1035-D: single-precision operand implicitly converted to double-precision
Target not created
Build target 'Target 1'
compiling speedProfile.c...
..\user_Libraries\src\speedProfile.c(140): warning:  #550-D: variable "sensorFeedback" was set but never used
..\user_Libraries\src\speedProfile.c(183): error:  #29: expected an expression
..\user_Libraries\src\speedProfile.c(184): error:  #29: expected an expression
..\user_Libraries\src\speedProfile.c(186): error:  #29: expected an expression
..\user_Libraries\src\speedProfile.c(209): warning:  #1035-D: single-precision operand implicitly converted to double-precision
Target not created
Build target 'Target 1'
compiling speedProfile.c...
..\user_Libraries\src\speedProfile.c(140): warning:  #550-D: variable "sensorFeedback" was set but never used
..\user_Libraries\src\speedProfile.c(183): warning:  #223-D: function "abs" declared implicitly
..\user_Libraries\src\speedProfile.c(183): error:  #29: expected an expression
..\user_Libraries\src\speedProfile.c(206): warning:  #1035-D: single-precision operand implicitly converted to double-precision
Target not created
Build target 'Target 1'
compiling speedProfile.c...
..\user_Libraries\src\speedProfile.c(140): warning:  #550-D: variable "sensorFeedback" was set but never used
..\user_Libraries\src\speedProfile.c(183): error:  #29: expected an expression
..\user_Libraries\src\speedProfile.c(206): warning:  #1035-D: single-precision operand implicitly converted to double-precision
Target not created
Build target 'Target 1'
compiling speedProfile.c...
..\user_Libraries\src\speedProfile.c(140): warning:  #550-D: variable "sensorFeedback" was set but never used
..\user_Libraries\src\speedProfile.c(206): warning:  #1035-D: single-precision operand implicitly converted to double-precision
linking...
Program Size: Code=22144 RO-data=988 RW-data=324 ZI-data=1636  
FromELF: creating hex file...
"..\obj\micromouse_test.axf" - 0 Error(s), 2 Warning(s).
Load "..\\obj\\micromouse_test.AXF" 
Load "..\\obj\\micromouse_test.AXF" 
Erase Done.
Programming Done.
Application running ...
Build target 'Target 1'
compiling speedProfile.c...
..\user_Libraries\src\speedProfile.c(140): warning:  #550-D: variable "sensorFeedback" was set but never used
..\user_Libraries\src\speedProfile.c(206): warning:  #1035-D: single-precision operand implicitly converted to double-precision
linking...
Program Size: Code=22216 RO-data=988 RW-data=324 ZI-data=1636  
FromELF: creating hex file...
"..\obj\micromouse_test.axf" - 0 Error(s), 2 Warning(s).
Load "..\\obj\\micromouse_test.AXF" 
Erase Done.
Programming Done.
Application running ...
Build target 'Target 1'
compiling speedProfile.c...
..\user_Libraries\src\speedProfile.c(140): warning:  #550-D: variable "sensorFeedback" was set but never used
..\user_Libraries\src\speedProfile.c(206): warning:  #1035-D: single-precision operand implicitly converted to double-precision
linking...
Program Size: Code=22200 RO-data=988 RW-data=324 ZI-data=1636  
FromELF: creating hex file...
"..\obj\micromouse_test.axf" - 0 Error(s), 2 Warning(s).
Load "..\\obj\\micromouse_test.AXF" 
Erase Done.
Programming Done.
Application running ...
Build target 'Target 1'
compiling speedProfile.c...
..\user_Libraries\src\speedProfile.c(140): warning:  #550-D: variable "sensorFeedback" was set but never used
..\user_Libraries\src\speedProfile.c(209): warning:  #1035-D: single-precision operand implicitly converted to double-precision
linking...
Program Size: Code=22312 RO-data=988 RW-data=324 ZI-data=1636  
FromELF: creating hex file...
"..\obj\micromouse_test.axf" - 0 Error(s), 2 Warning(s).
Load "..\\obj\\micromouse_test.AXF" 
Erase Done.
Programming Done.
Application running ...
Build target 'Target 1'
compiling main.c...
linking...
Program Size: Code=22312 RO-data=988 RW-data=324 ZI-data=1636  
FromELF: creating hex file...
"..\obj\micromouse_test.axf" - 0 Error(s), 0 Warning(s).
Load "..\\obj\\micromouse_test.AXF" 
Erase Done.
Programming Done.
Application running ...
Build target 'Target 1'
compiling main.c...
linking...
Program Size: Code=22312 RO-data=988 RW-data=324 ZI-data=1636  
FromELF: creating hex file...
"..\obj\micromouse_test.axf" - 0 Error(s), 0 Warning(s).
Load "..\\obj\\micromouse_test.AXF" 
Load "..\\obj\\micromouse_test.AXF" 
Erase Done.
Programming Done.
Application running ...
Build target 'Target 1'
compiling main.c...
..\user\main.c(5): error:  #20: identifier "speed_tocounts" is undefined
..\user\main.c(5): error:  #59: function call is not allowed in a constant expression
compiling speedProfile.c...
..\user_Libraries\src\speedProfile.c(140): warning:  #550-D: variable "sensorFeedback" was set but never used
..\user_Libraries\src\speedProfile.c(209): warning:  #1035-D: single-precision operand implicitly converted to double-precision
Target not created
Build target 'Target 1'
compiling main.c...
..\user\main.c(5): error:  #59: function call is not allowed in a constant expression
Target not created
Load "..\\obj\\micromouse_test.AXF" 
_____^
*** error 56: cannot open file
Build target 'Target 1'
compiling misc.c...
compiling stm32f4xx_adc.c...
compiling stm32f4xx_dma.c...
compiling stm32f4xx_exti.c...
compiling stm32f4xx_flash.c...
compiling stm32f4xx_gpio.c...
compiling stm32f4xx_rcc.c...
compiling stm32f4xx_spi.c...
compiling stm32f4xx_syscfg.c...
compiling stm32f4xx_tim.c...
compiling stm32f4xx_usart.c...
compiling main.c...
..\user\main.c(5): error:  #59: function call is not allowed in a constant expression
compiling stm32f4xx_it.c...
compiling delay.c...
compiling led.c...
compiling button.c...
compiling usart.c...
compiling pwm.c...
compiling buzzer.c...
compiling encoder.c...
compiling adc.c...
compiling sensor_Function.c...
compiling test.c...
compiling pid.c...
compiling turn.c...
compiling align.c...
compiling speedProfile.c...
..\user_Libraries\src\speedProfile.c(140): warning:  #550-D: variable "sensorFeedback" was set but never used
..\user_Libraries\src\speedProfile.c(209): warning:  #1035-D: single-precision operand implicitly converted to double-precision
compiling system_stm32f4xx.c...
Target not created
Build target 'Target 1'
compiling main.c...
compiling stm32f4xx_it.c...
compiling pwm.c...
..\user_Libraries\src\pwm.c(125): error:  #20: identifier "maxSpeed" is undefined
..\user_Libraries\src\pwm.c(127): error:  #20: identifier "maxSpeed" is undefined
..\user_Libraries\src\pwm.c(145): error:  #20: identifier "maxSpeed" is undefined
..\user_Libraries\src\pwm.c(147): error:  #20: identifier "maxSpeed" is undefined
compiling adc.c...
compiling sensor_Function.c...
compiling test.c...
..\user_Libraries\src\test.c(88): error:  #20: identifier "moveSpeed" is undefined
..\user_Libraries\src\test.c(96): error:  #20: identifier "maxSpeed" is undefined
compiling pid.c...
compiling turn.c...
compiling align.c...
compiling speedProfile.c...
..\user_Libraries\src\speedProfile.c(79): error:  #59: function call is not allowed in a constant expression
..\user_Libraries\src\speedProfile.c(146): warning:  #550-D: variable "sensorFeedback" was set but never used
..\user_Libraries\src\speedProfile.c(215): warning:  #1035-D: single-precision operand implicitly converted to double-precision
Target not created
Build target 'Target 1'
compiling pwm.c...
..\user_Libraries\src\pwm.c(125): error:  #20: identifier "maxSpeed" is undefined
..\user_Libraries\src\pwm.c(127): error:  #20: identifier "maxSpeed" is undefined
..\user_Libraries\src\pwm.c(145): error:  #20: identifier "maxSpeed" is undefined
..\user_Libraries\src\pwm.c(147): error:  #20: identifier "maxSpeed" is undefined
compiling test.c...
compiling speedProfile.c...
..\user_Libraries\src\speedProfile.c(79): error:  #59: function call is not allowed in a constant expression
..\user_Libraries\src\speedProfile.c(146): warning:  #550-D: variable "sensorFeedback" was set but never used
..\user_Libraries\src\speedProfile.c(215): warning:  #1035-D: single-precision operand implicitly converted to double-precision
Target not created
Build target 'Target 1'
compiling main.c...
compiling stm32f4xx_it.c...
compiling pwm.c...
..\user_Libraries\src\pwm.c(125): error:  #20: identifier "maxSpeed" is undefined
..\user_Libraries\src\pwm.c(127): error:  #20: identifier "maxSpeed" is undefined
..\user_Libraries\src\pwm.c(145): error:  #20: identifier "maxSpeed" is undefined
..\user_Libraries\src\pwm.c(147): error:  #20: identifier "maxSpeed" is undefined
compiling adc.c...
compiling test.c...
compiling speedProfile.c...
..\user_Libraries\src\speedProfile.c(79): error:  #59: function call is not allowed in a constant expression
..\user_Libraries\src\speedProfile.c(146): warning:  #550-D: variable "sensorFeedback" was set but never used
..\user_Libraries\src\speedProfile.c(215): warning:  #1035-D: single-precision operand implicitly converted to double-precision
Target not created
Build target 'Target 1'
compiling main.c...
compiling stm32f4xx_it.c...
compiling pwm.c...
compiling adc.c...
compiling sensor_Function.c...
compiling test.c...
compiling pid.c...
compiling turn.c...
compiling align.c...
compiling speedProfile.c...
..\user_Libraries\src\speedProfile.c(79): error:  #59: function call is not allowed in a constant expression
..\user_Libraries\src\speedProfile.c(146): warning:  #550-D: variable "sensorFeedback" was set but never used
..\user_Libraries\src\speedProfile.c(215): warning:  #1035-D: single-precision operand implicitly converted to double-precision
Target not created
Build target 'Target 1'
compiling speedProfile.c...
..\user_Libraries\src\speedProfile.c(148): warning:  #550-D: variable "sensorFeedback" was set but never used
..\user_Libraries\src\speedProfile.c(217): warning:  #1035-D: single-precision operand implicitly converted to double-precision
linking...
Program Size: Code=26232 RO-data=988 RW-data=364 ZI-data=1636  
FromELF: creating hex file...
"..\obj\micromouse_test.axf" - 0 Error(s), 2 Warning(s).
Load "..\\obj\\micromouse_test.AXF" 
Load "..\\obj\\micromouse_test.AXF" 
Erase Done.
Programming Done.
Application running ...
Build target 'Target 1'
compiling speedProfile.c...
..\user_Libraries\src\speedProfile.c(77): error:  #20: identifier "int_32" is undefined
..\user_Libraries\src\speedProfile.c(148): warning:  #550-D: variable "sensorFeedback" was set but never used
..\user_Libraries\src\speedProfile.c(217): warning:  #1035-D: single-precision operand implicitly converted to double-precision
Target not created
Build target 'Target 1'
compiling speedProfile.c...
..\user_Libraries\src\speedProfile.c(77): error:  #20: identifier "int_32t" is undefined
..\user_Libraries\src\speedProfile.c(148): warning:  #550-D: variable "sensorFeedback" was set but never used
..\user_Libraries\src\speedProfile.c(217): warning:  #1035-D: single-precision operand implicitly converted to double-precision
Target not created
Build target 'Target 1'
compiling speedProfile.c...
..\user_Libraries\src\speedProfile.c(148): warning:  #550-D: variable "sensorFeedback" was set but never used
..\user_Libraries\src\speedProfile.c(217): warning:  #1035-D: single-precision operand implicitly converted to double-precision
linking...
Program Size: Code=26232 RO-data=988 RW-data=364 ZI-data=1636  
FromELF: creating hex file...
"..\obj\micromouse_test.axf" - 0 Error(s), 2 Warning(s).
Load "..\\obj\\micromouse_test.AXF" 
Load "..\\obj\\micromouse_test.AXF" 
Erase Done.
Programming Done.
Application running ...
Build target 'Target 1'
compiling speedProfile.c...
..\user_Libraries\src\speedProfile.c(148): warning:  #550-D: variable "sensorFeedback" was set but never used
..\user_Libraries\src\speedProfile.c(217): warning:  #1035-D: single-precision operand implicitly converted to double-precision
linking...
Program Size: Code=26232 RO-data=988 RW-data=364 ZI-data=1636  
FromELF: creating hex file...
"..\obj\micromouse_test.axf" - 0 Error(s), 2 Warning(s).
Load "..\\obj\\micromouse_test.AXF" 
Load "..\\obj\\micromouse_test.AXF" 
Erase Done.
Programming Done.
Application running ...
Build target 'Target 1'
compiling speedProfile.c...
..\user_Libraries\src\speedProfile.c(148): warning:  #550-D: variable "sensorFeedback" was set but never used
..\user_Libraries\src\speedProfile.c(217): warning:  #1035-D: single-precision operand implicitly converted to double-precision
linking...
Program Size: Code=26232 RO-data=988 RW-data=364 ZI-data=1636  
FromELF: creating hex file...
"..\obj\micromouse_test.axf" - 0 Error(s), 2 Warning(s).
Load "..\\obj\\micromouse_test.AXF" 
Erase Done.
Programming Done.
Application running ...
Build target 'Target 1'
compiling speedProfile.c...
..\user_Libraries\src\speedProfile.c(148): warning:  #550-D: variable "sensorFeedback" was set but never used
..\user_Libraries\src\speedProfile.c(217): warning:  #1035-D: single-precision operand implicitly converted to double-precision
linking...
Program Size: Code=26232 RO-data=988 RW-data=364 ZI-data=1636  
FromELF: creating hex file...
"..\obj\micromouse_test.axf" - 0 Error(s), 2 Warning(s).
Load "..\\obj\\micromouse_test.AXF" 
Erase Done.
Programming Done.
Application running ...
Build target 'Target 1'
compiling speedProfile.c...
..\user_Libraries\src\speedProfile.c(148): warning:  #550-D: variable "sensorFeedback" was set but never used
..\user_Libraries\src\speedProfile.c(217): warning:  #1035-D: single-precision operand implicitly converted to double-precision
linking...
Program Size: Code=26232 RO-data=988 RW-data=364 ZI-data=1636  
FromELF: creating hex file...
"..\obj\micromouse_test.axf" - 0 Error(s), 2 Warning(s).
Load "..\\obj\\micromouse_test.AXF" 
Erase Done.
Programming Done.
Application running ...
Build target 'Target 1'
compiling speedProfile.c...
..\user_Libraries\src\speedProfile.c(145): warning:  #550-D: variable "sensorFeedback" was set but never used
..\user_Libraries\src\speedProfile.c(214): warning:  #1035-D: single-precision operand implicitly converted to double-precision
linking...
Program Size: Code=26232 RO-data=988 RW-data=352 ZI-data=1632  
FromELF: creating hex file...
"..\obj\micromouse_test.axf" - 0 Error(s), 2 Warning(s).
Load "..\\obj\\micromouse_test.AXF" 
Load "..\\obj\\micromouse_test.AXF" 
Erase Done.
Programming Done.
Application running ...
Build target 'Target 1'
compiling speedProfile.c...
..\user_Libraries\src\speedProfile.c(145): warning:  #550-D: variable "sensorFeedback" was set but never used
..\user_Libraries\src\speedProfile.c(214): warning:  #1035-D: single-precision operand implicitly converted to double-precision
linking...
Program Size: Code=26244 RO-data=988 RW-data=352 ZI-data=1632  
FromELF: creating hex file...
"..\obj\micromouse_test.axf" - 0 Error(s), 2 Warning(s).
Load "..\\obj\\micromouse_test.AXF" 
Load "..\\obj\\micromouse_test.AXF" 
Erase Done.
Programming Done.
Application running ...
Build target 'Target 1'
compiling speedProfile.c...
..\user_Libraries\src\speedProfile.c(145): warning:  #550-D: variable "sensorFeedback" was set but never used
..\user_Libraries\src\speedProfile.c(214): warning:  #1035-D: single-precision operand implicitly converted to double-precision
linking...
Program Size: Code=26232 RO-data=988 RW-data=352 ZI-data=1632  
FromELF: creating hex file...
"..\obj\micromouse_test.axf" - 0 Error(s), 2 Warning(s).
Load "..\\obj\\micromouse_test.AXF" 
Erase Done.
Programming Done.
Application running ...
Build target 'Target 1'
compiling speedProfile.c...
..\user_Libraries\src\speedProfile.c(145): warning:  #550-D: variable "sensorFeedback" was set but never used
..\user_Libraries\src\speedProfile.c(214): warning:  #1035-D: single-precision operand implicitly converted to double-precision
linking...
Program Size: Code=26232 RO-data=988 RW-data=352 ZI-data=1632  
FromELF: creating hex file...
"..\obj\micromouse_test.axf" - 0 Error(s), 2 Warning(s).
Load "..\\obj\\micromouse_test.AXF" 
Erase Done.
Programming Done.
Application running ...
Build target 'Target 1'
compiling speedProfile.c...
..\user_Libraries\src\speedProfile.c(145): warning:  #550-D: variable "sensorFeedback" was set but never used
..\user_Libraries\src\speedProfile.c(214): warning:  #1035-D: single-precision operand implicitly converted to double-precision
linking...
Program Size: Code=26232 RO-data=988 RW-data=352 ZI-data=1632  
FromELF: creating hex file...
"..\obj\micromouse_test.axf" - 0 Error(s), 2 Warning(s).
Load "..\\obj\\micromouse_test.AXF" 
Load "..\\obj\\micromouse_test.AXF" 
Erase Done.
Programming Done.
Application running ...
Build target 'Target 1'
compiling speedProfile.c...
..\user_Libraries\src\speedProfile.c(145): warning:  #550-D: variable "sensorFeedback" was set but never used
..\user_Libraries\src\speedProfile.c(214): warning:  #1035-D: single-precision operand implicitly converted to double-precision
linking...
Program Size: Code=26232 RO-data=988 RW-data=352 ZI-data=1632  
FromELF: creating hex file...
"..\obj\micromouse_test.axf" - 0 Error(s), 2 Warning(s).
Load "..\\obj\\micromouse_test.AXF" 
Erase Done.
Programming Done.
Application running ...
Build target 'Target 1'
compiling speedProfile.c...
..\user_Libraries\src\speedProfile.c(145): warning:  #550-D: variable "sensorFeedback" was set but never used
..\user_Libraries\src\speedProfile.c(214): warning:  #1035-D: single-precision operand implicitly converted to double-precision
..\user_Libraries\src\speedProfile.c(289): error:  #65: expected a ";"
Target not created
Load "..\\obj\\micromouse_test.AXF" 
_____^
*** error 56: cannot open file
Build target 'Target 1'
compiling speedProfile.c...
..\user_Libraries\src\speedProfile.c(145): warning:  #550-D: variable "sensorFeedback" was set but never used
..\user_Libraries\src\speedProfile.c(214): warning:  #1035-D: single-precision operand implicitly converted to double-precision
linking...
Program Size: Code=26132 RO-data=988 RW-data=352 ZI-data=1632  
FromELF: creating hex file...
"..\obj\micromouse_test.axf" - 0 Error(s), 2 Warning(s).
Load "..\\obj\\micromouse_test.AXF" 
Erase Done.
Programming Done.
Application running ...
Build target 'Target 1'
compiling speedProfile.c...
..\user_Libraries\src\speedProfile.c(145): warning:  #550-D: variable "sensorFeedback" was set but never used
..\user_Libraries\src\speedProfile.c(214): warning:  #1035-D: single-precision operand implicitly converted to double-precision
linking...
Program Size: Code=26132 RO-data=988 RW-data=352 ZI-data=1632  
FromELF: creating hex file...
"..\obj\micromouse_test.axf" - 0 Error(s), 2 Warning(s).
Load "..\\obj\\micromouse_test.AXF" 
Erase Done.
Programming Done.
Application running ...
Build target 'Target 1'
compiling speedProfile.c...
..\user_Libraries\src\speedProfile.c(145): warning:  #550-D: variable "sensorFeedback" was set but never used
..\user_Libraries\src\speedProfile.c(214): warning:  #1035-D: single-precision operand implicitly converted to double-precision
linking...
Program Size: Code=26132 RO-data=988 RW-data=352 ZI-data=1632  
FromELF: creating hex file...
"..\obj\micromouse_test.axf" - 0 Error(s), 2 Warning(s).
Build target 'Target 1'
compiling main.c...
compiling speedProfile.c...
..\user_Libraries\src\speedProfile.c(145): warning:  #550-D: variable "sensorFeedback" was set but never used
..\user_Libraries\src\speedProfile.c(214): warning:  #1035-D: single-precision operand implicitly converted to double-precision
linking...
Program Size: Code=26144 RO-data=1000 RW-data=352 ZI-data=1632  
FromELF: creating hex file...
"..\obj\micromouse_test.axf" - 0 Error(s), 2 Warning(s).
Load "..\\obj\\micromouse_test.AXF" 
Erase Done.
Programming Done.
Application running ...
Build target 'Target 1'
compiling speedProfile.c...
..\user_Libraries\src\speedProfile.c(145): warning:  #550-D: variable "sensorFeedback" was set but never used
..\user_Libraries\src\speedProfile.c(188): error:  #18: expected a ")"
..\user_Libraries\src\speedProfile.c(214): warning:  #1035-D: single-precision operand implicitly converted to double-precision
Target not created
Build target 'Target 1'
compiling speedProfile.c...
..\user_Libraries\src\speedProfile.c(145): warning:  #550-D: variable "sensorFeedback" was set but never used
..\user_Libraries\src\speedProfile.c(214): warning:  #1035-D: single-precision operand implicitly converted to double-precision
linking...
Program Size: Code=26000 RO-data=1000 RW-data=352 ZI-data=1632  
FromELF: creating hex file...
"..\obj\micromouse_test.axf" - 0 Error(s), 2 Warning(s).
Build target 'Target 1'
compiling speedProfile.c...
..\user_Libraries\src\speedProfile.c(145): warning:  #550-D: variable "sensorFeedback" was set but never used
..\user_Libraries\src\speedProfile.c(214): warning:  #1035-D: single-precision operand implicitly converted to double-precision
linking...
Program Size: Code=25720 RO-data=1000 RW-data=352 ZI-data=1632  
FromELF: creating hex file...
"..\obj\micromouse_test.axf" - 0 Error(s), 2 Warning(s).
Build target 'Target 1'
compiling speedProfile.c...
..\user_Libraries\src\speedProfile.c(145): warning:  #550-D: variable "sensorFeedback" was set but never used
..\user_Libraries\src\speedProfile.c(210): warning:  #1035-D: single-precision operand implicitly converted to double-precision
linking...
Program Size: Code=25720 RO-data=1000 RW-data=352 ZI-data=1632  
FromELF: creating hex file...
"..\obj\micromouse_test.axf" - 0 Error(s), 2 Warning(s).
Build target 'Target 1'
compiling speedProfile.c...
..\user_Libraries\src\speedProfile.c(145): warning:  #550-D: variable "sensorFeedback" was set but never used
..\user_Libraries\src\speedProfile.c(210): warning:  #1035-D: single-precision operand implicitly converted to double-precision
linking...
Program Size: Code=25720 RO-data=1000 RW-data=352 ZI-data=1632  
FromELF: creating hex file...
"..\obj\micromouse_test.axf" - 0 Error(s), 2 Warning(s).
Build target 'Target 1'
compiling speedProfile.c...
..\user_Libraries\src\speedProfile.c(145): warning:  #550-D: variable "sensorFeedback" was set but never used
..\user_Libraries\src\speedProfile.c(210): warning:  #1035-D: single-precision operand implicitly converted to double-precision
linking...
Program Size: Code=25728 RO-data=1000 RW-data=352 ZI-data=1632  
FromELF: creating hex file...
"..\obj\micromouse_test.axf" - 0 Error(s), 2 Warning(s).
Build target 'Target 1'
compiling speedProfile.c...
..\user_Libraries\src\speedProfile.c(145): warning:  #550-D: variable "sensorFeedback" was set but never used
..\user_Libraries\src\speedProfile.c(210): warning:  #1035-D: single-precision operand implicitly converted to double-precision
linking...
Program Size: Code=25728 RO-data=1000 RW-data=352 ZI-data=1632  
FromELF: creating hex file...
"..\obj\micromouse_test.axf" - 0 Error(s), 2 Warning(s).
Load "..\\obj\\micromouse_test.AXF" 
Erase Done.
Programming Done.
Application running ...
Build target 'Target 1'
compiling speedProfile.c...
..\user_Libraries\src\speedProfile.c(145): warning:  #550-D: variable "sensorFeedback" was set but never used
..\user_Libraries\src\speedProfile.c(210): warning:  #1035-D: single-precision operand implicitly converted to double-precision
linking...
Program Size: Code=25728 RO-data=1000 RW-data=352 ZI-data=1632  
FromELF: creating hex file...
"..\obj\micromouse_test.axf" - 0 Error(s), 2 Warning(s).
Load "..\\obj\\micromouse_test.AXF" 
Erase Done.
Programming Done.
Application running ...
Build target 'Target 1'
compiling speedProfile.c...
..\user_Libraries\src\speedProfile.c(145): warning:  #550-D: variable "sensorFeedback" was set but never used
..\user_Libraries\src\speedProfile.c(210): warning:  #1035-D: single-precision operand implicitly converted to double-precision
linking...
Program Size: Code=25740 RO-data=1000 RW-data=352 ZI-data=1632  
FromELF: creating hex file...
"..\obj\micromouse_test.axf" - 0 Error(s), 2 Warning(s).
Build target 'Target 1'
compiling speedProfile.c...
..\user_Libraries\src\speedProfile.c(145): warning:  #550-D: variable "sensorFeedback" was set but never used
..\user_Libraries\src\speedProfile.c(210): warning:  #1035-D: single-precision operand implicitly converted to double-precision
linking...
Program Size: Code=25736 RO-data=1000 RW-data=352 ZI-data=1632  
FromELF: creating hex file...
"..\obj\micromouse_test.axf" - 0 Error(s), 2 Warning(s).
Build target 'Target 1'
compiling speedProfile.c...
..\user_Libraries\src\speedProfile.c(145): warning:  #550-D: variable "sensorFeedback" was set but never used
..\user_Libraries\src\speedProfile.c(210): warning:  #1035-D: single-precision operand implicitly converted to double-precision
linking...
Program Size: Code=25732 RO-data=1000 RW-data=352 ZI-data=1632  
FromELF: creating hex file...
"..\obj\micromouse_test.axf" - 0 Error(s), 2 Warning(s).
Load "..\\obj\\micromouse_test.AXF" 
Erase Done.
Programming Done.
Application running ...
Build target 'Target 1'
compiling speedProfile.c...
..\user_Libraries\src\speedProfile.c(145): warning:  #550-D: variable "sensorFeedback" was set but never used
..\user_Libraries\src\speedProfile.c(210): warning:  #1035-D: single-precision operand implicitly converted to double-precision
linking...
Program Size: Code=25732 RO-data=1000 RW-data=352 ZI-data=1632  
FromELF: creating hex file...
"..\obj\micromouse_test.axf" - 0 Error(s), 2 Warning(s).
Load "..\\obj\\micromouse_test.AXF" 
Erase Done.
Programming Done.
Application running ...
Build target 'Target 1'
compiling speedProfile.c...
..\user_Libraries\src\speedProfile.c(145): warning:  #550-D: variable "sensorFeedback" was set but never used
..\user_Libraries\src\speedProfile.c(210): warning:  #1035-D: single-precision operand implicitly converted to double-precision
linking...
Program Size: Code=25732 RO-data=1000 RW-data=352 ZI-data=1632  
FromELF: creating hex file...
"..\obj\micromouse_test.axf" - 0 Error(s), 2 Warning(s).
Build target 'Target 1'
compiling speedProfile.c...
..\user_Libraries\src\speedProfile.c(145): warning:  #550-D: variable "sensorFeedback" was set but never used
..\user_Libraries\src\speedProfile.c(210): warning:  #1035-D: single-precision operand implicitly converted to double-precision
linking...
Program Size: Code=25724 RO-data=1000 RW-data=352 ZI-data=1632  
FromELF: creating hex file...
"..\obj\micromouse_test.axf" - 0 Error(s), 2 Warning(s).
Load "..\\obj\\micromouse_test.AXF" 
Erase Done.
Programming Done.
Application running ...
Build target 'Target 1'
compiling speedProfile.c...
..\user_Libraries\src\speedProfile.c(145): warning:  #550-D: variable "sensorFeedback" was set but never used
..\user_Libraries\src\speedProfile.c(210): warning:  #1035-D: single-precision operand implicitly converted to double-precision
linking...
Program Size: Code=25732 RO-data=1000 RW-data=352 ZI-data=1632  
FromELF: creating hex file...
"..\obj\micromouse_test.axf" - 0 Error(s), 2 Warning(s).
Load "..\\obj\\micromouse_test.AXF" 
Erase Done.
Programming Done.
Application running ...
Load "..\\obj\\micromouse_test.AXF" 
Erase Done.
Programming Done.
Application running ...
Build target 'Target 1'
compiling speedProfile.c...
..\user_Libraries\src\speedProfile.c(145): warning:  #550-D: variable "sensorFeedback" was set but never used
..\user_Libraries\src\speedProfile.c(210): warning:  #1035-D: single-precision operand implicitly converted to double-precision
linking...
Program Size: Code=25732 RO-data=1000 RW-data=352 ZI-data=1632  
FromELF: creating hex file...
"..\obj\micromouse_test.axf" - 0 Error(s), 2 Warning(s).
Build target 'Target 1'
compiling speedProfile.c...
..\user_Libraries\src\speedProfile.c(145): warning:  #550-D: variable "sensorFeedback" was set but never used
..\user_Libraries\src\speedProfile.c(210): warning:  #1035-D: single-precision operand implicitly converted to double-precision
linking...
Program Size: Code=25736 RO-data=1000 RW-data=352 ZI-data=1632  
FromELF: creating hex file...
"..\obj\micromouse_test.axf" - 0 Error(s), 2 Warning(s).
Load "..\\obj\\micromouse_test.AXF" 
Erase Done.
Programming Done.
Application running ...
Build target 'Target 1'
compiling speedProfile.c...
..\user_Libraries\src\speedProfile.c(145): warning:  #550-D: variable "sensorFeedback" was set but never used
..\user_Libraries\src\speedProfile.c(210): warning:  #1035-D: single-precision operand implicitly converted to double-precision
linking...
Program Size: Code=25736 RO-data=1000 RW-data=352 ZI-data=1632  
FromELF: creating hex file...
"..\obj\micromouse_test.axf" - 0 Error(s), 2 Warning(s).
Load "..\\obj\\micromouse_test.AXF" 
Erase Done.
Programming Done.
Application running ...
Build target 'Target 1'
compiling speedProfile.c...
..\user_Libraries\src\speedProfile.c(145): warning:  #550-D: variable "sensorFeedback" was set but never used
..\user_Libraries\src\speedProfile.c(210): warning:  #1035-D: single-precision operand implicitly converted to double-precision
linking...
Program Size: Code=25728 RO-data=1000 RW-data=352 ZI-data=1632  
FromELF: creating hex file...
"..\obj\micromouse_test.axf" - 0 Error(s), 2 Warning(s).
Load "..\\obj\\micromouse_test.AXF" 
Erase Done.
Programming Done.
Application running ...
Build target 'Target 1'
compiling speedProfile.c...
..\user_Libraries\src\speedProfile.c(145): warning:  #550-D: variable "sensorFeedback" was set but never used
..\user_Libraries\src\speedProfile.c(210): warning:  #1035-D: single-precision operand implicitly converted to double-precision
linking...
Program Size: Code=25728 RO-data=1000 RW-data=352 ZI-data=1632  
FromELF: creating hex file...
"..\obj\micromouse_test.axf" - 0 Error(s), 2 Warning(s).
Build target 'Target 1'
compiling speedProfile.c...
..\user_Libraries\src\speedProfile.c(62): error:  #59: function call is not allowed in a constant expression
..\user_Libraries\src\speedProfile.c(63): error:  #59: function call is not allowed in a constant expression
..\user_Libraries\src\speedProfile.c(145): warning:  #550-D: variable "sensorFeedback" was set but never used
..\user_Libraries\src\speedProfile.c(210): warning:  #1035-D: single-precision operand implicitly converted to double-precision
Target not created
Build target 'Target 1'
compiling main.c...
..\user\main.c(11): error:  #65: expected a ";"
compiling stm32f4xx_it.c...
compiling pwm.c...
compiling adc.c...
compiling sensor_Function.c...
compiling test.c...
compiling pid.c...
..\user_Libraries\src\pid.c(40): error:  #20: identifier "ENC_RESOLUTION" is undefined
compiling turn.c...
compiling align.c...
compiling speedProfile.c...
..\user_Libraries\src\speedProfile.c(62): error:  #59: function call is not allowed in a constant expression
..\user_Libraries\src\speedProfile.c(63): error:  #59: function call is not allowed in a constant expression
..\user_Libraries\src\speedProfile.c(145): warning:  #550-D: variable "sensorFeedback" was set but never used
..\user_Libraries\src\speedProfile.c(195): error:  #20: identifier "WHEEL_CIRCUMFERENCE" is undefined
..\user_Libraries\src\speedProfile.c(195): error:  #20: identifier "ENC_RESOLUTION" is undefined
..\user_Libraries\src\speedProfile.c(199): error:  #20: identifier "ENC_RESOLUTION" is undefined
..\user_Libraries\src\speedProfile.c(199): error:  #20: identifier "WHEEL_CIRCUMFERENCE" is undefined
..\user_Libraries\src\speedProfile.c(204): error:  #20: identifier "WHEEL_CIRCUMFERENCE" is undefined
..\user_Libraries\src\speedProfile.c(204): error:  #20: identifier "ENC_RESOLUTION" is undefined
..\user_Libraries\src\speedProfile.c(210): error:  #20: identifier "ENC_RESOLUTION" is undefined
..\user_Libraries\src\speedProfile.c(210): error:  #20: identifier "WHEEL_CIRCUMFERENCE" is undefined
..\user_Libraries\src\speedProfile.c(273): error:  #20: identifier "ENC_RESOLUTION" is undefined
Target not created
Build target 'Target 1'
compiling main.c...
compiling pid.c...
..\user_Libraries\src\pid.c(40): error:  #20: identifier "ENC_RESOLUTION" is undefined
compiling speedProfile.c...
..\user_Libraries\src\speedProfile.c(62): error:  #59: function call is not allowed in a constant expression
..\user_Libraries\src\speedProfile.c(63): error:  #59: function call is not allowed in a constant expression
..\user_Libraries\src\speedProfile.c(145): warning:  #550-D: variable "sensorFeedback" was set but never used
..\user_Libraries\src\speedProfile.c(273): error:  #20: identifier "ENC_RESOLUTION" is undefined
Target not created
Build target 'Target 1'
compiling pid.c...
compiling speedProfile.c...
..\user_Libraries\src\speedProfile.c(62): error:  #59: function call is not allowed in a constant expression
..\user_Libraries\src\speedProfile.c(63): error:  #59: function call is not allowed in a constant expression
..\user_Libraries\src\speedProfile.c(145): warning:  #550-D: variable "sensorFeedback" was set but never used
..\user_Libraries\src\speedProfile.c(273): error:  #20: identifier "ENC_RESOLUTION" is undefined
Target not created
Load "..\\obj\\micromouse_test.AXF" 
_____^
*** error 56: cannot open file
Build target 'Target 1'
compiling speedProfile.c...
..\user_Libraries\src\speedProfile.c(62): error:  #59: function call is not allowed in a constant expression
..\user_Libraries\src\speedProfile.c(63): error:  #59: function call is not allowed in a constant expression
..\user_Libraries\src\speedProfile.c(145): warning:  #550-D: variable "sensorFeedback" was set but never used
..\user_Libraries\src\speedProfile.c(273): error:  #20: identifier "ENC_RESOLUTION" is undefined
Target not created
Build target 'Target 1'
compiling main.c...
..\user\main.c(9): error:  #28: expression must have a constant value
compiling stm32f4xx_it.c...
compiling pwm.c...
compiling adc.c...
compiling sensor_Function.c...
compiling test.c...
compiling pid.c...
..\user_Libraries\src\pid.c(40): error:  #20: identifier "encResolution" is undefined
compiling turn.c...
compiling align.c...
compiling speedProfile.c...
..\user_Libraries\src\speedProfile.c(62): error:  #59: function call is not allowed in a constant expression
..\user_Libraries\src\speedProfile.c(63): error:  #59: function call is not allowed in a constant expression
..\user_Libraries\src\speedProfile.c(145): warning:  #550-D: variable "sensorFeedback" was set but never used
..\user_Libraries\src\speedProfile.c(195): error:  #20: identifier "wheelCircumference" is undefined
..\user_Libraries\src\speedProfile.c(195): error:  #20: identifier "encResolution" is undefined
..\user_Libraries\src\speedProfile.c(199): error:  #20: identifier "encResolution" is undefined
..\user_Libraries\src\speedProfile.c(199): error:  #20: identifier "wheelCircumference" is undefined
..\user_Libraries\src\speedProfile.c(204): error:  #20: identifier "wheelCircumference" is undefined
..\user_Libraries\src\speedProfile.c(204): error:  #20: identifier "encResolution" is undefined
..\user_Libraries\src\speedProfile.c(210): error:  #20: identifier "encResolution" is undefined
..\user_Libraries\src\speedProfile.c(210): error:  #20: identifier "wheelCircumference" is undefined
..\user_Libraries\src\speedProfile.c(273): error:  #20: identifier "CELL_DISTANCE" is undefined
Target not created
Build target 'Target 1'
compiling main.c...
..\user\main.c(9): error:  #28: expression must have a constant value
compiling stm32f4xx_it.c...
compiling pwm.c...
compiling adc.c...
compiling sensor_Function.c...
compiling test.c...
compiling pid.c...
compiling turn.c...
compiling align.c...
compiling speedProfile.c...
..\user_Libraries\src\speedProfile.c(62): error:  #59: function call is not allowed in a constant expression
..\user_Libraries\src\speedProfile.c(63): error:  #59: function call is not allowed in a constant expression
..\user_Libraries\src\speedProfile.c(145): warning:  #550-D: variable "sensorFeedback" was set but never used
..\user_Libraries\src\speedProfile.c(273): error:  #20: identifier "CELL_DISTANCE" is undefined
Target not created
Build target 'Target 1'
compiling main.c...
..\user\main.c(9): error:  #28: expression must have a constant value
compiling speedProfile.c...
..\user_Libraries\src\speedProfile.c(63): error:  #65: expected a ";"
..\user_Libraries\src\speedProfile.c(145): warning:  #550-D: variable "sensorFeedback" was set but never used
..\user_Libraries\src\speedProfile.c(273): error:  #20: identifier "CELL_DISTANCE" is undefined
..\user_Libraries\src\speedProfile.c(275): error:  #20: identifier "maxSpeed" is undefined
Target not created
Build target 'Target 1'
compiling main.c...
..\user\main.c(9): error:  #28: expression must have a constant value
compiling speedProfile.c...
..\user_Libraries\src\speedProfile.c(63): error:  #65: expected a ";"
..\user_Libraries\src\speedProfile.c(145): warning:  #550-D: variable "sensorFeedback" was set but never used
..\user_Libraries\src\speedProfile.c(273): error:  #20: identifier "CELL_DISTANCE" is undefined
..\user_Libraries\src\speedProfile.c(275): error:  #20: identifier "maxSpeed" is undefined
Target not created
Build target 'Target 1'
compiling main.c...
..\user\main.c(9): error:  #28: expression must have a constant value
compiling speedProfile.c...
..\user_Libraries\src\speedProfile.c(145): warning:  #550-D: variable "sensorFeedback" was set but never used
Target not created
Build target 'Target 1'
compiling main.c...
linking...
Program Size: Code=25188 RO-data=1000 RW-data=364 ZI-data=1636  
FromELF: creating hex file...
"..\obj\micromouse_test.axf" - 0 Error(s), 0 Warning(s).
Build target 'Target 1'
compiling main.c...
linking...
Program Size: Code=25188 RO-data=1000 RW-data=364 ZI-data=1636  
FromELF: creating hex file...
"..\obj\micromouse_test.axf" - 0 Error(s), 0 Warning(s).
Build target 'Target 1'
compiling main.c...
linking...
Program Size: Code=25188 RO-data=1000 RW-data=364 ZI-data=1636  
FromELF: creating hex file...
"..\obj\micromouse_test.axf" - 0 Error(s), 0 Warning(s).
Build target 'Target 1'
compiling speedProfile.c...
..\user_Libraries\src\speedProfile.c(145): warning:  #550-D: variable "sensorFeedback" was set but never used
linking...
Program Size: Code=25144 RO-data=1000 RW-data=364 ZI-data=1636  
FromELF: creating hex file...
"..\obj\micromouse_test.axf" - 0 Error(s), 1 Warning(s).
Build target 'Target 1'
compiling speedProfile.c...
..\user_Libraries\src\speedProfile.c(145): warning:  #550-D: variable "sensorFeedback" was set but never used
linking...
Program Size: Code=25144 RO-data=1000 RW-data=364 ZI-data=1636  
FromELF: creating hex file...
"..\obj\micromouse_test.axf" - 0 Error(s), 1 Warning(s).
Build target 'Target 1'
compiling speedProfile.c...
..\user_Libraries\src\speedProfile.c(145): warning:  #550-D: variable "sensorFeedback" was set but never used
linking...
Program Size: Code=25144 RO-data=1000 RW-data=364 ZI-data=1636  
FromELF: creating hex file...
"..\obj\micromouse_test.axf" - 0 Error(s), 1 Warning(s).
Build target 'Target 1'
compiling main.c...
compiling stm32f4xx_it.c...
compiling pwm.c...
compiling adc.c...
compiling sensor_Function.c...
compiling test.c...
compiling pid.c...
compiling turn.c...
compiling align.c...
compiling speedProfile.c...
..\user_Libraries\src\speedProfile.c(118): warning:  #550-D: variable "sensorFeedback" was set but never used
linking...
Program Size: Code=25144 RO-data=1000 RW-data=364 ZI-data=1636  
FromELF: creating hex file...
"..\obj\micromouse_test.axf" - 0 Error(s), 1 Warning(s).
Build target 'Target 1'
compiling speedProfile.c...
..\user_Libraries\src\speedProfile.c(117): warning:  #550-D: variable "sensorFeedback" was set but never used
linking...
Program Size: Code=25132 RO-data=1000 RW-data=364 ZI-data=1636  
FromELF: creating hex file...
"..\obj\micromouse_test.axf" - 0 Error(s), 1 Warning(s).
Build target 'Target 1'
compiling speedProfile.c...
..\user_Libraries\src\speedProfile.c(117): warning:  #550-D: variable "sensorFeedback" was set but never used
linking...
Program Size: Code=25132 RO-data=1000 RW-data=364 ZI-data=1636  
FromELF: creating hex file...
"..\obj\micromouse_test.axf" - 0 Error(s), 1 Warning(s).
Load "..\\obj\\micromouse_test.AXF" 
Erase Done.
Programming Done.
Application running ...
Build target 'Target 1'
compiling speedProfile.c...
..\user_Libraries\src\speedProfile.c(117): warning:  #550-D: variable "sensorFeedback" was set but never used
linking...
Program Size: Code=25136 RO-data=1000 RW-data=364 ZI-data=1636  
FromELF: creating hex file...
"..\obj\micromouse_test.axf" - 0 Error(s), 1 Warning(s).
Load "..\\obj\\micromouse_test.AXF" 
Erase Done.
Programming Done.
Application running ...
Build target 'Target 1'
compiling speedProfile.c...
..\user_Libraries\src\speedProfile.c(117): warning:  #550-D: variable "sensorFeedback" was set but never used
linking...
Program Size: Code=25144 RO-data=1000 RW-data=364 ZI-data=1636  
FromELF: creating hex file...
"..\obj\micromouse_test.axf" - 0 Error(s), 1 Warning(s).
Load "..\\obj\\micromouse_test.AXF" 
Load "..\\obj\\micromouse_test.AXF" 
Erase Done.
Programming Done.
Application running ...
Build target 'Target 1'
compiling main.c...
compiling speedProfile.c...
..\user_Libraries\src\speedProfile.c(120): warning:  #550-D: variable "sensorFeedback" was set but never used
linking...
Program Size: Code=25144 RO-data=1000 RW-data=364 ZI-data=1636  
FromELF: creating hex file...
"..\obj\micromouse_test.axf" - 0 Error(s), 1 Warning(s).
Build target 'Target 1'
compiling speedProfile.c...
..\user_Libraries\src\speedProfile.c(120): warning:  #550-D: variable "sensorFeedback" was set but never used
linking...
Program Size: Code=25144 RO-data=1000 RW-data=364 ZI-data=1636  
FromELF: creating hex file...
"..\obj\micromouse_test.axf" - 0 Error(s), 1 Warning(s).
Load "..\\obj\\micromouse_test.AXF" 
Erase Done.
Programming Done.
Application running ...
Load "..\\obj\\micromouse_test.AXF" 
Erase Done.
Programming Done.
Application running ...
Build target 'Target 1'
compiling speedProfile.c...
..\user_Libraries\src\speedProfile.c(120): warning:  #550-D: variable "sensorFeedback" was set but never used
linking...
Program Size: Code=25148 RO-data=1000 RW-data=364 ZI-data=1636  
FromELF: creating hex file...
"..\obj\micromouse_test.axf" - 0 Error(s), 1 Warning(s).
Build target 'Target 1'
compiling speedProfile.c...
..\user_Libraries\src\speedProfile.c(120): warning:  #550-D: variable "sensorFeedback" was set but never used
linking...
Program Size: Code=25148 RO-data=1000 RW-data=364 ZI-data=1636  
FromELF: creating hex file...
"..\obj\micromouse_test.axf" - 0 Error(s), 1 Warning(s).
Load "..\\obj\\micromouse_test.AXF" 
Build target 'Target 1'
linking...
Program Size: Code=25148 RO-data=1000 RW-data=364 ZI-data=1636  
FromELF: creating hex file...
"..\obj\micromouse_test.axf" - 0 Error(s), 0 Warning(s).
Load "..\\obj\\micromouse_test.AXF" 
Load "..\\obj\\micromouse_test.AXF" 
Erase Done.
Programming Done.
Application running ...
Build target 'Target 1'
compiling speedProfile.c...
..\user_Libraries\src\speedProfile.c(120): warning:  #550-D: variable "sensorFeedback" was set but never used
linking...
Program Size: Code=25152 RO-data=1000 RW-data=364 ZI-data=1636  
FromELF: creating hex file...
"..\obj\micromouse_test.axf" - 0 Error(s), 1 Warning(s).
Build target 'Target 1'
compiling speedProfile.c...
..\user_Libraries\src\speedProfile.c(120): warning:  #550-D: variable "sensorFeedback" was set but never used
linking...
Program Size: Code=25152 RO-data=1000 RW-data=364 ZI-data=1636  
FromELF: creating hex file...
"..\obj\micromouse_test.axf" - 0 Error(s), 1 Warning(s).
Load "..\\obj\\micromouse_test.AXF" 
Erase Done.
Programming Done.
Application running ...
Build target 'Target 1'
compiling speedProfile.c...
..\user_Libraries\src\speedProfile.c(120): warning:  #550-D: variable "sensorFeedback" was set but never used
linking...
Program Size: Code=25156 RO-data=1000 RW-data=364 ZI-data=1636  
FromELF: creating hex file...
"..\obj\micromouse_test.axf" - 0 Error(s), 1 Warning(s).
Load "..\\obj\\micromouse_test.AXF" 
Load "..\\obj\\micromouse_test.AXF" 
Erase Done.
Programming Done.
Application running ...
Build target 'Target 1'
compiling speedProfile.c...
..\user_Libraries\src\speedProfile.c(120): warning:  #550-D: variable "sensorFeedback" was set but never used
linking...
Program Size: Code=25148 RO-data=1000 RW-data=364 ZI-data=1636  
FromELF: creating hex file...
"..\obj\micromouse_test.axf" - 0 Error(s), 1 Warning(s).
Load "..\\obj\\micromouse_test.AXF" 
Erase Done.
Programming Done.
Application running ...
Build target 'Target 1'
compiling speedProfile.c...
..\user_Libraries\src\speedProfile.c(120): warning:  #550-D: variable "sensorFeedback" was set but never used
linking...
Program Size: Code=25152 RO-data=1000 RW-data=364 ZI-data=1636  
FromELF: creating hex file...
"..\obj\micromouse_test.axf" - 0 Error(s), 1 Warning(s).
Build target 'Target 1'
compiling speedProfile.c...
..\user_Libraries\src\speedProfile.c(120): warning:  #550-D: variable "sensorFeedback" was set but never used
linking...
Program Size: Code=25156 RO-data=1000 RW-data=364 ZI-data=1636  
FromELF: creating hex file...
"..\obj\micromouse_test.axf" - 0 Error(s), 1 Warning(s).
Load "..\\obj\\micromouse_test.AXF" 
Erase Done.
Programming Done.
Application running ...
Build target 'Target 1'
compiling speedProfile.c...
..\user_Libraries\src\speedProfile.c(120): warning:  #550-D: variable "sensorFeedback" was set but never used
linking...
Program Size: Code=25168 RO-data=1000 RW-data=364 ZI-data=1636  
FromELF: creating hex file...
"..\obj\micromouse_test.axf" - 0 Error(s), 1 Warning(s).
Load "..\\obj\\micromouse_test.AXF" 
Load "..\\obj\\micromouse_test.AXF" 
Erase Done.
Programming Done.
Application running ...
Build target 'Target 1'
compiling speedProfile.c...
..\user_Libraries\src\speedProfile.c(120): warning:  #550-D: variable "sensorFeedback" was set but never used
linking...
Program Size: Code=25084 RO-data=1000 RW-data=364 ZI-data=1636  
FromELF: creating hex file...
"..\obj\micromouse_test.axf" - 0 Error(s), 1 Warning(s).
Load "..\\obj\\micromouse_test.AXF" 
Erase Done.
Programming Done.
Application running ...
Build target 'Target 1'
compiling speedProfile.c...
..\user_Libraries\src\speedProfile.c(120): warning:  #550-D: variable "sensorFeedback" was set but never used
linking...
Program Size: Code=25168 RO-data=1000 RW-data=364 ZI-data=1636  
FromELF: creating hex file...
"..\obj\micromouse_test.axf" - 0 Error(s), 1 Warning(s).
Build target 'Target 1'
linking...
Program Size: Code=25168 RO-data=1000 RW-data=364 ZI-data=1636  
FromELF: creating hex file...
"..\obj\micromouse_test.axf" - 0 Error(s), 0 Warning(s).
Load "..\\obj\\micromouse_test.AXF" 
Erase Done.
Programming Done.
Application running ...
Build target 'Target 1'
compiling speedProfile.c...
..\user_Libraries\src\speedProfile.c(120): warning:  #550-D: variable "sensorFeedback" was set but never used
linking...
Program Size: Code=25164 RO-data=1000 RW-data=364 ZI-data=1636  
FromELF: creating hex file...
"..\obj\micromouse_test.axf" - 0 Error(s), 1 Warning(s).
Load "..\\obj\\micromouse_test.AXF" 
Erase Done.
Programming Done.
Application running ...
Load "..\\obj\\micromouse_test.AXF" 
Erase Done.
Programming Done.
Application running ...
Build target 'Target 1'
compiling speedProfile.c...
..\user_Libraries\src\speedProfile.c(120): warning:  #550-D: variable "sensorFeedback" was set but never used
linking...
Program Size: Code=25080 RO-data=1000 RW-data=364 ZI-data=1636  
FromELF: creating hex file...
"..\obj\micromouse_test.axf" - 0 Error(s), 1 Warning(s).
Load "..\\obj\\micromouse_test.AXF" 
Load "..\\obj\\micromouse_test.AXF" 
Build target 'Target 1'
linking...
Program Size: Code=25080 RO-data=1000 RW-data=364 ZI-data=1636  
FromELF: creating hex file...
"..\obj\micromouse_test.axf" - 0 Error(s), 0 Warning(s).
Load "..\\obj\\micromouse_test.AXF" 
Erase Done.
Programming Done.
Application running ...
Build target 'Target 1'
compiling speedProfile.c...
..\user_Libraries\src\speedProfile.c(120): warning:  #550-D: variable "sensorFeedback" was set but never used
linking...
Program Size: Code=25084 RO-data=1000 RW-data=364 ZI-data=1636  
FromELF: creating hex file...
"..\obj\micromouse_test.axf" - 0 Error(s), 1 Warning(s).
Load "..\\obj\\micromouse_test.AXF" 
Erase Done.
Programming Done.
Application running ...
Build target 'Target 1'
compiling speedProfile.c...
..\user_Libraries\src\speedProfile.c(120): warning:  #550-D: variable "sensorFeedback" was set but never used
linking...
Program Size: Code=25080 RO-data=1000 RW-data=364 ZI-data=1636  
FromELF: creating hex file...
"..\obj\micromouse_test.axf" - 0 Error(s), 1 Warning(s).
Build target 'Target 1'
compiling speedProfile.c...
..\user_Libraries\src\speedProfile.c(120): warning:  #550-D: variable "sensorFeedback" was set but never used
linking...
Program Size: Code=25080 RO-data=1000 RW-data=364 ZI-data=1636  
FromELF: creating hex file...
"..\obj\micromouse_test.axf" - 0 Error(s), 1 Warning(s).
Load "..\\obj\\micromouse_test.AXF" 
Erase Done.
Programming Done.
Application running ...
Load "..\\obj\\micromouse_test.AXF" 
Erase Done.
Programming Done.
Application running ...
Build target 'Target 1'
compiling speedProfile.c...
..\user_Libraries\src\speedProfile.c(120): warning:  #550-D: variable "sensorFeedback" was set but never used
linking...
Program Size: Code=25080 RO-data=1000 RW-data=364 ZI-data=1636  
FromELF: creating hex file...
"..\obj\micromouse_test.axf" - 0 Error(s), 1 Warning(s).
Load "..\\obj\\micromouse_test.AXF" 
Erase Done.
Programming Done.
Application running ...
Build target 'Target 1'
compiling speedProfile.c...
..\user_Libraries\src\speedProfile.c(120): warning:  #550-D: variable "sensorFeedback" was set but never used
linking...
Program Size: Code=25080 RO-data=1000 RW-data=364 ZI-data=1636  
FromELF: creating hex file...
"..\obj\micromouse_test.axf" - 0 Error(s), 1 Warning(s).
Load "..\\obj\\micromouse_test.AXF" 
Erase Done.
Programming Done.
Application running ...
Build target 'Target 1'
compiling speedProfile.c...
..\user_Libraries\src\speedProfile.c(120): warning:  #550-D: variable "sensorFeedback" was set but never used
linking...
Program Size: Code=25080 RO-data=1000 RW-data=364 ZI-data=1636  
FromELF: creating hex file...
"..\obj\micromouse_test.axf" - 0 Error(s), 1 Warning(s).
Load "..\\obj\\micromouse_test.AXF" 
Erase Done.
Programming Done.
Application running ...
Build target 'Target 1'
compiling speedProfile.c...
..\user_Libraries\src\speedProfile.c(120): warning:  #550-D: variable "sensorFeedback" was set but never used
linking...
Program Size: Code=25084 RO-data=1000 RW-data=364 ZI-data=1636  
FromELF: creating hex file...
"..\obj\micromouse_test.axf" - 0 Error(s), 1 Warning(s).
Load "..\\obj\\micromouse_test.AXF" 
Erase Done.
Programming Done.
Application running ...
Build target 'Target 1'
compiling main.c...
compiling speedProfile.c...
..\user_Libraries\src\speedProfile.c(120): warning:  #550-D: variable "sensorFeedback" was set but never used
linking...
Program Size: Code=25084 RO-data=1000 RW-data=364 ZI-data=1636  
FromELF: creating hex file...
"..\obj\micromouse_test.axf" - 0 Error(s), 1 Warning(s).
Load "..\\obj\\micromouse_test.AXF" 
Erase Done.
Programming Done.
Application running ...
Build target 'Target 1'
compiling main.c...
linking...
Program Size: Code=25076 RO-data=1000 RW-data=364 ZI-data=1636  
FromELF: creating hex file...
"..\obj\micromouse_test.axf" - 0 Error(s), 0 Warning(s).
Build target 'Target 1'
compiling main.c...
..\user\main.c(126): warning:  #223-D: function "moveOneCell" declared implicitly
compiling stm32f4xx_it.c...
compiling adc.c...
compiling test.c...
compiling speedProfile.c...
..\user_Libraries\src\speedProfile.c(120): warning:  #550-D: variable "sensorFeedback" was set but never used
linking...
..\obj\micromouse_test.axf: Error: L6218E: Undefined symbol moveOneCell (referred from main.o).
Target not created
Build target 'Target 1'
compiling main.c...
linking...
Program Size: Code=25080 RO-data=1000 RW-data=364 ZI-data=1636  
FromELF: creating hex file...
"..\obj\micromouse_test.axf" - 0 Error(s), 0 Warning(s).
Load "..\\obj\\micromouse_test.AXF" 
Load "..\\obj\\micromouse_test.AXF" 
Erase Done.
Programming Done.
Application running ...
Load "..\\obj\\micromouse_test.AXF" 
Erase Done.
Programming Done.
Application running ...
Build target 'Target 1'
compiling main.c...
compiling speedProfile.c...
..\user_Libraries\src\speedProfile.c(120): warning:  #550-D: variable "sensorFeedback" was set but never used
linking...
Program Size: Code=25080 RO-data=1000 RW-data=364 ZI-data=1636  
FromELF: creating hex file...
"..\obj\micromouse_test.axf" - 0 Error(s), 1 Warning(s).
Load "..\\obj\\micromouse_test.AXF" 
Erase Done.
Programming Done.
Application running ...
Build target 'Target 1'
compiling speedProfile.c...
..\user_Libraries\src\speedProfile.c(120): warning:  #550-D: variable "sensorFeedback" was set but never used
linking...
Program Size: Code=25080 RO-data=1000 RW-data=364 ZI-data=1636  
FromELF: creating hex file...
"..\obj\micromouse_test.axf" - 0 Error(s), 1 Warning(s).
Load "..\\obj\\micromouse_test.AXF" 
Erase Done.
Programming Done.
Application running ...
Build target 'Target 1'
compiling speedProfile.c...
..\user_Libraries\src\speedProfile.c(120): warning:  #550-D: variable "sensorFeedback" was set but never used
linking...
Program Size: Code=25168 RO-data=1000 RW-data=364 ZI-data=1636  
FromELF: creating hex file...
"..\obj\micromouse_test.axf" - 0 Error(s), 1 Warning(s).
Load "..\\obj\\micromouse_test.AXF" 
Erase Done.
Programming Done.
Application running ...
Build target 'Target 1'
compiling speedProfile.c...
..\user_Libraries\src\speedProfile.c(120): warning:  #550-D: variable "sensorFeedback" was set but never used
linking...
Program Size: Code=25168 RO-data=1000 RW-data=364 ZI-data=1636  
FromELF: creating hex file...
"..\obj\micromouse_test.axf" - 0 Error(s), 1 Warning(s).
Load "..\\obj\\micromouse_test.AXF" 
Erase Done.
Programming Done.
Application running ...
Build target 'Target 1'
compiling speedProfile.c...
..\user_Libraries\src\speedProfile.c(120): warning:  #550-D: variable "sensorFeedback" was set but never used
linking...
Program Size: Code=25168 RO-data=1000 RW-data=364 ZI-data=1636  
FromELF: creating hex file...
"..\obj\micromouse_test.axf" - 0 Error(s), 1 Warning(s).
Load "..\\obj\\micromouse_test.AXF" 
Erase Done.
Programming Done.
Application running ...
Build target 'Target 1'
compiling speedProfile.c...
..\user_Libraries\src\speedProfile.c(120): warning:  #550-D: variable "sensorFeedback" was set but never used
linking...
Program Size: Code=25168 RO-data=1000 RW-data=364 ZI-data=1636  
FromELF: creating hex file...
"..\obj\micromouse_test.axf" - 0 Error(s), 1 Warning(s).
Load "..\\obj\\micromouse_test.AXF" 
Erase Done.
Programming Done.
Application running ...
Build target 'Target 1'
compiling speedProfile.c...
..\user_Libraries\src\speedProfile.c(120): warning:  #550-D: variable "sensorFeedback" was set but never used
linking...
Program Size: Code=25168 RO-data=1000 RW-data=364 ZI-data=1636  
FromELF: creating hex file...
"..\obj\micromouse_test.axf" - 0 Error(s), 1 Warning(s).
Load "..\\obj\\micromouse_test.AXF" 
Erase Done.
Programming Done.
Application running ...
Build target 'Target 1'
compiling speedProfile.c...
..\user_Libraries\src\speedProfile.c(120): warning:  #550-D: variable "sensorFeedback" was set but never used
linking...
Program Size: Code=25168 RO-data=1000 RW-data=364 ZI-data=1636  
FromELF: creating hex file...
"..\obj\micromouse_test.axf" - 0 Error(s), 1 Warning(s).
Load "..\\obj\\micromouse_test.AXF" 
Erase Done.
Programming Done.
Application running ...
Build target 'Target 1'
compiling speedProfile.c...
..\user_Libraries\src\speedProfile.c(120): warning:  #550-D: variable "sensorFeedback" was set but never used
linking...
Program Size: Code=25168 RO-data=1000 RW-data=364 ZI-data=1636  
FromELF: creating hex file...
"..\obj\micromouse_test.axf" - 0 Error(s), 1 Warning(s).
Load "..\\obj\\micromouse_test.AXF" 
Erase Done.
Programming Done.
Application running ...
Build target 'Target 1'
compiling speedProfile.c...
..\user_Libraries\src\speedProfile.c(120): warning:  #550-D: variable "sensorFeedback" was set but never used
linking...
Program Size: Code=25168 RO-data=1000 RW-data=364 ZI-data=1636  
FromELF: creating hex file...
"..\obj\micromouse_test.axf" - 0 Error(s), 1 Warning(s).
Build target 'Target 1'
compiling speedProfile.c...
..\user_Libraries\src\speedProfile.c(120): warning:  #550-D: variable "sensorFeedback" was set but never used
linking...
Program Size: Code=25160 RO-data=1000 RW-data=364 ZI-data=1636  
FromELF: creating hex file...
"..\obj\micromouse_test.axf" - 0 Error(s), 1 Warning(s).
Load "..\\obj\\micromouse_test.AXF" 
Load "..\\obj\\micromouse_test.AXF" 
Erase Done.
Programming Done.
Application running ...
Build target 'Target 1'
compiling speedProfile.c...
..\user_Libraries\src\speedProfile.c(120): warning:  #550-D: variable "sensorFeedback" was set but never used
linking...
Program Size: Code=25160 RO-data=1000 RW-data=364 ZI-data=1636  
FromELF: creating hex file...
"..\obj\micromouse_test.axf" - 0 Error(s), 1 Warning(s).
Load "..\\obj\\micromouse_test.AXF" 
Erase Done.
Programming Done.
Application running ...
Build target 'Target 1'
compiling speedProfile.c...
..\user_Libraries\src\speedProfile.c(120): warning:  #550-D: variable "sensorFeedback" was set but never used
linking...
Program Size: Code=25168 RO-data=1000 RW-data=364 ZI-data=1636  
FromELF: creating hex file...
"..\obj\micromouse_test.axf" - 0 Error(s), 1 Warning(s).
Load "..\\obj\\micromouse_test.AXF" 
Erase Done.
Programming Done.
Application running ...
Build target 'Target 1'
compiling speedProfile.c...
..\user_Libraries\src\speedProfile.c(120): warning:  #550-D: variable "sensorFeedback" was set but never used
linking...
Program Size: Code=25168 RO-data=1000 RW-data=364 ZI-data=1636  
FromELF: creating hex file...
"..\obj\micromouse_test.axf" - 0 Error(s), 1 Warning(s).
Load "..\\obj\\micromouse_test.AXF" 
Erase Done.
Programming Done.
Application running ...
Build target 'Target 1'
compiling speedProfile.c...
..\user_Libraries\src\speedProfile.c(120): warning:  #550-D: variable "sensorFeedback" was set but never used
linking...
Program Size: Code=25168 RO-data=1000 RW-data=364 ZI-data=1636  
FromELF: creating hex file...
"..\obj\micromouse_test.axf" - 0 Error(s), 1 Warning(s).
Load "..\\obj\\micromouse_test.AXF" 
Erase Done.
Programming Done.
Application running ...
Build target 'Target 1'
compiling speedProfile.c...
..\user_Libraries\src\speedProfile.c(120): warning:  #550-D: variable "sensorFeedback" was set but never used
linking...
Program Size: Code=25168 RO-data=1000 RW-data=364 ZI-data=1636  
FromELF: creating hex file...
"..\obj\micromouse_test.axf" - 0 Error(s), 1 Warning(s).
Load "..\\obj\\micromouse_test.AXF" 
Erase Done.
Programming Done.
Application running ...
Build target 'Target 1'
compiling speedProfile.c...
..\user_Libraries\src\speedProfile.c(120): warning:  #550-D: variable "sensorFeedback" was set but never used
linking...
Program Size: Code=25168 RO-data=1000 RW-data=364 ZI-data=1636  
FromELF: creating hex file...
"..\obj\micromouse_test.axf" - 0 Error(s), 1 Warning(s).
Load "..\\obj\\micromouse_test.AXF" 
Load "..\\obj\\micromouse_test.AXF" 
Erase Done.
Programming Done.
Application running ...
Build target 'Target 1'
compiling speedProfile.c...
..\user_Libraries\src\speedProfile.c(120): warning:  #550-D: variable "sensorFeedback" was set but never used
linking...
Program Size: Code=25168 RO-data=1000 RW-data=364 ZI-data=1636  
FromELF: creating hex file...
"..\obj\micromouse_test.axf" - 0 Error(s), 1 Warning(s).
Load "..\\obj\\micromouse_test.AXF" 
Erase Done.
Programming Done.
Application running ...
Build target 'Target 1'
compiling speedProfile.c...
..\user_Libraries\src\speedProfile.c(120): warning:  #550-D: variable "sensorFeedback" was set but never used
linking...
Program Size: Code=25168 RO-data=1000 RW-data=364 ZI-data=1636  
FromELF: creating hex file...
"..\obj\micromouse_test.axf" - 0 Error(s), 1 Warning(s).
Load "..\\obj\\micromouse_test.AXF" 
Erase Done.
Programming Done.
Application running ...
Build target 'Target 1'
compiling speedProfile.c...
..\user_Libraries\src\speedProfile.c(120): warning:  #550-D: variable "sensorFeedback" was set but never used
linking...
Program Size: Code=25168 RO-data=1000 RW-data=364 ZI-data=1636  
FromELF: creating hex file...
"..\obj\micromouse_test.axf" - 0 Error(s), 1 Warning(s).
Load "..\\obj\\micromouse_test.AXF" 
Erase Done.
Programming Done.
Application running ...
Build target 'Target 1'
compiling speedProfile.c...
..\user_Libraries\src\speedProfile.c(120): warning:  #550-D: variable "sensorFeedback" was set but never used
linking...
Program Size: Code=25168 RO-data=1000 RW-data=364 ZI-data=1636  
FromELF: creating hex file...
"..\obj\micromouse_test.axf" - 0 Error(s), 1 Warning(s).
Load "..\\obj\\micromouse_test.AXF" 
Erase Done.
Programming Done.
Application running ...
Build target 'Target 1'
compiling speedProfile.c...
..\user_Libraries\src\speedProfile.c(120): warning:  #550-D: variable "sensorFeedback" was set but never used
linking...
Program Size: Code=25160 RO-data=1000 RW-data=364 ZI-data=1636  
FromELF: creating hex file...
"..\obj\micromouse_test.axf" - 0 Error(s), 1 Warning(s).
Load "..\\obj\\micromouse_test.AXF" 
Erase Done.
Programming Done.
Application running ...
Build target 'Target 1'
linking...
Program Size: Code=25160 RO-data=1000 RW-data=364 ZI-data=1636  
FromELF: creating hex file...
"..\obj\micromouse_test.axf" - 0 Error(s), 0 Warning(s).
Load "..\\obj\\micromouse_test.AXF" 
Erase Done.
Programming Done.
Application running ...
Build target 'Target 1'
compiling speedProfile.c...
..\user_Libraries\src\speedProfile.c(120): warning:  #550-D: variable "sensorFeedback" was set but never used
linking...
Program Size: Code=25160 RO-data=1000 RW-data=364 ZI-data=1636  
FromELF: creating hex file...
"..\obj\micromouse_test.axf" - 0 Error(s), 1 Warning(s).
Load "..\\obj\\micromouse_test.AXF" 
Erase Done.
Programming Done.
Application running ...
Build target 'Target 1'
compiling speedProfile.c...
..\user_Libraries\src\speedProfile.c(120): warning:  #550-D: variable "sensorFeedback" was set but never used
linking...
Program Size: Code=25160 RO-data=1000 RW-data=364 ZI-data=1636  
FromELF: creating hex file...
"..\obj\micromouse_test.axf" - 0 Error(s), 1 Warning(s).
Load "..\\obj\\micromouse_test.AXF" 
Erase Done.
Programming Done.
Application running ...
Build target 'Target 1'
compiling speedProfile.c...
..\user_Libraries\src\speedProfile.c(120): warning:  #550-D: variable "sensorFeedback" was set but never used
linking...
Program Size: Code=25164 RO-data=1000 RW-data=364 ZI-data=1636  
FromELF: creating hex file...
"..\obj\micromouse_test.axf" - 0 Error(s), 1 Warning(s).
Load "..\\obj\\micromouse_test.AXF" 
Load "..\\obj\\micromouse_test.AXF" 
Erase Done.
Programming Done.
Application running ...
Build target 'Target 1'
compiling speedProfile.c...
..\user_Libraries\src\speedProfile.c(120): warning:  #550-D: variable "sensorFeedback" was set but never used
linking...
Program Size: Code=25164 RO-data=1000 RW-data=364 ZI-data=1636  
FromELF: creating hex file...
"..\obj\micromouse_test.axf" - 0 Error(s), 1 Warning(s).
Load "..\\obj\\micromouse_test.AXF" 
Erase Done.
Programming Done.
Application running ...
Build target 'Target 1'
compiling speedProfile.c...
..\user_Libraries\src\speedProfile.c(120): warning:  #550-D: variable "sensorFeedback" was set but never used
linking...
Program Size: Code=25164 RO-data=1000 RW-data=364 ZI-data=1636  
FromELF: creating hex file...
"..\obj\micromouse_test.axf" - 0 Error(s), 1 Warning(s).
Load "..\\obj\\micromouse_test.AXF" 
Erase Done.
Programming Done.
Application running ...
Build target 'Target 1'
compiling speedProfile.c...
..\user_Libraries\src\speedProfile.c(120): warning:  #550-D: variable "sensorFeedback" was set but never used
linking...
Program Size: Code=25164 RO-data=1000 RW-data=364 ZI-data=1636  
FromELF: creating hex file...
"..\obj\micromouse_test.axf" - 0 Error(s), 1 Warning(s).
Load "..\\obj\\micromouse_test.AXF" 
Erase Done.
Programming Done.
Application running ...
Build target 'Target 1'
compiling speedProfile.c...
..\user_Libraries\src\speedProfile.c(120): warning:  #550-D: variable "sensorFeedback" was set but never used
linking...
Program Size: Code=25164 RO-data=1000 RW-data=364 ZI-data=1636  
FromELF: creating hex file...
"..\obj\micromouse_test.axf" - 0 Error(s), 1 Warning(s).
Load "..\\obj\\micromouse_test.AXF" 
Erase Done.
Programming Done.
Application running ...
Build target 'Target 1'
compiling speedProfile.c...
..\user_Libraries\src\speedProfile.c(120): warning:  #550-D: variable "sensorFeedback" was set but never used
linking...
Program Size: Code=25164 RO-data=1000 RW-data=364 ZI-data=1636  
FromELF: creating hex file...
"..\obj\micromouse_test.axf" - 0 Error(s), 1 Warning(s).
Load "..\\obj\\micromouse_test.AXF" 
Erase Done.
Programming Done.
Application running ...
Build target 'Target 1'
compiling speedProfile.c...
..\user_Libraries\src\speedProfile.c(120): warning:  #550-D: variable "sensorFeedback" was set but never used
linking...
Program Size: Code=25164 RO-data=1000 RW-data=364 ZI-data=1636  
FromELF: creating hex file...
"..\obj\micromouse_test.axf" - 0 Error(s), 1 Warning(s).
Load "..\\obj\\micromouse_test.AXF" 
Load "..\\obj\\micromouse_test.AXF" 
Erase Done.
Programming Done.
Application running ...
Build target 'Target 1'
compiling speedProfile.c...
..\user_Libraries\src\speedProfile.c(120): warning:  #550-D: variable "sensorFeedback" was set but never used
linking...
Program Size: Code=25164 RO-data=1000 RW-data=364 ZI-data=1636  
FromELF: creating hex file...
"..\obj\micromouse_test.axf" - 0 Error(s), 1 Warning(s).
Load "..\\obj\\micromouse_test.AXF" 
Erase Done.
Programming Done.
Application running ...
Build target 'Target 1'
compiling speedProfile.c...
..\user_Libraries\src\speedProfile.c(120): warning:  #550-D: variable "sensorFeedback" was set but never used
linking...
Program Size: Code=25164 RO-data=1000 RW-data=364 ZI-data=1636  
FromELF: creating hex file...
"..\obj\micromouse_test.axf" - 0 Error(s), 1 Warning(s).
Load "..\\obj\\micromouse_test.AXF" 
Erase Done.
Programming Done.
Application running ...
Build target 'Target 1'
compiling speedProfile.c...
[...]
compiling speedProfile.c...
..\user_Libraries\src\speedProfile.c(120): warning:  #177-D: variable "sensorFeedback" was declared but never referenced
linking...
Program Size: Code=25708 RO-data=1000 RW-data=368 ZI-data=1632  
FromELF: creating hex file...
"..\obj\micromouse_test.axf" - 0 Error(s), 1 Warning(s).
Build target 'Target 1'
compiling speedProfile.c...
..\user_Libraries\src\speedProfile.c(120): warning:  #177-D: variable "sensorFeedback" was declared but never referenced
linking...
..\obj\micromouse_test.axf: Error: L6218E: Undefined symbol pid (referred from main.o).
..\obj\micromouse_test.axf: Error: L6218E: Undefined symbol totalError (referred from test.o).
Target not created
Load "..\\obj\\micromouse_test.AXF" 
_____^
*** error 56: cannot open file
Build target 'Target 1'
compiling speedProfile.c...
..\user_Libraries\src\speedProfile.c(120): warning:  #177-D: variable "sensorFeedback" was declared but never referenced
linking...
..\obj\micromouse_test.axf: Error: L6218E: Undefined symbol pid (referred from main.o).
..\obj\micromouse_test.axf: Error: L6218E: Undefined symbol totalError (referred from test.o).
Target not created
Build target 'Target 1'
compiling main.c...
linking...
..\obj\micromouse_test.axf: Error: L6218E: Undefined symbol totalError (referred from test.o).
Target not created
Build target 'Target 1'
compiling main.c...
linking...
..\obj\micromouse_test.axf: Error: L6218E: Undefined symbol totalError (referred from test.o).
Target not created
Build target 'Target 1'
compiling test.c...
linking...
Program Size: Code=24448 RO-data=1000 RW-data=352 ZI-data=1632  
FromELF: creating hex file...
"..\obj\micromouse_test.axf" - 0 Error(s), 0 Warning(s).
Build target 'Target 1'
compiling main.c...
compiling stm32f4xx_it.c...
compiling pwm.c...
compiling adc.c...
compiling test.c...
compiling speedProfile.c...
..\user_Libraries\src\speedProfile.c(120): warning:  #177-D: variable "sensorFeedback" was declared but never referenced
linking...
Program Size: Code=24448 RO-data=1000 RW-data=352 ZI-data=1632  
FromELF: creating hex file...
"..\obj\micromouse_test.axf" - 0 Error(s), 1 Warning(s).
Build target 'Target 1'
compiling main.c...
compiling stm32f4xx_it.c...
compiling pwm.c...
compiling adc.c...
compiling test.c...
compiling speedProfile.c...
..\user_Libraries\src\speedProfile.c(120): warning:  #177-D: variable "sensorFeedback" was declared but never referenced
linking...
Program Size: Code=24448 RO-data=1000 RW-data=352 ZI-data=1632  
FromELF: creating hex file...
"..\obj\micromouse_test.axf" - 0 Error(s), 1 Warning(s).
Build target 'Target 1'
compiling speedProfile.c...
..\user_Libraries\src\speedProfile.c(120): warning:  #177-D: variable "sensorFeedback" was declared but never referenced
linking...
Program Size: Code=24448 RO-data=1000 RW-data=352 ZI-data=1632  
FromELF: creating hex file...
"..\obj\micromouse_test.axf" - 0 Error(s), 1 Warning(s).
Build target 'Target 1'
compiling main.c...
compiling stm32f4xx_it.c...
compiling pwm.c...
compiling adc.c...
compiling test.c...
compiling speedProfile.c...
..\user_Libraries\src\speedProfile.c(120): warning:  #177-D: variable "sensorFeedback" was declared but never referenced
linking...
Program Size: Code=24448 RO-data=1000 RW-data=352 ZI-data=1632  
FromELF: creating hex file...
"..\obj\micromouse_test.axf" - 0 Error(s), 1 Warning(s).
Build target 'Target 1'
compiling main.c...
compiling stm32f4xx_it.c...
compiling pwm.c...
compiling adc.c...
compiling test.c...
compiling speedProfile.c...
..\user_Libraries\src\speedProfile.c(116): warning:  #177-D: variable "sensorFeedback" was declared but never referenced
linking...
Program Size: Code=24448 RO-data=1000 RW-data=352 ZI-data=1632  
FromELF: creating hex file...
"..\obj\micromouse_test.axf" - 0 Error(s), 1 Warning(s).
Build target 'Target 1'
compiling main.c...
compiling stm32f4xx_it.c...
compiling pwm.c...
compiling adc.c...
compiling test.c...
compiling turn.c...
..\user_Libraries\src\turn.c(10): error:  #147-D: declaration is incompatible with "void pivotTurn(float)" (declared at line 5 of "..\user_Libraries\inc\turn.h")
..\user_Libraries\src\turn.c(14): warning:  #1035-D: single-precision operand implicitly converted to double-precision
compiling speedProfile.c...
..\user_Libraries\src\speedProfile.c(116): warning:  #177-D: variable "sensorFeedback" was declared but never referenced
Target not created
Build target 'Target 1'
compiling turn.c...
..\user_Libraries\src\turn.c(14): warning:  #1035-D: single-precision operand implicitly converted to double-precision
linking...
Program Size: Code=24476 RO-data=1000 RW-data=352 ZI-data=1632  
FromELF: creating hex file...
"..\obj\micromouse_test.axf" - 0 Error(s), 1 Warning(s).
Load "..\\obj\\micromouse_test.AXF" 
Build target 'Target 1'
compiling turn.c...
..\user_Libraries\src\turn.c(14): warning:  #1035-D: single-precision operand implicitly converted to double-precision
linking...
Program Size: Code=24476 RO-data=1000 RW-data=352 ZI-data=1632  
FromELF: creating hex file...
"..\obj\micromouse_test.axf" - 0 Error(s), 1 Warning(s).
Build target 'Target 1'
compiling main.c...
compiling stm32f4xx_it.c...
compiling pwm.c...
compiling adc.c...
compiling sensor_Function.c...
compiling test.c...
compiling turn.c...
..\user_Libraries\src\turn.c(14): warning:  #1035-D: single-precision operand implicitly converted to double-precision
compiling speedProfile.c...
..\user_Libraries\src\speedProfile.c(116): warning:  #177-D: variable "sensorFeedback" was declared but never referenced
linking...
Program Size: Code=24476 RO-data=1000 RW-data=352 ZI-data=1632  
FromELF: creating hex file...
"..\obj\micromouse_test.axf" - 0 Error(s), 2 Warning(s).
Load "..\\obj\\micromouse_test.AXF" 
Build target 'Target 1'
compiling turn.c...
..\user_Libraries\src\turn.c(14): warning:  #1035-D: single-precision operand implicitly converted to double-precision
linking...
Program Size: Code=24476 RO-data=1000 RW-data=352 ZI-data=1632  
FromELF: creating hex file...
"..\obj\micromouse_test.axf" - 0 Error(s), 1 Warning(s).
Build target 'Target 1'
compiling speedProfile.c...
..\user_Libraries\src\speedProfile.c(116): warning:  #177-D: variable "sensorFeedback" was declared but never referenced
linking...
Program Size: Code=24476 RO-data=1000 RW-data=352 ZI-data=1632  
FromELF: creating hex file...
"..\obj\micromouse_test.axf" - 0 Error(s), 1 Warning(s).
Build target 'Target 1'
compiling main.c...
linking...
Program Size: Code=24472 RO-data=1000 RW-data=352 ZI-data=1632  
FromELF: creating hex file...
"..\obj\micromouse_test.axf" - 0 Error(s), 0 Warning(s).
Build target 'Target 1'
compiling main.c...
compiling stm32f4xx_it.c...
compiling pwm.c...
compiling adc.c...
compiling test.c...
compiling speedProfile.c...
..\user_Libraries\src\speedProfile.c(116): warning:  #177-D: variable "sensorFeedback" was declared but never referenced
linking...
Program Size: Code=24476 RO-data=1000 RW-data=352 ZI-data=1632  
FromELF: creating hex file...
"..\obj\micromouse_test.axf" - 0 Error(s), 1 Warning(s).
Load "..\\obj\\micromouse_test.AXF" 
Load "..\\obj\\micromouse_test.AXF" 
Erase Done.
Programming Done.
Application running ...
Build target 'Target 1'
compiling main.c...
compiling stm32f4xx_it.c...
compiling pwm.c...
compiling adc.c...
compiling test.c...
compiling speedProfile.c...
..\user_Libraries\src\speedProfile.c(116): warning:  #177-D: variable "sensorFeedback" was declared but never referenced
linking...
Program Size: Code=24476 RO-data=1000 RW-data=352 ZI-data=1632  
FromELF: creating hex file...
"..\obj\micromouse_test.axf" - 0 Error(s), 1 Warning(s).
Build target 'Target 1'
compiling main.c...
compiling stm32f4xx_it.c...
compiling pwm.c...
compiling adc.c...
compiling test.c...
compiling speedProfile.c...
..\user_Libraries\src\speedProfile.c(116): warning:  #177-D: variable "sensorFeedback" was declared but never referenced
linking...
Program Size: Code=24476 RO-data=1000 RW-data=352 ZI-data=1632  
FromELF: creating hex file...
"..\obj\micromouse_test.axf" - 0 Error(s), 1 Warning(s).
Load "..\\obj\\micromouse_test.AXF" 
Erase Done.
Programming Done.
Application running ...
Build target 'Target 1'
compiling main.c...
compiling stm32f4xx_it.c...
compiling pwm.c...
compiling adc.c...
compiling test.c...
compiling speedProfile.c...
..\user_Libraries\src\speedProfile.c(116): warning:  #177-D: variable "sensorFeedback" was declared but never referenced
linking...
Program Size: Code=24476 RO-data=1000 RW-data=352 ZI-data=1632  
FromELF: creating hex file...
"..\obj\micromouse_test.axf" - 0 Error(s), 1 Warning(s).
Load "..\\obj\\micromouse_test.AXF" 
Erase Done.
Programming Done.
Application running ...
Build target 'Target 1'
compiling main.c...
compiling stm32f4xx_it.c...
compiling pwm.c...
compiling adc.c...
compiling test.c...
compiling speedProfile.c...
..\user_Libraries\src\speedProfile.c(116): warning:  #177-D: variable "sensorFeedback" was declared but never referenced
linking...
Program Size: Code=24476 RO-data=1000 RW-data=352 ZI-data=1632  
FromELF: creating hex file...
"..\obj\micromouse_test.axf" - 0 Error(s), 1 Warning(s).
Load "..\\obj\\micromouse_test.AXF" 
Erase Done.
Programming Done.
Application running ...
Build target 'Target 1'
compiling main.c...
compiling stm32f4xx_it.c...
compiling pwm.c...
compiling adc.c...
compiling test.c...
compiling speedProfile.c...
..\user_Libraries\src\speedProfile.c(116): warning:  #177-D: variable "sensorFeedback" was declared but never referenced
linking...
Program Size: Code=24476 RO-data=1000 RW-data=352 ZI-data=1632  
FromELF: creating hex file...
"..\obj\micromouse_test.axf" - 0 Error(s), 1 Warning(s).
Load "..\\obj\\micromouse_test.AXF" 
Erase Done.
Programming Done.
Application running ...
Build target 'Target 1'
compiling main.c...
compiling stm32f4xx_it.c...
compiling pwm.c...
compiling adc.c...
compiling test.c...
compiling speedProfile.c...
..\user_Libraries\src\speedProfile.c(116): warning:  #177-D: variable "sensorFeedback" was declared but never referenced
linking...
Program Size: Code=24476 RO-data=1000 RW-data=352 ZI-data=1632  
FromELF: creating hex file...
"..\obj\micromouse_test.axf" - 0 Error(s), 1 Warning(s).
Build target 'Target 1'
compiling main.c...
compiling stm32f4xx_it.c...
compiling pwm.c...
compiling adc.c...
compiling test.c...
compiling speedProfile.c...
..\user_Libraries\src\speedProfile.c(116): warning:  #177-D: variable "sensorFeedback" was declared but never referenced
linking...
Program Size: Code=24476 RO-data=1000 RW-data=352 ZI-data=1632  
FromELF: creating hex file...
"..\obj\micromouse_test.axf" - 0 Error(s), 1 Warning(s).
Load "..\\obj\\micromouse_test.AXF" 
Erase Done.
Programming Done.
Application running ...
Build target 'Target 1'
compiling main.c...
compiling stm32f4xx_it.c...
compiling pwm.c...
compiling adc.c...
compiling test.c...
compiling speedProfile.c...
..\user_Libraries\src\speedProfile.c(116): warning:  #177-D: variable "sensorFeedback" was declared but never referenced
linking...
Program Size: Code=24476 RO-data=1000 RW-data=352 ZI-data=1632  
FromELF: creating hex file...
"..\obj\micromouse_test.axf" - 0 Error(s), 1 Warning(s).
Build target 'Target 1'
compiling main.c...
compiling stm32f4xx_it.c...
compiling pwm.c...
compiling adc.c...
compiling test.c...
compiling speedProfile.c...
..\user_Libraries\src\speedProfile.c(116): warning:  #177-D: variable "sensorFeedback" was declared but never referenced
linking...
Program Size: Code=24476 RO-data=1000 RW-data=352 ZI-data=1632  
FromELF: creating hex file...
"..\obj\micromouse_test.axf" - 0 Error(s), 1 Warning(s).
Load "..\\obj\\micromouse_test.AXF" 
Erase Done.
Programming Done.
Application running ...
Build target 'Target 1'
compiling main.c...
compiling stm32f4xx_it.c...
compiling adc.c...
compiling test.c...
compiling turn.c...
..\user_Libraries\src\turn.c(14): warning:  #1035-D: single-precision operand implicitly converted to double-precision
compiling speedProfile.c...
..\user_Libraries\src\speedProfile.c(116): warning:  #177-D: variable "sensorFeedback" was declared but never referenced
..\user_Libraries\src\speedProfile.c(168): warning:  #223-D: function "dist_counts_to_mm" declared implicitly
..\user_Libraries\src\speedProfile.c(212): error:  #159: declaration is incompatible with previous "dist_counts_to_mm" (declared at line 168)
..\user_Libraries\src\speedProfile.c(235): error:  #147: declaration is incompatible with "float abs(float)" (declared at line 16 of "..\user_Libraries\inc\speedProfile.h")
Target not created
Build target 'Target 1'
compiling main.c...
compiling stm32f4xx_it.c...
compiling adc.c...
compiling test.c...
compiling turn.c...
..\user_Libraries\src\turn.c(14): warning:  #1035-D: single-precision operand implicitly converted to double-precision
compiling speedProfile.c...
..\user_Libraries\src\speedProfile.c(116): warning:  #177-D: variable "sensorFeedback" was declared but never referenced
..\user_Libraries\src\speedProfile.c(212): error:  #147-D: declaration is incompatible with "float dist_counts_to_mm(float)" (declared at line 12 of "..\user_Libraries\inc\speedProfile.h")
..\user_Libraries\src\speedProfile.c(235): error:  #147: declaration is incompatible with "float abs(float)" (declared at line 17 of "..\user_Libraries\inc\speedProfile.h")
Target not created
Build target 'Target 1'
compiling speedProfile.c...
..\user_Libraries\src\speedProfile.c(116): warning:  #177-D: variable "sensorFeedback" was declared but never referenced
linking...
Program Size: Code=24532 RO-data=1000 RW-data=352 ZI-data=1632  
FromELF: creating hex file...
"..\obj\micromouse_test.axf" - 0 Error(s), 1 Warning(s).
Load "..\\obj\\micromouse_test.AXF" 
Build target 'Target 1'
linking...
Program Size: Code=24532 RO-data=1000 RW-data=352 ZI-data=1632  
FromELF: creating hex file...
"..\obj\micromouse_test.axf" - 0 Error(s), 0 Warning(s).
Load "..\\obj\\micromouse_test.AXF" 
Erase Done.
Programming Done.
Application running ...
Build target 'Target 1'
compiling main.c...
compiling stm32f4xx_it.c...
compiling pwm.c...
compiling adc.c...
compiling test.c...
compiling speedProfile.c...
..\user_Libraries\src\speedProfile.c(116): warning:  #177-D: variable "sensorFeedback" was declared but never referenced
linking...
Program Size: Code=24532 RO-data=1000 RW-data=352 ZI-data=1632  
FromELF: creating hex file...
"..\obj\micromouse_test.axf" - 0 Error(s), 1 Warning(s).
Load "..\\obj\\micromouse_test.AXF" 
Erase Done.
Programming Done.
Application running ...
Build target 'Target 1'
compiling main.c...
compiling stm32f4xx_it.c...
compiling pwm.c...
compiling adc.c...
compiling test.c...
compiling speedProfile.c...
..\user_Libraries\src\speedProfile.c(116): warning:  #177-D: variable "sensorFeedback" was declared but never referenced
linking...
Program Size: Code=24532 RO-data=1000 RW-data=352 ZI-data=1632  
FromELF: creating hex file...
"..\obj\micromouse_test.axf" - 0 Error(s), 1 Warning(s).
Load "..\\obj\\micromouse_test.AXF" 
Erase Done.
Programming Done.
Application running ...
Build target 'Target 1'
compiling main.c...
compiling stm32f4xx_it.c...
compiling pwm.c...
compiling adc.c...
compiling test.c...
compiling speedProfile.c...
..\user_Libraries\src\speedProfile.c(116): warning:  #177-D: variable "sensorFeedback" was declared but never referenced
linking...
Program Size: Code=24528 RO-data=1000 RW-data=352 ZI-data=1632  
FromELF: creating hex file...
"..\obj\micromouse_test.axf" - 0 Error(s), 1 Warning(s).
Load "..\\obj\\micromouse_test.AXF" 
Load "..\\obj\\micromouse_test.AXF" 
Erase Done.
Programming Done.
Application running ...
Build target 'Target 1'
compiling speedProfile.c...
..\user_Libraries\src\speedProfile.c(116): warning:  #177-D: variable "sensorFeedback" was declared but never referenced
linking...
Program Size: Code=24528 RO-data=1000 RW-data=352 ZI-data=1632  
FromELF: creating hex file...
"..\obj\micromouse_test.axf" - 0 Error(s), 1 Warning(s).
Load "..\\obj\\micromouse_test.AXF" 
Build target 'Target 1'
linking...
Program Size: Code=24528 RO-data=1000 RW-data=352 ZI-data=1632  
FromELF: creating hex file...
"..\obj\micromouse_test.axf" - 0 Error(s), 0 Warning(s).
Load "..\\obj\\micromouse_test.AXF" 
Load "..\\obj\\micromouse_test.AXF" 
Erase Done.
Programming Done.
Application running ...
Build target 'Target 1'
compiling speedProfile.c...
..\user_Libraries\src\speedProfile.c(116): warning:  #177-D: variable "sensorFeedback" was declared but never referenced
linking...
Program Size: Code=24532 RO-data=1000 RW-data=352 ZI-data=1632  
FromELF: creating hex file...
"..\obj\micromouse_test.axf" - 0 Error(s), 1 Warning(s).
Load "..\\obj\\micromouse_test.AXF" 
Erase Done.
Programming Done.
Application running ...
Build target 'Target 1'
compiling main.c...
..\user\main.c(158): error:  #20: identifier "targetSpeed" is undefined
Target not created
Load "..\\obj\\micromouse_test.AXF" 
_____^
*** error 56: cannot open file
Build target 'Target 1'
compiling main.c...
..\user\main.c(158): error:  #20: identifier "targetSpeed" is undefined
Target not created
Load "..\\obj\\micromouse_test.AXF" 
_____^
*** error 56: cannot open file
Load "..\\obj\\micromouse_test.AXF" 
_____^
*** error 56: cannot open file
Build target 'Target 1'
compiling main.c...
..\user\main.c(158): error:  #20: identifier "targetSpeed" is undefined
Target not created
Load "..\\obj\\micromouse_test.AXF" 
_____^
*** error 56: cannot open file
Load "..\\obj\\micromouse_test.AXF" 
_____^
*** error 56: cannot open file
Build target 'Target 1'
compiling main.c...
linking...
Program Size: Code=24536 RO-data=1000 RW-data=352 ZI-data=1632  
FromELF: creating hex file...
"..\obj\micromouse_test.axf" - 0 Error(s), 0 Warning(s).
Load "..\\obj\\micromouse_test.AXF" 
Erase Done.
Programming Done.
Application running ...
Build target 'Target 1'
compiling speedProfile.c...
..\user_Libraries\src\speedProfile.c(145): error:  #20: identifier "useIRSensor" is undefined
..\user_Libraries\src\speedProfile.c(147): error:  #65: expected a ";"
..\user_Libraries\src\speedProfile.c(116): warning:  #550-D: variable "sensorFeedback" was set but never used
..\user_Libraries\src\speedProfile.c(277): warning:  #1-D: last line of file ends without a newline
Target not created
Build target 'Target 1'
compiling speedProfile.c...
..\user_Libraries\src\speedProfile.c(145): error:  #20: identifier "useIRSensor" is undefined
..\user_Libraries\src\speedProfile.c(116): warning:  #177-D: variable "sensorFeedback" was declared but never referenced
..\user_Libraries\src\speedProfile.c(277): warning:  #1-D: last line of file ends without a newline
Target not created
Build target 'Target 1'
compiling speedProfile.c...
..\user_Libraries\src\speedProfile.c(146): error:  #20: identifier "useIRSensor" is undefined
..\user_Libraries\src\speedProfile.c(117): warning:  #177-D: variable "sensorFeedback" was declared but never referenced
..\user_Libraries\src\speedProfile.c(278): warning:  #1-D: last line of file ends without a newline
Target not created
Build target 'Target 1'
compiling speedProfile.c...
..\user_Libraries\src\speedProfile.c(117): warning:  #177-D: variable "sensorFeedback" was declared but never referenced
..\user_Libraries\src\speedProfile.c(278): warning:  #1-D: last line of file ends without a newline
linking...
..\obj\micromouse_test.axf: Error: L6218E: Undefined symbol getSensorError (referred from speedprofile.o).
Target not created
Build target 'Target 1'
compiling speedProfile.c...
..\user_Libraries\src\speedProfile.c(117): warning:  #177-D: variable "sensorFeedback" was declared but never referenced
linking...
Program Size: Code=24680 RO-data=1000 RW-data=356 ZI-data=1636  
FromELF: creating hex file...
"..\obj\micromouse_test.axf" - 0 Error(s), 1 Warning(s).
Load "..\\obj\\micromouse_test.AXF" 
Build target 'Target 1'
linking...
Program Size: Code=24680 RO-data=1000 RW-data=356 ZI-data=1636  
FromELF: creating hex file...
"..\obj\micromouse_test.axf" - 0 Error(s), 0 Warning(s).
