<html>
<body>
<pre>
<h1>µVision Build Log</h1>
<h2>Project:</h2>
C:\Keil_v4\Projects\T1\FuturaProject\project\micromouse_test.uvproj
Project File Date:  02/14/2016

<h2>Output:</h2>
Load "..\\obj\\micromouse_test.AXF" 
Erase Done.
Programming Done.
Application running ...
Build target 'Target 1'
compiling main.c...
linking...
..\obj\micromouse_test.axf: Error: L6218E: Undefined symbol alignFrontWall (referred from main.o).
Target not created
Load "..\\obj\\micromouse_test.AXF" 
_____^
*** error 56: cannot open file
Build target 'Target 1'
compiling main.c...
linking...
..\obj\micromouse_test.axf: Error: L6218E: Undefined symbol alignFrontWall (referred from main.o).
Target not created
Build target 'Target 1'
compiling main.c...
compiling align.c...
linking...
Program Size: Code=17264 RO-data=812 RW-data=208 ZI-data=1696  
FromELF: creating hex file...
"..\obj\micromouse_test.axf" - 0 Error(s), 0 Warning(s).
Load "..\\obj\\micromouse_test.AXF" 
Erase Done.
Programming Done.
Application running ...
Build target 'Target 1'
compiling main.c...
linking...
Program Size: Code=17264 RO-data=812 RW-data=208 ZI-data=1696  
FromELF: creating hex file...
"..\obj\micromouse_test.axf" - 0 Error(s), 0 Warning(s).
Build target 'Target 1'
compiling main.c...
linking...
Program Size: Code=17264 RO-data=812 RW-data=208 ZI-data=1696  
FromELF: creating hex file...
"..\obj\micromouse_test.axf" - 0 Error(s), 0 Warning(s).
Build target 'Target 1'
compiling main.c...
linking...
Program Size: Code=17264 RO-data=812 RW-data=208 ZI-data=1696  
FromELF: creating hex file...
"..\obj\micromouse_test.axf" - 0 Error(s), 0 Warning(s).
Load "..\\obj\\micromouse_test.AXF" 
Erase Done.
Programming Done.
Application running ...
Build target 'Target 1'
compiling main.c...
linking...
Program Size: Code=17260 RO-data=812 RW-data=208 ZI-data=1696  
FromELF: creating hex file...
"..\obj\micromouse_test.axf" - 0 Error(s), 0 Warning(s).
Load "..\\obj\\micromouse_test.AXF" 
Erase Done.
Programming Done.
Application running ...
Build target 'Target 1'
compiling main.c...
linking...
Program Size: Code=17260 RO-data=812 RW-data=208 ZI-data=1696  
FromELF: creating hex file...
"..\obj\micromouse_test.axf" - 0 Error(s), 0 Warning(s).
Build target 'Target 1'
compiling main.c...
linking...
Program Size: Code=17260 RO-data=812 RW-data=208 ZI-data=1696  
FromELF: creating hex file...
"..\obj\micromouse_test.axf" - 0 Error(s), 0 Warning(s).
Load "..\\obj\\micromouse_test.AXF" 
Erase Done.
Programming Done.
Application running ...
